Archive member included to satisfy reference by file (symbol)

c:/progra~2/gnuarm~1/102020~1/bin/../lib/gcc/arm-none-eabi/10.2.1/thumb/v6-m/nofp\libgcc.a(_dvmd_tls.o)
                              CMakeFiles/main_blinky.dir/C_/Users/aguat/Documents/Pico/pico-sdk/src/rp2_common/pico_divider/divider.S.obj (__aeabi_idiv0)
c:/progra~2/gnuarm~1/102020~1/bin/../lib/gcc/arm-none-eabi/10.2.1/../../../../arm-none-eabi/lib/thumb/v6-m/nofp\libg.a(lib_a-calloc.o)
                              CMakeFiles/main_blinky.dir/C_/Users/aguat/Documents/Pico/pico-sdk/src/rp2_common/pico_malloc/pico_malloc.c.obj (calloc)
c:/progra~2/gnuarm~1/102020~1/bin/../lib/gcc/arm-none-eabi/10.2.1/../../../../arm-none-eabi/lib/thumb/v6-m/nofp\libg.a(lib_a-callocr.o)
                              c:/progra~2/gnuarm~1/102020~1/bin/../lib/gcc/arm-none-eabi/10.2.1/../../../../arm-none-eabi/lib/thumb/v6-m/nofp\libg.a(lib_a-calloc.o) (_calloc_r)
c:/progra~2/gnuarm~1/102020~1/bin/../lib/gcc/arm-none-eabi/10.2.1/../../../../arm-none-eabi/lib/thumb/v6-m/nofp\libg.a(lib_a-impure.o)
                              c:/progra~2/gnuarm~1/102020~1/bin/../lib/gcc/arm-none-eabi/10.2.1/../../../../arm-none-eabi/lib/thumb/v6-m/nofp\libg.a(lib_a-calloc.o) (_impure_ptr)
c:/progra~2/gnuarm~1/102020~1/bin/../lib/gcc/arm-none-eabi/10.2.1/../../../../arm-none-eabi/lib/thumb/v6-m/nofp\libg.a(lib_a-init.o)
                              c:/progra~2/gnuarm~1/102020~1/bin/../lib/gcc/arm-none-eabi/10.2.1/../../../../arm-none-eabi/lib/thumb/v6-m/nofp/crt0.o (__libc_init_array)
c:/progra~2/gnuarm~1/102020~1/bin/../lib/gcc/arm-none-eabi/10.2.1/../../../../arm-none-eabi/lib/thumb/v6-m/nofp\libg.a(lib_a-malloc.o)
                              CMakeFiles/main_blinky.dir/C_/Users/aguat/Documents/Pico/pico-sdk/src/rp2_common/pico_malloc/pico_malloc.c.obj (malloc)
c:/progra~2/gnuarm~1/102020~1/bin/../lib/gcc/arm-none-eabi/10.2.1/../../../../arm-none-eabi/lib/thumb/v6-m/nofp\libg.a(lib_a-mallocr.o)
                              c:/progra~2/gnuarm~1/102020~1/bin/../lib/gcc/arm-none-eabi/10.2.1/../../../../arm-none-eabi/lib/thumb/v6-m/nofp\libg.a(lib_a-callocr.o) (_malloc_r)
c:/progra~2/gnuarm~1/102020~1/bin/../lib/gcc/arm-none-eabi/10.2.1/../../../../arm-none-eabi/lib/thumb/v6-m/nofp\libg.a(lib_a-mlock.o)
                              c:/progra~2/gnuarm~1/102020~1/bin/../lib/gcc/arm-none-eabi/10.2.1/../../../../arm-none-eabi/lib/thumb/v6-m/nofp\libg.a(lib_a-mallocr.o) (__malloc_lock)
c:/progra~2/gnuarm~1/102020~1/bin/../lib/gcc/arm-none-eabi/10.2.1/../../../../arm-none-eabi/lib/thumb/v6-m/nofp\libg.a(lib_a-sbrkr.o)
                              c:/progra~2/gnuarm~1/102020~1/bin/../lib/gcc/arm-none-eabi/10.2.1/../../../../arm-none-eabi/lib/thumb/v6-m/nofp\libg.a(lib_a-mallocr.o) (_sbrk_r)
c:/progra~2/gnuarm~1/102020~1/bin/../lib/gcc/arm-none-eabi/10.2.1/../../../../arm-none-eabi/lib/thumb/v6-m/nofp\libg.a(lib_a-strlen-stub.o)
                              CMakeFiles/main_blinky.dir/C_/Users/aguat/Documents/Pico/pico-sdk/src/rp2_common/pico_stdio/stdio.c.obj (strlen)
c:/progra~2/gnuarm~1/102020~1/bin/../lib/gcc/arm-none-eabi/10.2.1/../../../../arm-none-eabi/lib/thumb/v6-m/nofp\libg.a(lib_a-freer.o)
                              c:/progra~2/gnuarm~1/102020~1/bin/../lib/gcc/arm-none-eabi/10.2.1/../../../../arm-none-eabi/lib/thumb/v6-m/nofp\libg.a(lib_a-malloc.o) (_free_r)
c:/progra~2/gnuarm~1/102020~1/bin/../lib/gcc/arm-none-eabi/10.2.1/../../../../arm-none-eabi/lib/thumb/v6-m/nofp\libg.a(lib_a-lock.o)
                              c:/progra~2/gnuarm~1/102020~1/bin/../lib/gcc/arm-none-eabi/10.2.1/../../../../arm-none-eabi/lib/thumb/v6-m/nofp\libg.a(lib_a-mlock.o) (__retarget_lock_acquire_recursive)
c:/progra~2/gnuarm~1/102020~1/bin/../lib/gcc/arm-none-eabi/10.2.1/../../../../arm-none-eabi/lib/thumb/v6-m/nofp\libg.a(lib_a-reent.o)
                              c:/progra~2/gnuarm~1/102020~1/bin/../lib/gcc/arm-none-eabi/10.2.1/../../../../arm-none-eabi/lib/thumb/v6-m/nofp\libg.a(lib_a-sbrkr.o) (errno)

Discarded input sections

 .text          0x00000000        0x0 c:/progra~2/gnuarm~1/102020~1/bin/../lib/gcc/arm-none-eabi/10.2.1/thumb/v6-m/nofp/crti.o
 .data          0x00000000        0x0 c:/progra~2/gnuarm~1/102020~1/bin/../lib/gcc/arm-none-eabi/10.2.1/thumb/v6-m/nofp/crti.o
 .bss           0x00000000        0x0 c:/progra~2/gnuarm~1/102020~1/bin/../lib/gcc/arm-none-eabi/10.2.1/thumb/v6-m/nofp/crti.o
 .data          0x00000000        0x4 c:/progra~2/gnuarm~1/102020~1/bin/../lib/gcc/arm-none-eabi/10.2.1/thumb/v6-m/nofp/crtbegin.o
 .rodata        0x00000000       0x24 c:/progra~2/gnuarm~1/102020~1/bin/../lib/gcc/arm-none-eabi/10.2.1/thumb/v6-m/nofp/crtbegin.o
 .fini_array    0x00000000        0x4 c:/progra~2/gnuarm~1/102020~1/bin/../lib/gcc/arm-none-eabi/10.2.1/thumb/v6-m/nofp/crtbegin.o
 .text          0x00000000       0x80 c:/progra~2/gnuarm~1/102020~1/bin/../lib/gcc/arm-none-eabi/10.2.1/../../../../arm-none-eabi/lib/thumb/v6-m/nofp/crt0.o
[...]
Memory Configuration

Name             Origin             Length             Attributes
FLASH            0x10000000         0x00200000         xr
RAM              0x20000000         0x00040000         xrw
SCRATCH_X        0x20040000         0x00001000         xrw
SCRATCH_Y        0x20041000         0x00001000         xrw
*default*        0x00000000         0xffffffff

Linker script and memory map

LOAD c:/progra~2/gnuarm~1/102020~1/bin/../lib/gcc/arm-none-eabi/10.2.1/thumb/v6-m/nofp/crti.o
LOAD c:/progra~2/gnuarm~1/102020~1/bin/../lib/gcc/arm-none-eabi/10.2.1/thumb/v6-m/nofp/crtbegin.o
LOAD c:/progra~2/gnuarm~1/102020~1/bin/../lib/gcc/arm-none-eabi/10.2.1/../../../../arm-none-eabi/lib/thumb/v6-m/nofp/crt0.o

.flash_begin    0x10000000        0x0
                0x10000000                __flash_binary_start = .

.boot2          0x10000000      0x100
                0x10000000                __boot2_start__ = .
 *(.boot2)
 .boot2         0x10000000      0x100 C:\Users\aguat\AppData\Local\Temp\ccazQlv3.o
                0x10000100                __boot2_end__ = .
                0x00000001                ASSERT (((__boot2_end__ - __boot2_start__) == 0x100), ERROR: Pico second stage bootloader must be 256 bytes in size)

.text           0x10000100     0x6100
                0x10000100                __logical_binary_start = .
 *(.vectors)
 .vectors       0x10000100       0xd4 CMakeFiles/main_blinky.dir/C_/Users/aguat/Documents/Pico/pico-sdk/src/rp2_common/pico_standard_link/crt0.S.obj
                0x10000100                __VECTOR_TABLE
                0x10000100                __vectors
                0x100001c0                isr_invalid
                0x100001c0                __default_isrs_start
                0x100001c2                isr_nmi
                0x100001c4                isr_hardfault
                0x100001c6                isr_svcall
                0x100001c8                isr_pendsv
                0x100001ca                isr_systick
                0x100001cc                isr_irq23
                0x100001cc                isr_irq18
                0x100001cc                isr_irq11
                0x100001cc                isr_irq28
                0x100001cc                isr_irq19
                0x100001cc                isr_irq0
                0x100001cc                isr_irq6
                0x100001cc                isr_irq5
                0x100001cc                isr_irq12
                0x100001cc                isr_irq22
                0x100001cc                isr_irq31
                0x100001cc                isr_irq17
                0x100001cc                isr_irq27
                0x100001cc                isr_irq30
                0x100001cc                isr_irq2
                0x100001cc                isr_irq10
                0x100001cc                isr_irq8
                0x100001cc                isr_irq24
                0x100001cc                isr_irq1
                0x100001cc                isr_irq7
                0x100001cc                isr_irq21
                0x100001cc                isr_irq20
                0x100001cc                isr_irq15
                0x100001cc                isr_irq25
                0x100001cc                isr_irq13
                0x100001cc                __unhandled_user_irq
                0x100001cc                isr_irq4
                0x100001cc                isr_irq16
                0x100001cc                isr_irq29
                0x100001cc                isr_irq26
                0x100001cc                __default_isrs_end
                0x100001cc                isr_irq3
                0x100001cc                isr_irq14
                0x100001cc                isr_irq9
                0x100001d2                unhandled_user_irq_num_in_r0
 *(.binary_info_header)
 .binary_info_header
                0x100001d4       0x14 CMakeFiles/main_blinky.dir/C_/Users/aguat/Documents/Pico/pico-sdk/src/rp2_common/pico_standard_link/crt0.S.obj
                0x100001e8                __binary_info_header_end = .
 *(.reset)
 .reset         0x100001e8       0xa8 CMakeFiles/main_blinky.dir/C_/Users/aguat/Documents/Pico/pico-sdk/src/rp2_common/pico_standard_link/crt0.S.obj
                0x100001e8                _entry_point
                0x10000266                __get_current_exception
 .reset         0x10000290       0x30 CMakeFiles/main_blinky.dir/C_/Users/aguat/Documents/Pico/pico-sdk/src/rp2_common/pico_standard_link/binary_info.c.obj
 *(.init)
 .init          0x100002c0        0x4 c:/progra~2/gnuarm~1/102020~1/bin/../lib/gcc/arm-none-eabi/10.2.1/thumb/v6-m/nofp/crti.o
                0x100002c0                _init
 *(EXCLUDE_FILE(*libm.a: *libc.a:*lib_a-mem*.o *libgcc.a:) .text*)
 .text          0x100002c4       0x48 c:/progra~2/gnuarm~1/102020~1/bin/../lib/gcc/arm-none-eabi/10.2.1/thumb/v6-m/nofp/crtbegin.o
 .text.prvSetupHardware
                0x1000030c       0x1a CMakeFiles/main_blinky.dir/main.c.obj
 .text.vLaunch  0x10000326        0x8 CMakeFiles/main_blinky.dir/main.c.obj
                0x10000326                vLaunch
 *fill*         0x1000032e        0x2 
 .text.main     0x10000330       0x20 CMakeFiles/main_blinky.dir/main.c.obj
                0x10000330                main
 .text.vApplicationMallocFailedHook
                0x10000350       0x1c CMakeFiles/main_blinky.dir/main.c.obj
                0x10000350                vApplicationMallocFailedHook
 .text.vApplicationStackOverflowHook
                0x1000036c       0x1c CMakeFiles/main_blinky.dir/main.c.obj
                0x1000036c                vApplicationStackOverflowHook
 .text.vApplicationTickHook
                0x10000388        0x2 CMakeFiles/main_blinky.dir/main.c.obj
                0x10000388                vApplicationTickHook
 *fill*         0x1000038a        0x2 
 .text.prvQueueSendTask
                0x1000038c       0x2c CMakeFiles/main_blinky.dir/main_blinky.c.obj
 .text.prvQueueReceiveTask
                0x100003b8       0x2c CMakeFiles/main_blinky.dir/main_blinky.c.obj
 .text.main_blinky
                0x100003e4       0x64 CMakeFiles/main_blinky.dir/main_blinky.c.obj
                0x100003e4                main_blinky
 .text.gpio_set_function
                0x10000448       0x30 CMakeFiles/main_blinky.dir/C_/Users/aguat/Documents/Pico/pico-sdk/src/rp2_common/hardware_gpio/gpio.c.obj
                0x10000448                gpio_set_function
 .text.gpio_init
                0x10000478       0x16 CMakeFiles/main_blinky.dir/C_/Users/aguat/Documents/Pico/pico-sdk/src/rp2_common/hardware_gpio/gpio.c.obj
                0x10000478                gpio_init
 *fill*         0x1000048e        0x2 
 .text.hw_claim_lock
                0x10000490       0x18 CMakeFiles/main_blinky.dir/C_/Users/aguat/Documents/Pico/pico-sdk/src/rp2_common/hardware_claim/claim.c.obj
                0x10000490                hw_claim_lock
 .text.hw_claim_unlock
                0x100004a8       0x14 CMakeFiles/main_blinky.dir/C_/Users/aguat/Documents/Pico/pico-sdk/src/rp2_common/hardware_claim/claim.c.obj
                0x100004a8                hw_claim_unlock
 .text.hw_claim_or_assert
                0x100004bc       0x32 CMakeFiles/main_blinky.dir/C_/Users/aguat/Documents/Pico/pico-sdk/src/rp2_common/hardware_claim/claim.c.obj
                0x100004bc                hw_claim_or_assert
 *fill*         0x100004ee        0x2 
 .text.running_on_fpga
                0x100004f0       0x14 CMakeFiles/main_blinky.dir/C_/Users/aguat/Documents/Pico/pico-sdk/src/rp2_common/pico_platform/platform.c.obj
                0x100004f0                running_on_fpga
 .text.spin_locks_reset
                0x10000504       0x20 CMakeFiles/main_blinky.dir/C_/Users/aguat/Documents/Pico/pico-sdk/src/rp2_common/hardware_sync/sync.c.obj
                0x10000504                spin_locks_reset
 .text.next_striped_spin_lock_num
                0x10000524       0x1c CMakeFiles/main_blinky.dir/C_/Users/aguat/Documents/Pico/pico-sdk/src/rp2_common/hardware_sync/sync.c.obj
                0x10000524                next_striped_spin_lock_num
 .text.uart_set_baudrate
                0x10000540       0x5c CMakeFiles/main_blinky.dir/C_/Users/aguat/Documents/Pico/pico-sdk/src/rp2_common/hardware_uart/uart.c.obj
                0x10000540                uart_set_baudrate
 .text.uart_set_translate_crlf
                0x1000059c       0x28 CMakeFiles/main_blinky.dir/C_/Users/aguat/Documents/Pico/pico-sdk/src/rp2_common/hardware_uart/uart.c.obj
                0x1000059c                uart_set_translate_crlf
 .text.uart_init
                0x100005c4       0x80 CMakeFiles/main_blinky.dir/C_/Users/aguat/Documents/Pico/pico-sdk/src/rp2_common/hardware_uart/uart.c.obj
                0x100005c4                uart_init
 .text.alarm_pool_post_alloc_init
                0x10000644       0x40 CMakeFiles/main_blinky.dir/C_/Users/aguat/Documents/Pico/pico-sdk/src/common/pico_time/time.c.obj
 .text.timer_pool_entry_comparator
                0x10000684       0x7c CMakeFiles/main_blinky.dir/C_/Users/aguat/Documents/Pico/pico-sdk/src/common/pico_time/time.c.obj
                0x10000684                timer_pool_entry_comparator
 .text.ph_add_child_node
                0x10000700       0xa4 CMakeFiles/main_blinky.dir/C_/Users/aguat/Documents/Pico/pico-sdk/src/common/pico_time/time.c.obj
 .text.ph_merge_nodes
                0x100007a4       0x3e CMakeFiles/main_blinky.dir/C_/Users/aguat/Documents/Pico/pico-sdk/src/common/pico_time/time.c.obj
 *fill*         0x100007e2        0x2 
 .text.add_alarm_under_lock
                0x100007e4      0x174 CMakeFiles/main_blinky.dir/C_/Users/aguat/Documents/Pico/pico-sdk/src/common/pico_time/time.c.obj
 .text.alarm_pool_alarm_callback
                0x10000958      0x328 CMakeFiles/main_blinky.dir/C_/Users/aguat/Documents/Pico/pico-sdk/src/common/pico_time/time.c.obj
 .text.alarm_pool_init_default
                0x10000c80       0x38 CMakeFiles/main_blinky.dir/C_/Users/aguat/Documents/Pico/pico-sdk/src/common/pico_time/time.c.obj
                0x10000c80                alarm_pool_init_default
 .text.hardware_alarm_irq_handler
                0x10000cb8       0x8c CMakeFiles/main_blinky.dir/C_/Users/aguat/Documents/Pico/pico-sdk/src/rp2_common/hardware_timer/timer.c.obj
 .text.hardware_alarm_claim
                0x10000d44       0x18 CMakeFiles/main_blinky.dir/C_/Users/aguat/Documents/Pico/pico-sdk/src/rp2_common/hardware_timer/timer.c.obj
                0x10000d44                hardware_alarm_claim
 .text.time_us_64
                0x10000d5c       0x18 CMakeFiles/main_blinky.dir/C_/Users/aguat/Documents/Pico/pico-sdk/src/rp2_common/hardware_timer/timer.c.obj
                0x10000d5c                time_us_64
 .text.hardware_alarm_set_callback
                0x10000d74       0x90 CMakeFiles/main_blinky.dir/C_/Users/aguat/Documents/Pico/pico-sdk/src/rp2_common/hardware_timer/timer.c.obj
                0x10000d74                hardware_alarm_set_callback
 .text.hardware_alarm_set_target
                0x10000e04       0xe8 CMakeFiles/main_blinky.dir/C_/Users/aguat/Documents/Pico/pico-sdk/src/rp2_common/hardware_timer/timer.c.obj
                0x10000e04                hardware_alarm_set_target
 .text.hardware_alarm_cancel
                0x10000eec       0x40 CMakeFiles/main_blinky.dir/C_/Users/aguat/Documents/Pico/pico-sdk/src/rp2_common/hardware_timer/timer.c.obj
                0x10000eec                hardware_alarm_cancel
 .text.lock_init
                0x10000f2c       0x10 CMakeFiles/main_blinky.dir/C_/Users/aguat/Documents/Pico/pico-sdk/src/common/pico_sync/lock_core.c.obj
                0x10000f2c                lock_init
 .text.mutex_init
                0x10000f3c       0x1c CMakeFiles/main_blinky.dir/C_/Users/aguat/Documents/Pico/pico-sdk/src/common/pico_sync/mutex.c.obj
                0x10000f3c                mutex_init
 .text.recursive_mutex_init
                0x10000f58       0x20 CMakeFiles/main_blinky.dir/C_/Users/aguat/Documents/Pico/pico-sdk/src/common/pico_sync/mutex.c.obj
                0x10000f58                recursive_mutex_init
 .text.ph_add_child_node
                0x10000f78       0xa4 CMakeFiles/main_blinky.dir/C_/Users/aguat/Documents/Pico/pico-sdk/src/common/pico_util/pheap.c.obj
 .text.ph_merge_nodes
                0x1000101c       0x3e CMakeFiles/main_blinky.dir/C_/Users/aguat/Documents/Pico/pico-sdk/src/common/pico_util/pheap.c.obj
 *fill*         0x1000105a        0x2 
 .text.ph_clear
                0x1000105c       0x70 CMakeFiles/main_blinky.dir/C_/Users/aguat/Documents/Pico/pico-sdk/src/common/pico_util/pheap.c.obj
                0x1000105c                ph_clear
 .text.ph_post_alloc_init
                0x100010cc        0xe CMakeFiles/main_blinky.dir/C_/Users/aguat/Documents/Pico/pico-sdk/src/common/pico_util/pheap.c.obj
                0x100010cc                ph_post_alloc_init
 *fill*         0x100010da        0x2 
 .text.ph_merge_two_pass
                0x100010dc       0xa8 CMakeFiles/main_blinky.dir/C_/Users/aguat/Documents/Pico/pico-sdk/src/common/pico_util/pheap.c.obj
                0x100010dc                ph_merge_two_pass
 .text.ph_remove_any_head
                0x10001184      0x108 CMakeFiles/main_blinky.dir/C_/Users/aguat/Documents/Pico/pico-sdk/src/common/pico_util/pheap.c.obj
 .text.ph_remove_head
                0x1000128c       0x14 CMakeFiles/main_blinky.dir/C_/Users/aguat/Documents/Pico/pico-sdk/src/common/pico_util/pheap.c.obj
                0x1000128c                ph_remove_head
 .text.ph_remove_and_free_node
                0x100012a0       0xf8 CMakeFiles/main_blinky.dir/C_/Users/aguat/Documents/Pico/pico-sdk/src/common/pico_util/pheap.c.obj
                0x100012a0                ph_remove_and_free_node
 .text._exit    0x10001398        0x4 CMakeFiles/main_blinky.dir/C_/Users/aguat/Documents/Pico/pico-sdk/src/rp2_common/pico_runtime/runtime.c.obj
                0x10001398                _exit
 .text.exit     0x1000139c        0x6 CMakeFiles/main_blinky.dir/C_/Users/aguat/Documents/Pico/pico-sdk/src/rp2_common/pico_runtime/runtime.c.obj
                0x1000139c                exit
 *fill*         0x100013a2        0x2 
 .text.__assert_func
                0x100013a4       0x3c CMakeFiles/main_blinky.dir/C_/Users/aguat/Documents/Pico/pico-sdk/src/rp2_common/pico_runtime/runtime.c.obj
                0x100013a4                __assert_func
 .text.runtime_init
                0x100013e0       0xf8 CMakeFiles/main_blinky.dir/C_/Users/aguat/Documents/Pico/pico-sdk/src/rp2_common/pico_runtime/runtime.c.obj
                0x100013e0                runtime_init
 .text.panic    0x100014d8       0x30 CMakeFiles/main_blinky.dir/C_/Users/aguat/Documents/Pico/pico-sdk/src/rp2_common/pico_runtime/runtime.c.obj
                0x100014d8                panic
 .text.panic_unsupported
                0x10001508        0xc CMakeFiles/main_blinky.dir/C_/Users/aguat/Documents/Pico/pico-sdk/src/rp2_common/pico_runtime/runtime.c.obj
                0x10001508                panic_unsupported
 .text.clock_configure
                0x10001514      0x104 CMakeFiles/main_blinky.dir/C_/Users/aguat/Documents/Pico/pico-sdk/src/rp2_common/hardware_clocks/clocks.c.obj
                0x10001514                clock_configure
 .text.clocks_init
                0x10001618      0x100 CMakeFiles/main_blinky.dir/C_/Users/aguat/Documents/Pico/pico-sdk/src/rp2_common/hardware_clocks/clocks.c.obj
                0x10001618                clocks_init
 .text.clock_get_hz
                0x10001718        0xc CMakeFiles/main_blinky.dir/C_/Users/aguat/Documents/Pico/pico-sdk/src/rp2_common/hardware_clocks/clocks.c.obj
                0x10001718                clock_get_hz
 .text.set_raw_irq_handler_and_unlock
                0x10001724       0x28 CMakeFiles/main_blinky.dir/C_/Users/aguat/Documents/Pico/pico-sdk/src/rp2_common/hardware_irq/irq.c.obj
 .text.make_branch
                0x1000174c       0x34 CMakeFiles/main_blinky.dir/C_/Users/aguat/Documents/Pico/pico-sdk/src/rp2_common/hardware_irq/irq.c.obj
 .text.insert_branch_and_link
                0x10001780       0x40 CMakeFiles/main_blinky.dir/C_/Users/aguat/Documents/Pico/pico-sdk/src/rp2_common/hardware_irq/irq.c.obj
 .text.irq_is_enabled
                0x100017c0       0x18 CMakeFiles/main_blinky.dir/C_/Users/aguat/Documents/Pico/pico-sdk/src/rp2_common/hardware_irq/irq.c.obj
                0x100017c0                irq_is_enabled
 .text.irq_set_mask_enabled
                0x100017d8       0x20 CMakeFiles/main_blinky.dir/C_/Users/aguat/Documents/Pico/pico-sdk/src/rp2_common/hardware_irq/irq.c.obj
                0x100017d8                irq_set_mask_enabled
 .text.irq_set_enabled
                0x100017f8        0xe CMakeFiles/main_blinky.dir/C_/Users/aguat/Documents/Pico/pico-sdk/src/rp2_common/hardware_irq/irq.c.obj
                0x100017f8                irq_set_enabled
 *fill*         0x10001806        0x2 
 .text.irq_get_vtable_handler
                0x10001808       0x10 CMakeFiles/main_blinky.dir/C_/Users/aguat/Documents/Pico/pico-sdk/src/rp2_common/hardware_irq/irq.c.obj
                0x10001808                irq_get_vtable_handler
 .text.irq_set_exclusive_handler
                0x10001818       0x54 CMakeFiles/main_blinky.dir/C_/Users/aguat/Documents/Pico/pico-sdk/src/rp2_common/hardware_irq/irq.c.obj
                0x10001818                irq_set_exclusive_handler
 .text.irq_remove_handler
                0x1000186c      0x1ac CMakeFiles/main_blinky.dir/C_/Users/aguat/Documents/Pico/pico-sdk/src/rp2_common/hardware_irq/irq.c.obj
                0x1000186c                irq_remove_handler
 .text.irq_add_tail_to_free_list
                0x10001a18       0xf0 CMakeFiles/main_blinky.dir/C_/Users/aguat/Documents/Pico/pico-sdk/src/rp2_common/hardware_irq/irq.c.obj
                0x10001a18                irq_add_tail_to_free_list
 .text.irq_init_priorities
                0x10001b08       0x1c CMakeFiles/main_blinky.dir/C_/Users/aguat/Documents/Pico/pico-sdk/src/rp2_common/hardware_irq/irq.c.obj
                0x10001b08                irq_init_priorities
 .text.pll_init
                0x10001b24      0x118 CMakeFiles/main_blinky.dir/C_/Users/aguat/Documents/Pico/pico-sdk/src/rp2_common/hardware_pll/pll.c.obj
                0x10001b24                pll_init
 .text.watchdog_start_tick
                0x10001c3c       0x10 CMakeFiles/main_blinky.dir/C_/Users/aguat/Documents/Pico/pico-sdk/src/rp2_common/hardware_watchdog/watchdog.c.obj
                0x10001c3c                watchdog_start_tick
 .text.xosc_init
                0x10001c4c       0x28 CMakeFiles/main_blinky.dir/C_/Users/aguat/Documents/Pico/pico-sdk/src/rp2_common/hardware_xosc/xosc.c.obj
                0x10001c4c                xosc_init
 .text._out_null
                0x10001c74        0x2 CMakeFiles/main_blinky.dir/C_/Users/aguat/Documents/Pico/pico-sdk/src/rp2_common/pico_printf/printf.c.obj
 .text._out_fct
                0x10001c76        0xe CMakeFiles/main_blinky.dir/C_/Users/aguat/Documents/Pico/pico-sdk/src/rp2_common/pico_printf/printf.c.obj
 .text._atoi    0x10001c84       0x24 CMakeFiles/main_blinky.dir/C_/Users/aguat/Documents/Pico/pico-sdk/src/rp2_common/pico_printf/printf.c.obj
 .text._out_rev
                0x10001ca8       0xae CMakeFiles/main_blinky.dir/C_/Users/aguat/Documents/Pico/pico-sdk/src/rp2_common/pico_printf/printf.c.obj
 .text._ntoa_format
                0x10001d56      0x112 CMakeFiles/main_blinky.dir/C_/Users/aguat/Documents/Pico/pico-sdk/src/rp2_common/pico_printf/printf.c.obj
 .text._ntoa_long
                0x10001e68       0xbc CMakeFiles/main_blinky.dir/C_/Users/aguat/Documents/Pico/pico-sdk/src/rp2_common/pico_printf/printf.c.obj
 .text._ntoa_long_long
                0x10001f24       0xe2 CMakeFiles/main_blinky.dir/C_/Users/aguat/Documents/Pico/pico-sdk/src/rp2_common/pico_printf/printf.c.obj
 *fill*         0x10002006        0x2 
 .text._etoa    0x10002008      0x414 CMakeFiles/main_blinky.dir/C_/Users/aguat/Documents/Pico/pico-sdk/src/rp2_common/pico_printf/printf.c.obj
 .text._ftoa    0x1000241c      0x354 CMakeFiles/main_blinky.dir/C_/Users/aguat/Documents/Pico/pico-sdk/src/rp2_common/pico_printf/printf.c.obj
 .text._vsnprintf
                0x10002770      0x624 CMakeFiles/main_blinky.dir/C_/Users/aguat/Documents/Pico/pico-sdk/src/rp2_common/pico_printf/printf.c.obj
 .text.vfctprintf
                0x10002d94       0x20 CMakeFiles/main_blinky.dir/C_/Users/aguat/Documents/Pico/pico-sdk/src/rp2_common/pico_printf/printf.c.obj
                0x10002d94                vfctprintf
 .text          0x10002db4       0x10 CMakeFiles/main_blinky.dir/C_/Users/aguat/Documents/Pico/pico-sdk/src/rp2_common/pico_bit_ops/bit_ops_aeabi.S.obj
 .text.rom_func_lookup
                0x10002dc4       0x10 CMakeFiles/main_blinky.dir/C_/Users/aguat/Documents/Pico/pico-sdk/src/rp2_common/pico_bootrom/bootrom.c.obj
                0x10002dc4                rom_func_lookup
 .text.rom_data_lookup
                0x10002dd4       0x10 CMakeFiles/main_blinky.dir/C_/Users/aguat/Documents/Pico/pico-sdk/src/rp2_common/pico_bootrom/bootrom.c.obj
                0x10002dd4                rom_data_lookup
 .text.rom_funcs_lookup
                0x10002de4       0x36 CMakeFiles/main_blinky.dir/C_/Users/aguat/Documents/Pico/pico-sdk/src/rp2_common/pico_bootrom/bootrom.c.obj
                0x10002de4                rom_funcs_lookup
 *fill*         0x10002e1a        0x2 
 .text.__wrap___aeabi_idiv
                0x10002e1c       0x50 CMakeFiles/main_blinky.dir/C_/Users/aguat/Documents/Pico/pico-sdk/src/rp2_common/pico_divider/divider.S.obj
                0x10002e1c                __wrap___aeabi_idivmod
                0x10002e1c                divmod_s32s32
                0x10002e1c                div_s32s32
                0x10002e1c                __wrap___aeabi_idiv
                0x10002e24                divmod_s32s32_unsafe
                0x10002e50                divmod_s32s32_savestate
 .text.__wrap___aeabi_uidiv
                0x10002e6c       0x4c CMakeFiles/main_blinky.dir/C_/Users/aguat/Documents/Pico/pico-sdk/src/rp2_common/pico_divider/divider.S.obj
                0x10002e6c                __wrap___aeabi_uidiv
                0x10002e6c                __wrap___aeabi_uidivmod
                0x10002e6c                div_u32u32
                0x10002e6c                divmod_u32u32
                0x10002e74                divmod_u32u32_unsafe
                0x10002e9c                divmod_u32u32_savestate
 .text.__wrap___aeabi_ldiv
                0x10002eb8      0x434 CMakeFiles/main_blinky.dir/C_/Users/aguat/Documents/Pico/pico-sdk/src/rp2_common/pico_divider/divider.S.obj
                0x10002eb8                div_s64s64
                0x10002eb8                divmod_s64s64
                0x10002eb8                __wrap___aeabi_ldivmod
                0x10002ef0                divmod_u64u64
                0x10002ef0                div_u64u64
                0x10002ef0                __wrap___aeabi_uldivmod
                0x10002f00                divmod_u64u64_savestate
                0x10002f28                divmod_s64s64_unsafe
                0x10002fb0                divmod_u64u64_unsafe
 .text.__wrap___aeabi_darithmetic
                0x100032ec       0x80 CMakeFiles/main_blinky.dir/C_/Users/aguat/Documents/Pico/pico-sdk/src/rp2_common/pico_double/double_aeabi.S.obj
                0x100032ec                __wrap___aeabi_drsub
                0x100032f2                __wrap___aeabi_dsub
                0x10003304                __wrap___aeabi_dadd
                0x10003316                __wrap___aeabi_ddiv
                0x10003352                __wrap___aeabi_dmul
 .text.__wrap___aeabi_cdcmple
                0x1000336c       0x6c CMakeFiles/main_blinky.dir/C_/Users/aguat/Documents/Pico/pico-sdk/src/rp2_common/pico_double/double_aeabi.S.obj
                0x1000336c                __wrap___aeabi_cdrcmple
                0x1000337c                __wrap___aeabi_cdcmpeq
                0x1000337c                __wrap___aeabi_cdcmple
 .text.__wrap___aeabi_dcmplt
                0x100033d8        0xc CMakeFiles/main_blinky.dir/C_/Users/aguat/Documents/Pico/pico-sdk/src/rp2_common/pico_double/double_aeabi.S.obj
                0x100033d8                __wrap___aeabi_dcmplt
 .text.__wrap___aeabi_dcmple
                0x100033e4       0x10 CMakeFiles/main_blinky.dir/C_/Users/aguat/Documents/Pico/pico-sdk/src/rp2_common/pico_double/double_aeabi.S.obj
                0x100033e4                __wrap___aeabi_dcmple
 .text.__wrap___aeabi_dcmpge
                0x100033f4       0x10 CMakeFiles/main_blinky.dir/C_/Users/aguat/Documents/Pico/pico-sdk/src/rp2_common/pico_double/double_aeabi.S.obj
                0x100033f4                __wrap___aeabi_dcmpge
 .text.__wrap___aeabi_dcmpgt
                0x10003404        0xa CMakeFiles/main_blinky.dir/C_/Users/aguat/Documents/Pico/pico-sdk/src/rp2_common/pico_double/double_aeabi.S.obj
                0x10003404                __wrap___aeabi_dcmpgt
 .text.__wrap___aeabi_dcmpun
                0x1000340e       0x1c CMakeFiles/main_blinky.dir/C_/Users/aguat/Documents/Pico/pico-sdk/src/rp2_common/pico_double/double_aeabi.S.obj
                0x1000340e                __wrap___aeabi_dcmpun
 *fill*         0x1000342a        0x2 
 .text.__wrap___aeabi_i2d
                0x1000342c       0x38 CMakeFiles/main_blinky.dir/C_/Users/aguat/Documents/Pico/pico-sdk/src/rp2_common/pico_double/double_aeabi.S.obj
                0x1000342c                __wrap___aeabi_ui2d
                0x10003434                __wrap___aeabi_i2d
 .text.__wrap___aeabi_d2iz
                0x10003464       0x48 CMakeFiles/main_blinky.dir/C_/Users/aguat/Documents/Pico/pico-sdk/src/rp2_common/pico_double/double_aeabi.S.obj
                0x10003464                double2int_z
                0x10003464                __wrap___aeabi_d2iz
 .text.__wrap___aeabi_d2uiz
                0x100034ac       0x18 CMakeFiles/main_blinky.dir/C_/Users/aguat/Documents/Pico/pico-sdk/src/rp2_common/pico_double/double_aeabi.S.obj
                0x100034ac                __wrap___aeabi_d2uiz
                0x100034ac                double2uint
 .text.__aeabi_double_init
                0x100034c4       0xc8 CMakeFiles/main_blinky.dir/C_/Users/aguat/Documents/Pico/pico-sdk/src/rp2_common/pico_double/double_init_rom.c.obj
                0x100034c4                __aeabi_double_init
 .text.double_table_shim_on_use_helper
                0x1000358c       0x34 CMakeFiles/main_blinky.dir/C_/Users/aguat/Documents/Pico/pico-sdk/src/rp2_common/pico_double/double_v1_rom_shim.S.obj
                0x1000358c                double_table_shim_on_use_helper
 .text.__wrap___aeabi_dsub
                0x100035c0       0x10 CMakeFiles/main_blinky.dir/C_/Users/aguat/Documents/Pico/pico-sdk/src/rp2_common/pico_double/double_v1_rom_shim.S.obj
                0x100035c0                drsub_shim
                0x100035c6                dsub_shim
 .text.dadd_shim
                0x100035d0      0x15c CMakeFiles/main_blinky.dir/C_/Users/aguat/Documents/Pico/pico-sdk/src/rp2_common/pico_double/double_v1_rom_shim.S.obj
                0x100035d0                dadd_shim
 .text.dmul_shim
                0x1000372c      0x15c CMakeFiles/main_blinky.dir/C_/Users/aguat/Documents/Pico/pico-sdk/src/rp2_common/pico_double/double_v1_rom_shim.S.obj
                0x1000372c                dmul_shim
 .text.ddiv_shim
                0x10003888      0x1b0 CMakeFiles/main_blinky.dir/C_/Users/aguat/Documents/Pico/pico-sdk/src/rp2_common/pico_double/double_v1_rom_shim.S.obj
                0x10003888                ddiv_shim
 .text.double2uint_shim
                0x10003a38        0xe CMakeFiles/main_blinky.dir/C_/Users/aguat/Documents/Pico/pico-sdk/src/rp2_common/pico_double/double_v1_rom_shim.S.obj
                0x10003a38                double2uint_shim
                0x10003a3a                double2ufix_shim
 *fill*         0x10003a46        0x2 
 .text.double2uint64_shim
                0x10003a48       0x70 CMakeFiles/main_blinky.dir/C_/Users/aguat/Documents/Pico/pico-sdk/src/rp2_common/pico_double/double_v1_rom_shim.S.obj
                0x10003a48                double2uint64_shim
                0x10003a4a                double2ufix64_shim
                0x10003a6a                d2fix_a
 .text.dunpacks
                0x10003ab8       0x3c CMakeFiles/main_blinky.dir/C_/Users/aguat/Documents/Pico/pico-sdk/src/rp2_common/pico_double/double_v1_rom_shim.S.obj
                0x10003ab8                dunpacks
 .text.__aeabi_float_init
                0x10003af4       0xfc CMakeFiles/main_blinky.dir/C_/Users/aguat/Documents/Pico/pico-sdk/src/rp2_common/pico_float/float_init_rom.c.obj
                0x10003af4                __aeabi_float_init
 .text.float_table_shim_on_use_helper
                0x10003bf0       0x34 CMakeFiles/main_blinky.dir/C_/Users/aguat/Documents/Pico/pico-sdk/src/rp2_common/pico_float/float_v1_rom_shim.S.obj
                0x10003bf0                float_table_shim_on_use_helper
 .text          0x10003c24       0x10 CMakeFiles/main_blinky.dir/C_/Users/aguat/Documents/Pico/pico-sdk/src/rp2_common/pico_mem_ops/mem_ops_aeabi.S.obj
                0x10003c24                __aeabi_mem_init
 .text.memset   0x10003c34        0xc CMakeFiles/main_blinky.dir/C_/Users/aguat/Documents/Pico/pico-sdk/src/rp2_common/pico_mem_ops/mem_ops_aeabi.S.obj
                0x10003c34                __wrap_memset
 .text.memcpy   0x10003c40        0xc CMakeFiles/main_blinky.dir/C_/Users/aguat/Documents/Pico/pico-sdk/src/rp2_common/pico_mem_ops/mem_ops_aeabi.S.obj
                0x10003c40                __wrap_memcpy
                0x10003c40                __wrap___aeabi_memcpy
 .text.stdio_out_chars_no_crlf
                0x10003c4c        0xe CMakeFiles/main_blinky.dir/C_/Users/aguat/Documents/Pico/pico-sdk/src/rp2_common/pico_stdio/stdio.c.obj
 *fill*         0x10003c5a        0x2 
 .text.stdio_out_chars_crlf
                0x10003c5c       0x80 CMakeFiles/main_blinky.dir/C_/Users/aguat/Documents/Pico/pico-sdk/src/rp2_common/pico_stdio/stdio.c.obj
 .text.stdio_stack_buffer_flush
                0x10003cdc       0x44 CMakeFiles/main_blinky.dir/C_/Users/aguat/Documents/Pico/pico-sdk/src/rp2_common/pico_stdio/stdio.c.obj
 .text.stdio_buffered_printer
                0x10003d20       0x20 CMakeFiles/main_blinky.dir/C_/Users/aguat/Documents/Pico/pico-sdk/src/rp2_common/pico_stdio/stdio.c.obj
 .text.stdout_serialize_begin
                0x10003d40       0x2c CMakeFiles/main_blinky.dir/C_/Users/aguat/Documents/Pico/pico-sdk/src/rp2_common/pico_stdio/stdio.c.obj
                0x10003d40                stdout_serialize_begin
 .text.stdout_serialize_end
                0x10003d6c       0x10 CMakeFiles/main_blinky.dir/C_/Users/aguat/Documents/Pico/pico-sdk/src/rp2_common/pico_stdio/stdio.c.obj
                0x10003d6c                stdout_serialize_end
 .text.stdio_put_string
                0x10003d7c       0x98 CMakeFiles/main_blinky.dir/C_/Users/aguat/Documents/Pico/pico-sdk/src/rp2_common/pico_stdio/stdio.c.obj
 .text.stdio_set_driver_enabled
                0x10003e14       0x38 CMakeFiles/main_blinky.dir/C_/Users/aguat/Documents/Pico/pico-sdk/src/rp2_common/pico_stdio/stdio.c.obj
                0x10003e14                stdio_set_driver_enabled
 .text.stdio_flush
                0x10003e4c       0x20 CMakeFiles/main_blinky.dir/C_/Users/aguat/Documents/Pico/pico-sdk/src/rp2_common/pico_stdio/stdio.c.obj
                0x10003e4c                stdio_flush
 .text.__wrap_puts
                0x10003e6c       0x1e CMakeFiles/main_blinky.dir/C_/Users/aguat/Documents/Pico/pico-sdk/src/rp2_common/pico_stdio/stdio.c.obj
                0x10003e6c                __wrap_puts
 *fill*         0x10003e8a        0x2 
 .text.__wrap_vprintf
                0x10003e8c       0x44 CMakeFiles/main_blinky.dir/C_/Users/aguat/Documents/Pico/pico-sdk/src/rp2_common/pico_stdio/stdio.c.obj
                0x10003e8c                __wrap_vprintf
 .text.__wrap_printf
                0x10003ed0       0x18 CMakeFiles/main_blinky.dir/C_/Users/aguat/Documents/Pico/pico-sdk/src/rp2_common/pico_stdio/stdio.c.obj
                0x10003ed0                __wrap_printf
 .text.stdio_init_all
                0x10003ee8        0x8 CMakeFiles/main_blinky.dir/C_/Users/aguat/Documents/Pico/pico-sdk/src/rp2_common/pico_stdio/stdio.c.obj
                0x10003ee8                stdio_init_all
 .text.stdio_uart_out_chars
                0x10003ef0       0x74 CMakeFiles/main_blinky.dir/C_/Users/aguat/Documents/Pico/pico-sdk/src/rp2_common/pico_stdio_uart/stdio_uart.c.obj
 .text.stdio_uart_in_chars
                0x10003f64       0x58 CMakeFiles/main_blinky.dir/C_/Users/aguat/Documents/Pico/pico-sdk/src/rp2_common/pico_stdio_uart/stdio_uart.c.obj
                0x10003f64                stdio_uart_in_chars
 .text.stdio_uart_init_full
                0x10003fbc       0x3c CMakeFiles/main_blinky.dir/C_/Users/aguat/Documents/Pico/pico-sdk/src/rp2_common/pico_stdio_uart/stdio_uart.c.obj
                0x10003fbc                stdio_uart_init_full
 .text.stdio_uart_init
                0x10003ff8       0x28 CMakeFiles/main_blinky.dir/C_/Users/aguat/Documents/Pico/pico-sdk/src/rp2_common/pico_stdio_uart/stdio_uart.c.obj
                0x10003ff8                stdio_uart_init
 .text.vPortSVCHandler
                0x10004020        0x2 CMakeFiles/main_blinky.dir/C_/Users/aguat/Documents/GitHub/FreeRTOS-Kernel/portable/ThirdParty/GCC/RP2040/port.c.obj
                0x10004020                vPortSVCHandler
 *fill*         0x10004022        0x2 
 .text.vPortStartFirstTask
                0x10004024       0x28 CMakeFiles/main_blinky.dir/C_/Users/aguat/Documents/GitHub/FreeRTOS-Kernel/portable/ThirdParty/GCC/RP2040/port.c.obj
 .text.xPortPendSVHandler
                0x1000404c       0x60 CMakeFiles/main_blinky.dir/C_/Users/aguat/Documents/GitHub/FreeRTOS-Kernel/portable/ThirdParty/GCC/RP2040/port.c.obj
                0x1000404c                xPortPendSVHandler
 .text.prvTaskExitError
                0x100040ac        0x6 CMakeFiles/main_blinky.dir/C_/Users/aguat/Documents/GitHub/FreeRTOS-Kernel/portable/ThirdParty/GCC/RP2040/port.c.obj
 *fill*         0x100040b2        0x2 
 .text.pxPortInitialiseStack
                0x100040b4       0x20 CMakeFiles/main_blinky.dir/C_/Users/aguat/Documents/GitHub/FreeRTOS-Kernel/portable/ThirdParty/GCC/RP2040/port.c.obj
                0x100040b4                pxPortInitialiseStack
 .text.vPortYield
                0x100040d4       0x40 CMakeFiles/main_blinky.dir/C_/Users/aguat/Documents/GitHub/FreeRTOS-Kernel/portable/ThirdParty/GCC/RP2040/port.c.obj
                0x100040d4                vPortYield
 .text.vPortEnterCritical
                0x10004114       0x18 CMakeFiles/main_blinky.dir/C_/Users/aguat/Documents/GitHub/FreeRTOS-Kernel/portable/ThirdParty/GCC/RP2040/port.c.obj
                0x10004114                vPortEnterCritical
 .text.vPortEnableInterrupts
                0x1000412c       0x28 CMakeFiles/main_blinky.dir/C_/Users/aguat/Documents/GitHub/FreeRTOS-Kernel/portable/ThirdParty/GCC/RP2040/port.c.obj
                0x1000412c                vPortEnableInterrupts
 .text.vPortExitCritical
                0x10004154       0x3c CMakeFiles/main_blinky.dir/C_/Users/aguat/Documents/GitHub/FreeRTOS-Kernel/portable/ThirdParty/GCC/RP2040/port.c.obj
                0x10004154                vPortExitCritical
 .text.ulSetInterruptMaskFromISR
                0x10004190        0x8 CMakeFiles/main_blinky.dir/C_/Users/aguat/Documents/GitHub/FreeRTOS-Kernel/portable/ThirdParty/GCC/RP2040/port.c.obj
                0x10004190                ulSetInterruptMaskFromISR
 .text.vClearInterruptMaskFromISR
                0x10004198        0x6 CMakeFiles/main_blinky.dir/C_/Users/aguat/Documents/GitHub/FreeRTOS-Kernel/portable/ThirdParty/GCC/RP2040/port.c.obj
                0x10004198                vClearInterruptMaskFromISR
 *fill*         0x1000419e        0x2 
 .text.xPortSysTickHandler
                0x100041a0       0x24 CMakeFiles/main_blinky.dir/C_/Users/aguat/Documents/GitHub/FreeRTOS-Kernel/portable/ThirdParty/GCC/RP2040/port.c.obj
                0x100041a0                xPortSysTickHandler
 .text.vPortSetupTimerInterrupt
                0x100041c4       0x34 CMakeFiles/main_blinky.dir/C_/Users/aguat/Documents/GitHub/FreeRTOS-Kernel/portable/ThirdParty/GCC/RP2040/port.c.obj
                0x100041c4                vPortSetupTimerInterrupt
 .text.xPortStartScheduler
                0x100041f8       0x70 CMakeFiles/main_blinky.dir/C_/Users/aguat/Documents/GitHub/FreeRTOS-Kernel/portable/ThirdParty/GCC/RP2040/port.c.obj
                0x100041f8                xPortStartScheduler
 .text.ulPortLockGetCurrentOwnerId
                0x10004268       0x30 CMakeFiles/main_blinky.dir/C_/Users/aguat/Documents/GitHub/FreeRTOS-Kernel/portable/ThirdParty/GCC/RP2040/port.c.obj
                0x10004268                ulPortLockGetCurrentOwnerId
 .text.vPortLockInternalSpinUnlockWithWait
                0x10004298       0xd8 CMakeFiles/main_blinky.dir/C_/Users/aguat/Documents/GitHub/FreeRTOS-Kernel/portable/ThirdParty/GCC/RP2040/port.c.obj
                0x10004298                vPortLockInternalSpinUnlockWithWait
 .text.vPortLockInternalSpinUnlockWithNotify
                0x10004370       0x88 CMakeFiles/main_blinky.dir/C_/Users/aguat/Documents/GitHub/FreeRTOS-Kernel/portable/ThirdParty/GCC/RP2040/port.c.obj
                0x10004370                vPortLockInternalSpinUnlockWithNotify
 .text.prvRuntimeInitializer
                0x100043f8       0x10 CMakeFiles/main_blinky.dir/C_/Users/aguat/Documents/GitHub/FreeRTOS-Kernel/portable/ThirdParty/GCC/RP2040/port.c.obj
 .text.prvTestWaitCondition
                0x10004408       0x1e CMakeFiles/main_blinky.dir/C_/Users/aguat/Documents/GitHub/FreeRTOS-Kernel/event_groups.c.obj
 .text.xEventGroupCreate
                0x10004426       0x18 CMakeFiles/main_blinky.dir/C_/Users/aguat/Documents/GitHub/FreeRTOS-Kernel/event_groups.c.obj
                0x10004426                xEventGroupCreate
 *fill*         0x1000443e        0x2 
 .text.xEventGroupWaitBits
                0x10004440      0x124 CMakeFiles/main_blinky.dir/C_/Users/aguat/Documents/GitHub/FreeRTOS-Kernel/event_groups.c.obj
                0x10004440                xEventGroupWaitBits
 .text.xEventGroupSetBits
                0x10004564       0x98 CMakeFiles/main_blinky.dir/C_/Users/aguat/Documents/GitHub/FreeRTOS-Kernel/event_groups.c.obj
                0x10004564                xEventGroupSetBits
 .text.vEventGroupSetBitsCallback
                0x100045fc        0x8 CMakeFiles/main_blinky.dir/C_/Users/aguat/Documents/GitHub/FreeRTOS-Kernel/event_groups.c.obj
                0x100045fc                vEventGroupSetBitsCallback
 .text.xEventGroupSetBitsFromISR
                0x10004604       0x14 CMakeFiles/main_blinky.dir/C_/Users/aguat/Documents/GitHub/FreeRTOS-Kernel/event_groups.c.obj
                0x10004604                xEventGroupSetBitsFromISR
 .text.vListInitialise
                0x10004618       0x16 CMakeFiles/main_blinky.dir/C_/Users/aguat/Documents/GitHub/FreeRTOS-Kernel/list.c.obj
                0x10004618                vListInitialise
 .text.vListInitialiseItem
                0x1000462e        0x6 CMakeFiles/main_blinky.dir/C_/Users/aguat/Documents/GitHub/FreeRTOS-Kernel/list.c.obj
                0x1000462e                vListInitialiseItem
 .text.vListInsert
                0x10004634       0x2e CMakeFiles/main_blinky.dir/C_/Users/aguat/Documents/GitHub/FreeRTOS-Kernel/list.c.obj
                0x10004634                vListInsert
 .text.uxListRemove
                0x10004662       0x26 CMakeFiles/main_blinky.dir/C_/Users/aguat/Documents/GitHub/FreeRTOS-Kernel/list.c.obj
                0x10004662                uxListRemove
 .text.prvIsQueueFull
                0x10004688       0x1e CMakeFiles/main_blinky.dir/C_/Users/aguat/Documents/GitHub/FreeRTOS-Kernel/queue.c.obj
 .text.prvIsQueueEmpty
                0x100046a6       0x1c CMakeFiles/main_blinky.dir/C_/Users/aguat/Documents/GitHub/FreeRTOS-Kernel/queue.c.obj
 .text.prvCopyDataToQueue
                0x100046c2       0x82 CMakeFiles/main_blinky.dir/C_/Users/aguat/Documents/GitHub/FreeRTOS-Kernel/queue.c.obj
 .text.prvNotifyQueueSetContainer
                0x10004744       0xa0 CMakeFiles/main_blinky.dir/C_/Users/aguat/Documents/GitHub/FreeRTOS-Kernel/queue.c.obj
 .text.prvCopyDataFromQueue
                0x100047e4       0x24 CMakeFiles/main_blinky.dir/C_/Users/aguat/Documents/GitHub/FreeRTOS-Kernel/queue.c.obj
 .text.prvUnlockQueue
                0x10004808       0x88 CMakeFiles/main_blinky.dir/C_/Users/aguat/Documents/GitHub/FreeRTOS-Kernel/queue.c.obj
 .text.xQueueGenericReset
                0x10004890       0xd8 CMakeFiles/main_blinky.dir/C_/Users/aguat/Documents/GitHub/FreeRTOS-Kernel/queue.c.obj
                0x10004890                xQueueGenericReset
 .text.prvInitialiseNewQueue
                0x10004968       0x26 CMakeFiles/main_blinky.dir/C_/Users/aguat/Documents/GitHub/FreeRTOS-Kernel/queue.c.obj
 *fill*         0x1000498e        0x2 
 .text.xQueueGenericCreate
                0x10004990       0x8c CMakeFiles/main_blinky.dir/C_/Users/aguat/Documents/GitHub/FreeRTOS-Kernel/queue.c.obj
                0x10004990                xQueueGenericCreate
 .text.xQueueGenericSend
                0x10004a1c      0x190 CMakeFiles/main_blinky.dir/C_/Users/aguat/Documents/GitHub/FreeRTOS-Kernel/queue.c.obj
                0x10004a1c                xQueueGenericSend
 .text.xQueueGenericSendFromISR
                0x10004bac      0x130 CMakeFiles/main_blinky.dir/C_/Users/aguat/Documents/GitHub/FreeRTOS-Kernel/queue.c.obj
                0x10004bac                xQueueGenericSendFromISR
 .text.xQueueReceive
                0x10004cdc      0x150 CMakeFiles/main_blinky.dir/C_/Users/aguat/Documents/GitHub/FreeRTOS-Kernel/queue.c.obj
                0x10004cdc                xQueueReceive
 .text.vQueueAddToRegistry
                0x10004e2c       0x64 CMakeFiles/main_blinky.dir/C_/Users/aguat/Documents/GitHub/FreeRTOS-Kernel/queue.c.obj
                0x10004e2c                vQueueAddToRegistry
 .text.vQueueWaitForMessageRestricted
                0x10004e90       0x50 CMakeFiles/main_blinky.dir/C_/Users/aguat/Documents/GitHub/FreeRTOS-Kernel/queue.c.obj
                0x10004e90                vQueueWaitForMessageRestricted
 .text.prvResetNextTaskUnblockTime
                0x10004ee0       0x2c CMakeFiles/main_blinky.dir/C_/Users/aguat/Documents/GitHub/FreeRTOS-Kernel/tasks.c.obj
 .text.prvDeleteTCB
                0x10004f0c       0x12 CMakeFiles/main_blinky.dir/C_/Users/aguat/Documents/GitHub/FreeRTOS-Kernel/tasks.c.obj
 *fill*         0x10004f1e        0x2 
 .text.prvInitialiseNewTask
                0x10004f20       0xb4 CMakeFiles/main_blinky.dir/C_/Users/aguat/Documents/GitHub/FreeRTOS-Kernel/tasks.c.obj
 .text.prvInitialiseTaskLists
                0x10004fd4       0x68 CMakeFiles/main_blinky.dir/C_/Users/aguat/Documents/GitHub/FreeRTOS-Kernel/tasks.c.obj
 .text.prvAddNewTaskToReadyList
                0x1000503c       0xc4 CMakeFiles/main_blinky.dir/C_/Users/aguat/Documents/GitHub/FreeRTOS-Kernel/tasks.c.obj
 .text.prvCheckTasksWaitingTermination
                0x10005100       0x44 CMakeFiles/main_blinky.dir/C_/Users/aguat/Documents/GitHub/FreeRTOS-Kernel/tasks.c.obj
 .text.prvIdleTask
                0x10005144       0x18 CMakeFiles/main_blinky.dir/C_/Users/aguat/Documents/GitHub/FreeRTOS-Kernel/tasks.c.obj
 .text.prvAddCurrentTaskToDelayedList
                0x1000515c       0x9c CMakeFiles/main_blinky.dir/C_/Users/aguat/Documents/GitHub/FreeRTOS-Kernel/tasks.c.obj
 .text.xTaskCreate
                0x100051f8       0x68 CMakeFiles/main_blinky.dir/C_/Users/aguat/Documents/GitHub/FreeRTOS-Kernel/tasks.c.obj
                0x100051f8                xTaskCreate
 .text.vTaskStartScheduler
                0x10005260       0x88 CMakeFiles/main_blinky.dir/C_/Users/aguat/Documents/GitHub/FreeRTOS-Kernel/tasks.c.obj
                0x10005260                vTaskStartScheduler
 .text.vTaskSuspendAll
                0x100052e8       0x10 CMakeFiles/main_blinky.dir/C_/Users/aguat/Documents/GitHub/FreeRTOS-Kernel/tasks.c.obj
                0x100052e8                vTaskSuspendAll
 .text.xTaskGetTickCount
                0x100052f8        0xc CMakeFiles/main_blinky.dir/C_/Users/aguat/Documents/GitHub/FreeRTOS-Kernel/tasks.c.obj
                0x100052f8                xTaskGetTickCount
 .text.xTaskIncrementTick
                0x10005304      0x198 CMakeFiles/main_blinky.dir/C_/Users/aguat/Documents/GitHub/FreeRTOS-Kernel/tasks.c.obj
                0x10005304                xTaskIncrementTick
 .text.xTaskResumeAll
                0x1000549c      0x15c CMakeFiles/main_blinky.dir/C_/Users/aguat/Documents/GitHub/FreeRTOS-Kernel/tasks.c.obj
                0x1000549c                xTaskResumeAll
 .text.xTaskDelayUntil
                0x100055f8       0xb8 CMakeFiles/main_blinky.dir/C_/Users/aguat/Documents/GitHub/FreeRTOS-Kernel/tasks.c.obj
                0x100055f8                xTaskDelayUntil
 .text.vTaskSwitchContext
                0x100056b0       0xd4 CMakeFiles/main_blinky.dir/C_/Users/aguat/Documents/GitHub/FreeRTOS-Kernel/tasks.c.obj
                0x100056b0                vTaskSwitchContext
 .text.vTaskPlaceOnEventList
                0x10005784       0x3c CMakeFiles/main_blinky.dir/C_/Users/aguat/Documents/GitHub/FreeRTOS-Kernel/tasks.c.obj
                0x10005784                vTaskPlaceOnEventList
 .text.vTaskPlaceOnUnorderedEventList
                0x100057c0       0x80 CMakeFiles/main_blinky.dir/C_/Users/aguat/Documents/GitHub/FreeRTOS-Kernel/tasks.c.obj
                0x100057c0                vTaskPlaceOnUnorderedEventList
 .text.vTaskPlaceOnEventListRestricted
                0x10005840       0x60 CMakeFiles/main_blinky.dir/C_/Users/aguat/Documents/GitHub/FreeRTOS-Kernel/tasks.c.obj
                0x10005840                vTaskPlaceOnEventListRestricted
 .text.xTaskRemoveFromEventList
                0x100058a0      0x100 CMakeFiles/main_blinky.dir/C_/Users/aguat/Documents/GitHub/FreeRTOS-Kernel/tasks.c.obj
                0x100058a0                xTaskRemoveFromEventList
 .text.vTaskRemoveFromUnorderedEventList
                0x100059a0       0xf8 CMakeFiles/main_blinky.dir/C_/Users/aguat/Documents/GitHub/FreeRTOS-Kernel/tasks.c.obj
                0x100059a0                vTaskRemoveFromUnorderedEventList
 .text.vTaskInternalSetTimeOutState
                0x10005a98       0x18 CMakeFiles/main_blinky.dir/C_/Users/aguat/Documents/GitHub/FreeRTOS-Kernel/tasks.c.obj
                0x10005a98                vTaskInternalSetTimeOutState
 .text.xTaskCheckForTimeOut
                0x10005ab0       0xb0 CMakeFiles/main_blinky.dir/C_/Users/aguat/Documents/GitHub/FreeRTOS-Kernel/tasks.c.obj
                0x10005ab0                xTaskCheckForTimeOut
 .text.vTaskMissedYield
                0x10005b60        0xc CMakeFiles/main_blinky.dir/C_/Users/aguat/Documents/GitHub/FreeRTOS-Kernel/tasks.c.obj
                0x10005b60                vTaskMissedYield
 .text.xTaskGetCurrentTaskHandle
                0x10005b6c        0xc CMakeFiles/main_blinky.dir/C_/Users/aguat/Documents/GitHub/FreeRTOS-Kernel/tasks.c.obj
                0x10005b6c                xTaskGetCurrentTaskHandle
 .text.xTaskGetSchedulerState
                0x10005b78       0x24 CMakeFiles/main_blinky.dir/C_/Users/aguat/Documents/GitHub/FreeRTOS-Kernel/tasks.c.obj
                0x10005b78                xTaskGetSchedulerState
 .text.xTaskPriorityDisinherit
                0x10005b9c       0xc0 CMakeFiles/main_blinky.dir/C_/Users/aguat/Documents/GitHub/FreeRTOS-Kernel/tasks.c.obj
                0x10005b9c                xTaskPriorityDisinherit
 .text.uxTaskResetEventItemValue
                0x10005c5c       0x18 CMakeFiles/main_blinky.dir/C_/Users/aguat/Documents/GitHub/FreeRTOS-Kernel/tasks.c.obj
                0x10005c5c                uxTaskResetEventItemValue
 .text.prvGetNextExpireTime
                0x10005c74       0x24 CMakeFiles/main_blinky.dir/C_/Users/aguat/Documents/GitHub/FreeRTOS-Kernel/timers.c.obj
 .text.prvInsertTimerInActiveList
                0x10005c98       0x48 CMakeFiles/main_blinky.dir/C_/Users/aguat/Documents/GitHub/FreeRTOS-Kernel/timers.c.obj
 .text.prvReloadTimer
                0x10005ce0       0x2a CMakeFiles/main_blinky.dir/C_/Users/aguat/Documents/GitHub/FreeRTOS-Kernel/timers.c.obj
 *fill*         0x10005d0a        0x2 
 .text.prvProcessExpiredTimer
                0x10005d0c       0x3c CMakeFiles/main_blinky.dir/C_/Users/aguat/Documents/GitHub/FreeRTOS-Kernel/timers.c.obj
 .text.prvSwitchTimerLists
                0x10005d48       0x30 CMakeFiles/main_blinky.dir/C_/Users/aguat/Documents/GitHub/FreeRTOS-Kernel/timers.c.obj
 .text.prvSampleTimeNow
                0x10005d78       0x2c CMakeFiles/main_blinky.dir/C_/Users/aguat/Documents/GitHub/FreeRTOS-Kernel/timers.c.obj
 .text.prvProcessTimerOrBlockTask
                0x10005da4       0x70 CMakeFiles/main_blinky.dir/C_/Users/aguat/Documents/GitHub/FreeRTOS-Kernel/timers.c.obj
 .text.prvProcessReceivedCommands
                0x10005e14      0x10c CMakeFiles/main_blinky.dir/C_/Users/aguat/Documents/GitHub/FreeRTOS-Kernel/timers.c.obj
 .text.prvTimerTask
                0x10005f20       0x16 CMakeFiles/main_blinky.dir/C_/Users/aguat/Documents/GitHub/FreeRTOS-Kernel/timers.c.obj
 *fill*         0x10005f36        0x2 
 .text.prvCheckForValidListAndQueue
                0x10005f38       0x60 CMakeFiles/main_blinky.dir/C_/Users/aguat/Documents/GitHub/FreeRTOS-Kernel/timers.c.obj
 .text.xTimerCreateTimerTask
                0x10005f98       0x58 CMakeFiles/main_blinky.dir/C_/Users/aguat/Documents/GitHub/FreeRTOS-Kernel/timers.c.obj
                0x10005f98                xTimerCreateTimerTask
 .text.xTimerPendFunctionCallFromISR
                0x10005ff0       0x28 CMakeFiles/main_blinky.dir/C_/Users/aguat/Documents/GitHub/FreeRTOS-Kernel/timers.c.obj
                0x10005ff0                xTimerPendFunctionCallFromISR
 .text.exception_is_compile_time_default
                0x10006018       0x20 CMakeFiles/main_blinky.dir/C_/Users/aguat/Documents/Pico/pico-sdk/src/rp2_common/hardware_exception/exception.c.obj
 .text.set_raw_exception_handler_and_restore_interrupts
                0x10006038       0x18 CMakeFiles/main_blinky.dir/C_/Users/aguat/Documents/Pico/pico-sdk/src/rp2_common/hardware_exception/exception.c.obj
 .text.exception_get_vtable_handler
                0x10006050       0x10 CMakeFiles/main_blinky.dir/C_/Users/aguat/Documents/Pico/pico-sdk/src/rp2_common/hardware_exception/exception.c.obj
                0x10006050                exception_get_vtable_handler
 .text.exception_set_exclusive_handler
                0x10006060       0x44 CMakeFiles/main_blinky.dir/C_/Users/aguat/Documents/Pico/pico-sdk/src/rp2_common/hardware_exception/exception.c.obj
                0x10006060                exception_set_exclusive_handler
 .text.pvPortMalloc
                0x100060a4       0x8c CMakeFiles/main_blinky.dir/C_/Users/aguat/Documents/GitHub/FreeRTOS-Kernel/portable/MemMang/heap_1.c.obj
                0x100060a4                pvPortMalloc
 .text.vPortFree
                0x10006130       0x20 CMakeFiles/main_blinky.dir/C_/Users/aguat/Documents/GitHub/FreeRTOS-Kernel/portable/MemMang/heap_1.c.obj
                0x10006130                vPortFree
 .text.strlen   0x10006150       0x5c c:/progra~2/gnuarm~1/102020~1/bin/../lib/gcc/arm-none-eabi/10.2.1/../../../../arm-none-eabi/lib/thumb/v6-m/nofp\libg.a(lib_a-strlen-stub.o)
                0x10006150                strlen
 *(.fini)
 .fini          0x100061ac        0x4 c:/progra~2/gnuarm~1/102020~1/bin/../lib/gcc/arm-none-eabi/10.2.1/thumb/v6-m/nofp/crti.o
                0x100061ac                _fini
 .fini.__stub   0x100061b0       0x50 linker stubs
 *crtbegin.o(.ctors)
 *crtbegin?.o(.ctors)
 *(EXCLUDE_FILE(*crtend.o *crtend?.o) .ctors)
 *(SORT_BY_NAME(.ctors.*))
 *(.ctors)
 *crtbegin.o(.dtors)
 *crtbegin?.o(.dtors)
 *(EXCLUDE_FILE(*crtend.o *crtend?.o) .dtors)
 *(SORT_BY_NAME(.dtors.*))
 *(.dtors)
 *(.eh_frame*)
 .eh_frame      0x10006200        0x0 c:/progra~2/gnuarm~1/102020~1/bin/../lib/gcc/arm-none-eabi/10.2.1/thumb/v6-m/nofp/crtbegin.o
                0x10006200                . = ALIGN (0x4)

.glue_7         0x10006200        0x0
 .glue_7        0x10006200        0x0 linker stubs

.glue_7t        0x10006200        0x0
 .glue_7t       0x10006200        0x0 linker stubs

.vfp11_veneer   0x10006200        0x0
 .vfp11_veneer  0x10006200        0x0 linker stubs

.v4_bx          0x10006200        0x0
 .v4_bx         0x10006200        0x0 linker stubs

.iplt           0x10006200        0x0
 .iplt          0x10006200        0x0 c:/progra~2/gnuarm~1/102020~1/bin/../lib/gcc/arm-none-eabi/10.2.1/thumb/v6-m/nofp/crtbegin.o

.rodata         0x10006200     0x1994
 *(EXCLUDE_FILE(*libm.a: *libc.a:*lib_a-mem*.o *libgcc.a:) .rodata*)
 .rodata.main.str1.4
                0x10006200       0x1b CMakeFiles/main_blinky.dir/main.c.obj
 *fill*         0x1000621b        0x1 
 .rodata.vApplicationMallocFailedHook.str1.4
                0x1000621c       0x7c CMakeFiles/main_blinky.dir/main.c.obj
 .rodata.__func__.0
                0x10006298       0x1e CMakeFiles/main_blinky.dir/main.c.obj
 *fill*         0x100062b6        0x2 
 .rodata.__func__.1
                0x100062b8       0x1d CMakeFiles/main_blinky.dir/main.c.obj
 *fill*         0x100062d5        0x3 
 .rodata.main_blinky.str1.4
                0x100062d8       0x1f CMakeFiles/main_blinky.dir/main_blinky.c.obj
 *fill*         0x100062f7        0x1 
 .rodata.repeating_timer_callback.str1.4
                0x100062f8       0x57 CMakeFiles/main_blinky.dir/C_/Users/aguat/Documents/Pico/pico-sdk/src/common/pico_time/time.c.obj
 *fill*         0x1000634f        0x1 
 .rodata.alarm_pool_dump_key.str1.4
                0x10006350       0x33 CMakeFiles/main_blinky.dir/C_/Users/aguat/Documents/Pico/pico-sdk/src/common/pico_time/time.c.obj
 *fill*         0x10006383        0x1 
 .rodata.ph_add_child_node.str1.4
                0x10006384       0xa2 CMakeFiles/main_blinky.dir/C_/Users/aguat/Documents/Pico/pico-sdk/src/common/pico_time/time.c.obj
 *fill*         0x10006426        0x2 
 .rodata.add_alarm_under_lock.str1.4
                0x10006428       0x28 CMakeFiles/main_blinky.dir/C_/Users/aguat/Documents/Pico/pico-sdk/src/common/pico_time/time.c.obj
                                 0x2b (size before relaxing)
 .rodata.alarm_pool_alarm_callback.str1.4
                0x10006450       0xf2 CMakeFiles/main_blinky.dir/C_/Users/aguat/Documents/Pico/pico-sdk/src/common/pico_time/time.c.obj
 *fill*         0x10006542        0x2 
 .rodata.__func__.10
                0x10006544       0x15 CMakeFiles/main_blinky.dir/C_/Users/aguat/Documents/Pico/pico-sdk/src/common/pico_time/time.c.obj
 *fill*         0x10006559        0x3 
 .rodata.__func__.11
                0x1000655c       0x1a CMakeFiles/main_blinky.dir/C_/Users/aguat/Documents/Pico/pico-sdk/src/common/pico_time/time.c.obj
 *fill*         0x10006576        0x2 
 .rodata.__func__.12
                0x10006578        0xa CMakeFiles/main_blinky.dir/C_/Users/aguat/Documents/Pico/pico-sdk/src/common/pico_time/time.c.obj
 *fill*         0x10006582        0x2 
 .rodata.__func__.4
                0x10006584       0x12 CMakeFiles/main_blinky.dir/C_/Users/aguat/Documents/Pico/pico-sdk/src/common/pico_time/time.c.obj
 *fill*         0x10006596        0x2 
 .rodata.__func__.5
                0x10006598        0xd CMakeFiles/main_blinky.dir/C_/Users/aguat/Documents/Pico/pico-sdk/src/common/pico_time/time.c.obj
 *fill*         0x100065a5        0x3 
 .rodata.__func__.6
                0x100065a8       0x12 CMakeFiles/main_blinky.dir/C_/Users/aguat/Documents/Pico/pico-sdk/src/common/pico_time/time.c.obj
 *fill*         0x100065ba        0x2 
 .rodata.__func__.7
                0x100065bc        0xf CMakeFiles/main_blinky.dir/C_/Users/aguat/Documents/Pico/pico-sdk/src/common/pico_time/time.c.obj
 *fill*         0x100065cb        0x1 
 .rodata.__func__.8
                0x100065cc        0xc CMakeFiles/main_blinky.dir/C_/Users/aguat/Documents/Pico/pico-sdk/src/common/pico_time/time.c.obj
 .rodata.__func__.9
                0x100065d8       0x15 CMakeFiles/main_blinky.dir/C_/Users/aguat/Documents/Pico/pico-sdk/src/common/pico_time/time.c.obj
 *fill*         0x100065ed        0x3 
 .rodata.hardware_alarm_claim.str1.4
                0x100065f0       0x22 CMakeFiles/main_blinky.dir/C_/Users/aguat/Documents/Pico/pico-sdk/src/rp2_common/hardware_timer/timer.c.obj
 *fill*         0x10006612        0x2 
 .rodata.hardware_alarm_set_target.str1.4
                0x10006614       0x71 CMakeFiles/main_blinky.dir/C_/Users/aguat/Documents/Pico/pico-sdk/src/rp2_common/hardware_timer/timer.c.obj
 *fill*         0x10006685        0x3 
 .rodata.__func__.0
                0x10006688       0x1a CMakeFiles/main_blinky.dir/C_/Users/aguat/Documents/Pico/pico-sdk/src/rp2_common/hardware_timer/timer.c.obj
 *fill*         0x100066a2        0x2 
 .rodata.str1.4
                0x100066a4       0x95 CMakeFiles/main_blinky.dir/C_/Users/aguat/Documents/Pico/pico-sdk/src/common/pico_sync/mutex.c.obj
                                0x105 (size before relaxing)
 *fill*         0x10006739        0x3 
 .rodata.__func__.1
                0x1000673c        0xb CMakeFiles/main_blinky.dir/C_/Users/aguat/Documents/Pico/pico-sdk/src/common/pico_sync/mutex.c.obj
 .rodata.ph_add_child_node.str1.4
                0x10006747       0xa2 CMakeFiles/main_blinky.dir/C_/Users/aguat/Documents/Pico/pico-sdk/src/common/pico_util/pheap.c.obj
 *fill*         0x10006747        0x1 
 .rodata.ph_remove_any_head.str1.4
                0x10006748       0x98 CMakeFiles/main_blinky.dir/C_/Users/aguat/Documents/Pico/pico-sdk/src/common/pico_util/pheap.c.obj
 .rodata.ph_remove_and_free_node.str1.4
                0x100067e0       0x26 CMakeFiles/main_blinky.dir/C_/Users/aguat/Documents/Pico/pico-sdk/src/common/pico_util/pheap.c.obj
 *fill*         0x10006806        0x2 
 .rodata.__func__.0
                0x10006808       0x18 CMakeFiles/main_blinky.dir/C_/Users/aguat/Documents/Pico/pico-sdk/src/common/pico_util/pheap.c.obj
 .rodata.__func__.1
                0x10006820       0x13 CMakeFiles/main_blinky.dir/C_/Users/aguat/Documents/Pico/pico-sdk/src/common/pico_util/pheap.c.obj
 *fill*         0x10006833        0x1 
 .rodata.__func__.2
                0x10006834       0x12 CMakeFiles/main_blinky.dir/C_/Users/aguat/Documents/Pico/pico-sdk/src/common/pico_util/pheap.c.obj
 *fill*         0x10006846        0x2 
 .rodata.__func__.3
                0x10006848        0xc CMakeFiles/main_blinky.dir/C_/Users/aguat/Documents/Pico/pico-sdk/src/common/pico_util/pheap.c.obj
 .rodata.__assert_func.str1.4
                0x10006854       0x3f CMakeFiles/main_blinky.dir/C_/Users/aguat/Documents/Pico/pico-sdk/src/rp2_common/pico_runtime/runtime.c.obj
                                 0x43 (size before relaxing)
 *fill*         0x10006893        0x1 
 .rodata.runtime_init.str1.4
                0x10006894       0x6d CMakeFiles/main_blinky.dir/C_/Users/aguat/Documents/Pico/pico-sdk/src/rp2_common/pico_runtime/runtime.c.obj
 *fill*         0x10006901        0x3 
 .rodata.panic.str1.4
                0x10006904       0x12 CMakeFiles/main_blinky.dir/C_/Users/aguat/Documents/Pico/pico-sdk/src/rp2_common/pico_runtime/runtime.c.obj
 *fill*         0x10006916        0x2 
 .rodata.panic_unsupported.str1.4
                0x10006918        0xe CMakeFiles/main_blinky.dir/C_/Users/aguat/Documents/Pico/pico-sdk/src/rp2_common/pico_runtime/runtime.c.obj
 *fill*         0x10006926        0x2 
 .rodata.__func__.1
                0x10006928        0xd CMakeFiles/main_blinky.dir/C_/Users/aguat/Documents/Pico/pico-sdk/src/rp2_common/pico_runtime/runtime.c.obj
 *fill*         0x10006935        0x3 
 .rodata.clock_configure.str1.4
                0x10006938       0x63 CMakeFiles/main_blinky.dir/C_/Users/aguat/Documents/Pico/pico-sdk/src/rp2_common/hardware_clocks/clocks.c.obj
 *fill*         0x1000699b        0x1 
 .rodata.__func__.1
                0x1000699c       0x10 CMakeFiles/main_blinky.dir/C_/Users/aguat/Documents/Pico/pico-sdk/src/rp2_common/hardware_clocks/clocks.c.obj
 .rodata.make_branch.str1.4
                0x100069ac       0x59 CMakeFiles/main_blinky.dir/C_/Users/aguat/Documents/Pico/pico-sdk/src/rp2_common/hardware_irq/irq.c.obj
 *fill*         0x10006a05        0x3 
 .rodata.irq_set_exclusive_handler.str1.4
                0x10006a08       0x36 CMakeFiles/main_blinky.dir/C_/Users/aguat/Documents/Pico/pico-sdk/src/rp2_common/hardware_irq/irq.c.obj
 *fill*         0x10006a3e        0x2 
 .rodata.irq_add_shared_handler.str1.4
                0x10006a40       0xd9 CMakeFiles/main_blinky.dir/C_/Users/aguat/Documents/Pico/pico-sdk/src/rp2_common/hardware_irq/irq.c.obj
 *fill*         0x10006b19        0x3 
 .rodata.irq_remove_handler.str1.4
                0x10006b1c       0x2a CMakeFiles/main_blinky.dir/C_/Users/aguat/Documents/Pico/pico-sdk/src/rp2_common/hardware_irq/irq.c.obj
 *fill*         0x10006b46        0x2 
 .rodata.irq_add_tail_to_free_list.str1.4
                0x10006b48       0x32 CMakeFiles/main_blinky.dir/C_/Users/aguat/Documents/Pico/pico-sdk/src/rp2_common/hardware_irq/irq.c.obj
                                 0x3a (size before relaxing)
 *fill*         0x10006b7a        0x2 
 .rodata.__func__.0
                0x10006b7c       0x1a CMakeFiles/main_blinky.dir/C_/Users/aguat/Documents/Pico/pico-sdk/src/rp2_common/hardware_irq/irq.c.obj
 *fill*         0x10006b96        0x2 
 .rodata.__func__.1
                0x10006b98       0x17 CMakeFiles/main_blinky.dir/C_/Users/aguat/Documents/Pico/pico-sdk/src/rp2_common/hardware_irq/irq.c.obj
 *fill*         0x10006baf        0x1 
 .rodata.__func__.2
                0x10006bb0       0x13 CMakeFiles/main_blinky.dir/C_/Users/aguat/Documents/Pico/pico-sdk/src/rp2_common/hardware_irq/irq.c.obj
 *fill*         0x10006bc3        0x1 
 .rodata.__func__.3
                0x10006bc4        0xc CMakeFiles/main_blinky.dir/C_/Users/aguat/Documents/Pico/pico-sdk/src/rp2_common/hardware_irq/irq.c.obj
 .rodata.__func__.4
                0x10006bd0        0xf CMakeFiles/main_blinky.dir/C_/Users/aguat/Documents/Pico/pico-sdk/src/rp2_common/hardware_irq/irq.c.obj
 *fill*         0x10006bdf        0x1 
 .rodata.__func__.6
                0x10006be0       0x1a CMakeFiles/main_blinky.dir/C_/Users/aguat/Documents/Pico/pico-sdk/src/rp2_common/hardware_irq/irq.c.obj
 *fill*         0x10006bfa        0x2 
 .rodata.pll_init.str1.4
                0x10006bfc       0xe7 CMakeFiles/main_blinky.dir/C_/Users/aguat/Documents/Pico/pico-sdk/src/rp2_common/hardware_pll/pll.c.obj
 *fill*         0x10006ce3        0x1 
 .rodata.__func__.0
                0x10006ce4        0x9 CMakeFiles/main_blinky.dir/C_/Users/aguat/Documents/Pico/pico-sdk/src/rp2_common/hardware_pll/pll.c.obj
 *fill*         0x10006ced        0x3 
 .rodata._ftoa.str1.4
                0x10006cf0       0x15 CMakeFiles/main_blinky.dir/C_/Users/aguat/Documents/Pico/pico-sdk/src/rp2_common/pico_printf/printf.c.obj
 *fill*         0x10006d05        0x3 
 .rodata._vsnprintf
                0x10006d08      0x1e0 CMakeFiles/main_blinky.dir/C_/Users/aguat/Documents/Pico/pico-sdk/src/rp2_common/pico_printf/printf.c.obj
 .rodata.pow10.0
                0x10006ee8       0x50 CMakeFiles/main_blinky.dir/C_/Users/aguat/Documents/Pico/pico-sdk/src/rp2_common/pico_printf/printf.c.obj
 .rodata.__aeabi_double_init.str1.4
                0x10006f38       0xb4 CMakeFiles/main_blinky.dir/C_/Users/aguat/Documents/Pico/pico-sdk/src/rp2_common/pico_double/double_init_rom.c.obj
 .rodata.__func__.0
                0x10006fec       0x14 CMakeFiles/main_blinky.dir/C_/Users/aguat/Documents/Pico/pico-sdk/src/rp2_common/pico_double/double_init_rom.c.obj
 .rodata.__aeabi_float_init.str1.4
                0x10007000       0x86 CMakeFiles/main_blinky.dir/C_/Users/aguat/Documents/Pico/pico-sdk/src/rp2_common/pico_float/float_init_rom.c.obj
                                 0x8a (size before relaxing)
 *fill*         0x10007086        0x2 
 .rodata.__func__.0
                0x10007088       0x13 CMakeFiles/main_blinky.dir/C_/Users/aguat/Documents/Pico/pico-sdk/src/rp2_common/pico_float/float_init_rom.c.obj
 *fill*         0x1000709b        0x1 
 .rodata.str1.4
                0x1000709c       0x40 CMakeFiles/main_blinky.dir/C_/Users/aguat/Documents/Pico/pico-sdk/src/rp2_common/pico_standard_link/binary_info.c.obj
 .rodata.__bi_44
                0x100070dc        0xc CMakeFiles/main_blinky.dir/C_/Users/aguat/Documents/Pico/pico-sdk/src/rp2_common/pico_standard_link/binary_info.c.obj
 .rodata.__bi_75
                0x100070e8        0xc CMakeFiles/main_blinky.dir/C_/Users/aguat/Documents/Pico/pico-sdk/src/rp2_common/pico_standard_link/binary_info.c.obj
 .rodata.__bi_81
                0x100070f4        0xc CMakeFiles/main_blinky.dir/C_/Users/aguat/Documents/Pico/pico-sdk/src/rp2_common/pico_standard_link/binary_info.c.obj
 .rodata.crlf_str.3
                0x10007100        0x2 CMakeFiles/main_blinky.dir/C_/Users/aguat/Documents/Pico/pico-sdk/src/rp2_common/pico_stdio/stdio.c.obj
 *fill*         0x10007102        0x2 
 .rodata.str1.4
                0x10007104       0x2c CMakeFiles/main_blinky.dir/C_/Users/aguat/Documents/Pico/pico-sdk/src/rp2_common/pico_stdio_uart/stdio_uart.c.obj
 .rodata.__bi_28.4
                0x10007130        0xc CMakeFiles/main_blinky.dir/C_/Users/aguat/Documents/Pico/pico-sdk/src/rp2_common/pico_stdio_uart/stdio_uart.c.obj
 .rodata.__bi_29.5
                0x1000713c        0x8 CMakeFiles/main_blinky.dir/C_/Users/aguat/Documents/Pico/pico-sdk/src/rp2_common/pico_stdio_uart/stdio_uart.c.obj
 .rodata.vPortYield.str1.4
                0x10007144       0x76 CMakeFiles/main_blinky.dir/C_/Users/aguat/Documents/GitHub/FreeRTOS-Kernel/portable/ThirdParty/GCC/RP2040/port.c.obj
 *fill*         0x100071ba        0x2 
 .rodata.vPortExitCritical.str1.4
                0x100071bc       0x12 CMakeFiles/main_blinky.dir/C_/Users/aguat/Documents/GitHub/FreeRTOS-Kernel/portable/ThirdParty/GCC/RP2040/port.c.obj
 *fill*         0x100071ce        0x2 
 .rodata.vPortLockInternalSpinUnlockWithWait.str1.4
                0x100071d0       0x72 CMakeFiles/main_blinky.dir/C_/Users/aguat/Documents/GitHub/FreeRTOS-Kernel/portable/ThirdParty/GCC/RP2040/port.c.obj
 *fill*         0x10007242        0x2 
 .rodata.__func__.2
                0x10007244       0x24 CMakeFiles/main_blinky.dir/C_/Users/aguat/Documents/GitHub/FreeRTOS-Kernel/portable/ThirdParty/GCC/RP2040/port.c.obj
 .rodata.__func__.3
                0x10007268       0x12 CMakeFiles/main_blinky.dir/C_/Users/aguat/Documents/GitHub/FreeRTOS-Kernel/portable/ThirdParty/GCC/RP2040/port.c.obj
 *fill*         0x1000727a        0x2 
 .rodata.__func__.4
                0x1000727c        0xb CMakeFiles/main_blinky.dir/C_/Users/aguat/Documents/GitHub/FreeRTOS-Kernel/portable/ThirdParty/GCC/RP2040/port.c.obj
 *fill*         0x10007287        0x1 
 .rodata.xEventGroupWaitBits.str1.4
                0x10007288       0xdf CMakeFiles/main_blinky.dir/C_/Users/aguat/Documents/GitHub/FreeRTOS-Kernel/event_groups.c.obj
 *fill*         0x10007367        0x1 
 .rodata.xEventGroupSetBits.str1.4
                0x10007368       0x24 CMakeFiles/main_blinky.dir/C_/Users/aguat/Documents/GitHub/FreeRTOS-Kernel/event_groups.c.obj
 .rodata.__func__.1
                0x1000738c       0x13 CMakeFiles/main_blinky.dir/C_/Users/aguat/Documents/GitHub/FreeRTOS-Kernel/event_groups.c.obj
 *fill*         0x1000739f        0x1 
 .rodata.__func__.3
                0x100073a0       0x14 CMakeFiles/main_blinky.dir/C_/Users/aguat/Documents/GitHub/FreeRTOS-Kernel/event_groups.c.obj
 .rodata.prvNotifyQueueSetContainer.str1.4
                0x100073b4       0xb2 CMakeFiles/main_blinky.dir/C_/Users/aguat/Documents/GitHub/FreeRTOS-Kernel/queue.c.obj
 *fill*         0x10007466        0x2 
 .rodata.xQueueGenericReset.str1.4
                0x10007468       0x2c CMakeFiles/main_blinky.dir/C_/Users/aguat/Documents/GitHub/FreeRTOS-Kernel/queue.c.obj
 .rodata.xQueueGenericCreate.str1.4
                0x10007494        0xb CMakeFiles/main_blinky.dir/C_/Users/aguat/Documents/GitHub/FreeRTOS-Kernel/queue.c.obj
 *fill*         0x1000749f        0x1 
 .rodata.xQueueGenericSend.str1.4
                0x100074a0       0xa5 CMakeFiles/main_blinky.dir/C_/Users/aguat/Documents/GitHub/FreeRTOS-Kernel/queue.c.obj
                                 0xfb (size before relaxing)
 *fill*         0x10007545        0x3 
 .rodata.xQueueReceive.str1.4
                0x10007548       0x66 CMakeFiles/main_blinky.dir/C_/Users/aguat/Documents/GitHub/FreeRTOS-Kernel/queue.c.obj
 *fill*         0x100075ae        0x2 
 .rodata.uxQueueMessagesWaiting.str1.4
                0x100075b0        0x7 CMakeFiles/main_blinky.dir/C_/Users/aguat/Documents/GitHub/FreeRTOS-Kernel/queue.c.obj
 *fill*         0x100075b7        0x1 
 .rodata.__func__.13
                0x100075b8        0xe CMakeFiles/main_blinky.dir/C_/Users/aguat/Documents/GitHub/FreeRTOS-Kernel/queue.c.obj
 *fill*         0x100075c6        0x2 
 .rodata.__func__.15
                0x100075c8       0x19 CMakeFiles/main_blinky.dir/C_/Users/aguat/Documents/GitHub/FreeRTOS-Kernel/queue.c.obj
 *fill*         0x100075e1        0x3 
 .rodata.__func__.16
                0x100075e4       0x1b CMakeFiles/main_blinky.dir/C_/Users/aguat/Documents/GitHub/FreeRTOS-Kernel/queue.c.obj
 *fill*         0x100075ff        0x1 
 .rodata.__func__.17
                0x10007600       0x12 CMakeFiles/main_blinky.dir/C_/Users/aguat/Documents/GitHub/FreeRTOS-Kernel/queue.c.obj
 *fill*         0x10007612        0x2 
 .rodata.__func__.2
                0x10007614       0x14 CMakeFiles/main_blinky.dir/C_/Users/aguat/Documents/GitHub/FreeRTOS-Kernel/queue.c.obj
 .rodata.__func__.23
                0x10007628       0x14 CMakeFiles/main_blinky.dir/C_/Users/aguat/Documents/GitHub/FreeRTOS-Kernel/queue.c.obj
 .rodata.__func__.24
                0x1000763c       0x13 CMakeFiles/main_blinky.dir/C_/Users/aguat/Documents/GitHub/FreeRTOS-Kernel/queue.c.obj
 *fill*         0x1000764f        0x1 
 .rodata.prvTaskIsTaskSuspended.str1.4
                0x10007650       0x40 CMakeFiles/main_blinky.dir/C_/Users/aguat/Documents/GitHub/FreeRTOS-Kernel/tasks.c.obj
 .rodata.prvInitialiseNewTask.str1.4
                0x10007690       0x10 CMakeFiles/main_blinky.dir/C_/Users/aguat/Documents/GitHub/FreeRTOS-Kernel/tasks.c.obj
 .rodata.vTaskDelete.str1.4
                0x100076a0       0x1a CMakeFiles/main_blinky.dir/C_/Users/aguat/Documents/GitHub/FreeRTOS-Kernel/tasks.c.obj
 *fill*         0x100076ba        0x2 
 .rodata.vTaskStartScheduler.str1.4
                0x100076bc       0x1a CMakeFiles/main_blinky.dir/C_/Users/aguat/Documents/GitHub/FreeRTOS-Kernel/tasks.c.obj
 *fill*         0x100076d6        0x2 
 .rodata.xTaskIncrementTick.str1.4
                0x100076d8       0x76 CMakeFiles/main_blinky.dir/C_/Users/aguat/Documents/GitHub/FreeRTOS-Kernel/tasks.c.obj
 *fill*         0x1000774e        0x2 
 .rodata.xTaskResumeAll.str1.4
                0x10007750       0x15 CMakeFiles/main_blinky.dir/C_/Users/aguat/Documents/GitHub/FreeRTOS-Kernel/tasks.c.obj
 *fill*         0x10007765        0x3 
 .rodata.xTaskDelayUntil.str1.4
                0x10007768       0x2c CMakeFiles/main_blinky.dir/C_/Users/aguat/Documents/GitHub/FreeRTOS-Kernel/tasks.c.obj
 .rodata.vTaskSwitchContext.str1.4
                0x10007794        0xe CMakeFiles/main_blinky.dir/C_/Users/aguat/Documents/GitHub/FreeRTOS-Kernel/tasks.c.obj
 *fill*         0x100077a2        0x2 
 .rodata.vTaskPlaceOnEventList.str1.4
                0x100077a4        0xc CMakeFiles/main_blinky.dir/C_/Users/aguat/Documents/GitHub/FreeRTOS-Kernel/tasks.c.obj
 .rodata.vTaskPlaceOnUnorderedEventList.str1.4
                0x100077b0       0x1a CMakeFiles/main_blinky.dir/C_/Users/aguat/Documents/GitHub/FreeRTOS-Kernel/tasks.c.obj
 *fill*         0x100077ca        0x2 
 .rodata.xTaskRemoveFromEventList.str1.4
                0x100077cc        0xf CMakeFiles/main_blinky.dir/C_/Users/aguat/Documents/GitHub/FreeRTOS-Kernel/tasks.c.obj
 *fill*         0x100077db        0x1 
 .rodata.vTaskRemoveFromUnorderedEventList.str1.4
                0x100077dc       0x2d CMakeFiles/main_blinky.dir/C_/Users/aguat/Documents/GitHub/FreeRTOS-Kernel/tasks.c.obj
 *fill*         0x10007809        0x3 
 .rodata.vTaskSetTimeOutState.str1.4
                0x1000780c        0xa CMakeFiles/main_blinky.dir/C_/Users/aguat/Documents/GitHub/FreeRTOS-Kernel/tasks.c.obj
 *fill*         0x10007816        0x2 
 .rodata.xTaskCheckForTimeOut.str1.4
                0x10007818        0xe CMakeFiles/main_blinky.dir/C_/Users/aguat/Documents/GitHub/FreeRTOS-Kernel/tasks.c.obj
 *fill*         0x10007826        0x2 
 .rodata.xTaskPriorityDisinherit.str1.4
                0x10007828       0x2d CMakeFiles/main_blinky.dir/C_/Users/aguat/Documents/GitHub/FreeRTOS-Kernel/tasks.c.obj
 *fill*         0x10007855        0x3 
 .rodata.__func__.11
                0x10007858       0x22 CMakeFiles/main_blinky.dir/C_/Users/aguat/Documents/GitHub/FreeRTOS-Kernel/tasks.c.obj
 *fill*         0x1000787a        0x2 
 .rodata.__func__.12
                0x1000787c       0x19 CMakeFiles/main_blinky.dir/C_/Users/aguat/Documents/GitHub/FreeRTOS-Kernel/tasks.c.obj
 *fill*         0x10007895        0x3 
 .rodata.__func__.13
                0x10007898       0x20 CMakeFiles/main_blinky.dir/C_/Users/aguat/Documents/GitHub/FreeRTOS-Kernel/tasks.c.obj
 .rodata.__func__.14
                0x100078b8       0x1f CMakeFiles/main_blinky.dir/C_/Users/aguat/Documents/GitHub/FreeRTOS-Kernel/tasks.c.obj
 *fill*         0x100078d7        0x1 
 .rodata.__func__.15
                0x100078d8       0x16 CMakeFiles/main_blinky.dir/C_/Users/aguat/Documents/GitHub/FreeRTOS-Kernel/tasks.c.obj
 *fill*         0x100078ee        0x2 
 .rodata.__func__.16
                0x100078f0       0x13 CMakeFiles/main_blinky.dir/C_/Users/aguat/Documents/GitHub/FreeRTOS-Kernel/tasks.c.obj
 *fill*         0x10007903        0x1 
 .rodata.__func__.17
                0x10007904       0x13 CMakeFiles/main_blinky.dir/C_/Users/aguat/Documents/GitHub/FreeRTOS-Kernel/tasks.c.obj
 *fill*         0x10007917        0x1 
 .rodata.__func__.23
                0x10007918        0xf CMakeFiles/main_blinky.dir/C_/Users/aguat/Documents/GitHub/FreeRTOS-Kernel/tasks.c.obj
 *fill*         0x10007927        0x1 
 .rodata.__func__.24
                0x10007928       0x14 CMakeFiles/main_blinky.dir/C_/Users/aguat/Documents/GitHub/FreeRTOS-Kernel/tasks.c.obj
 .rodata.__func__.32
                0x1000793c       0x10 CMakeFiles/main_blinky.dir/C_/Users/aguat/Documents/GitHub/FreeRTOS-Kernel/tasks.c.obj
 .rodata.__func__.34
                0x1000794c       0x15 CMakeFiles/main_blinky.dir/C_/Users/aguat/Documents/GitHub/FreeRTOS-Kernel/tasks.c.obj
 *fill*         0x10007961        0x3 
 .rodata.__func__.7
                0x10007964       0x18 CMakeFiles/main_blinky.dir/C_/Users/aguat/Documents/GitHub/FreeRTOS-Kernel/tasks.c.obj
 .rodata.__func__.9
                0x1000797c       0x15 CMakeFiles/main_blinky.dir/C_/Users/aguat/Documents/GitHub/FreeRTOS-Kernel/tasks.c.obj
 *fill*         0x10007991        0x3 
 .rodata.prvProcessReceivedCommands.str1.4
                0x10007994       0x61 CMakeFiles/main_blinky.dir/C_/Users/aguat/Documents/GitHub/FreeRTOS-Kernel/timers.c.obj
 *fill*         0x100079f5        0x3 
 .rodata.prvProcessReceivedCommands
                0x100079f8       0x28 CMakeFiles/main_blinky.dir/C_/Users/aguat/Documents/GitHub/FreeRTOS-Kernel/timers.c.obj
 .rodata.prvCheckForValidListAndQueue.str1.4
                0x10007a20        0x5 CMakeFiles/main_blinky.dir/C_/Users/aguat/Documents/GitHub/FreeRTOS-Kernel/timers.c.obj
 *fill*         0x10007a25        0x3 
 .rodata.xTimerCreateTimerTask.str1.4
                0x10007a28       0x10 CMakeFiles/main_blinky.dir/C_/Users/aguat/Documents/GitHub/FreeRTOS-Kernel/timers.c.obj
 .rodata.__func__.12
                0x10007a38       0x1b CMakeFiles/main_blinky.dir/C_/Users/aguat/Documents/GitHub/FreeRTOS-Kernel/timers.c.obj
 *fill*         0x10007a53        0x1 
 .rodata.__func__.14
                0x10007a54       0x16 CMakeFiles/main_blinky.dir/C_/Users/aguat/Documents/GitHub/FreeRTOS-Kernel/timers.c.obj
 *fill*         0x10007a6a        0x2 
 .rodata.exception_set_exclusive_handler.str1.4
                0x10007a6c       0x99 CMakeFiles/main_blinky.dir/C_/Users/aguat/Documents/Pico/pico-sdk/src/rp2_common/hardware_exception/exception.c.obj
 *fill*         0x10007b05        0x3 
 .rodata.__func__.1
                0x10007b08       0x20 CMakeFiles/main_blinky.dir/C_/Users/aguat/Documents/Pico/pico-sdk/src/rp2_common/hardware_exception/exception.c.obj
 .rodata.vPortFree.str1.4
                0x10007b28       0x5e CMakeFiles/main_blinky.dir/C_/Users/aguat/Documents/GitHub/FreeRTOS-Kernel/portable/MemMang/heap_1.c.obj
 *fill*         0x10007b86        0x2 
 .rodata.__func__.0
                0x10007b88        0xa CMakeFiles/main_blinky.dir/C_/Users/aguat/Documents/GitHub/FreeRTOS-Kernel/portable/MemMang/heap_1.c.obj
                0x10007b94                . = ALIGN (0x4)
 *fill*         0x10007b92        0x2 
 *(SORT_BY_ALIGNMENT(SORT_BY_NAME(.flashdata*)))
                0x10007b94                . = ALIGN (0x4)

.rel.dyn        0x10007b94        0x0
 .rel.iplt      0x10007b94        0x0 c:/progra~2/gnuarm~1/102020~1/bin/../lib/gcc/arm-none-eabi/10.2.1/thumb/v6-m/nofp/crtbegin.o

.ARM.extab
 *(.ARM.extab* .gnu.linkonce.armextab.*)
                0x10007b94                __exidx_start = .

.ARM.exidx
 *(.ARM.exidx* .gnu.linkonce.armexidx.*)
                0x10007b94                __exidx_end = .
                0x10007b94                . = ALIGN (0x4)
                0x10007b94                __binary_info_start = .

.binary_info    0x10007b94       0x24
 *(.binary_info.keep.*)
 .binary_info.keep.__bi_ptr22
                0x10007b94        0x4 CMakeFiles/main_blinky.dir/C_/Users/aguat/Documents/Pico/pico-sdk/src/rp2_common/pico_standard_link/binary_info.c.obj
 .binary_info.keep.__bi_ptr30
                0x10007b98        0x4 CMakeFiles/main_blinky.dir/C_/Users/aguat/Documents/Pico/pico-sdk/src/rp2_common/pico_standard_link/binary_info.c.obj
 .binary_info.keep.__bi_ptr38
                0x10007b9c        0x4 CMakeFiles/main_blinky.dir/C_/Users/aguat/Documents/Pico/pico-sdk/src/rp2_common/pico_standard_link/binary_info.c.obj
 .binary_info.keep.__bi_ptr44
                0x10007ba0        0x4 CMakeFiles/main_blinky.dir/C_/Users/aguat/Documents/Pico/pico-sdk/src/rp2_common/pico_standard_link/binary_info.c.obj
 .binary_info.keep.__bi_ptr50
                0x10007ba4        0x4 CMakeFiles/main_blinky.dir/C_/Users/aguat/Documents/Pico/pico-sdk/src/rp2_common/pico_standard_link/binary_info.c.obj
 .binary_info.keep.__bi_ptr75
                0x10007ba8        0x4 CMakeFiles/main_blinky.dir/C_/Users/aguat/Documents/Pico/pico-sdk/src/rp2_common/pico_standard_link/binary_info.c.obj
 .binary_info.keep.__bi_ptr81
                0x10007bac        0x4 CMakeFiles/main_blinky.dir/C_/Users/aguat/Documents/Pico/pico-sdk/src/rp2_common/pico_standard_link/binary_info.c.obj
 *(.binary_info.*)
 .binary_info.__bi_ptr28
                0x10007bb0        0x4 CMakeFiles/main_blinky.dir/C_/Users/aguat/Documents/Pico/pico-sdk/src/rp2_common/pico_stdio_uart/stdio_uart.c.obj
 .binary_info.__bi_ptr29
                0x10007bb4        0x4 CMakeFiles/main_blinky.dir/C_/Users/aguat/Documents/Pico/pico-sdk/src/rp2_common/pico_stdio_uart/stdio_uart.c.obj
                0x10007bb8                __binary_info_end = .
                0x10007bb8                . = ALIGN (0x4)
                0x10007bb8                __etext = .

.ram_vector_table
                0x20000000       0xc0
 *(.ram_vector_table)
 .ram_vector_table
                0x20000000       0xc0 CMakeFiles/main_blinky.dir/C_/Users/aguat/Documents/Pico/pico-sdk/src/rp2_common/pico_runtime/runtime.c.obj
                0x20000000                ram_vector_table

.data           0x200000c0      0x1e4 load address 0x10007bb8
                0x200000c0                __data_start__ = .
 *(vtable)
 *(.time_critical*)
 .time_critical.mutex_enter_blocking
                0x200000c0       0x3c CMakeFiles/main_blinky.dir/C_/Users/aguat/Documents/Pico/pico-sdk/src/common/pico_sync/mutex.c.obj
                0x200000c0                mutex_enter_blocking
 .time_critical.mutex_try_enter
                0x200000fc       0x42 CMakeFiles/main_blinky.dir/C_/Users/aguat/Documents/Pico/pico-sdk/src/common/pico_sync/mutex.c.obj
                0x200000fc                mutex_try_enter
 *fill*         0x2000013e        0x2 
 .time_critical.mutex_exit
                0x20000140       0x40 CMakeFiles/main_blinky.dir/C_/Users/aguat/Documents/Pico/pico-sdk/src/common/pico_sync/mutex.c.obj
                0x20000140                mutex_exit
 *(.text*)
 .text          0x20000180        0x4 c:/progra~2/gnuarm~1/102020~1/bin/../lib/gcc/arm-none-eabi/10.2.1/thumb/v6-m/nofp\libgcc.a(_dvmd_tls.o)
                0x20000180                __aeabi_idiv0
                0x20000180                __aeabi_ldiv0
 *fill*         0x20000184        0x4 
 .text.__stub   0x20000188       0x40 linker stubs
                0x200001c8                . = ALIGN (0x4)
 *(.rodata*)
                0x200001c8                . = ALIGN (0x4)
 *(.data*)
 .data.striped_spin_lock_num
                0x200001c8        0x1 CMakeFiles/main_blinky.dir/C_/Users/aguat/Documents/Pico/pico-sdk/src/rp2_common/hardware_sync/sync.c.obj
 *fill*         0x200001c9        0x3 
 .data.default_alarm_pool
                0x200001cc       0x18 CMakeFiles/main_blinky.dir/C_/Users/aguat/Documents/Pico/pico-sdk/src/common/pico_time/time.c.obj
 .data.default_alarm_pool_heap
                0x200001e4       0x10 CMakeFiles/main_blinky.dir/C_/Users/aguat/Documents/Pico/pico-sdk/src/common/pico_time/time.c.obj
 .data          0x200001f4       0x48 CMakeFiles/main_blinky.dir/C_/Users/aguat/Documents/Pico/pico-sdk/src/rp2_common/hardware_irq/irq_handler_chain.S.obj
                0x200001f4                irq_handler_chain_slots
                0x20000224                irq_handler_chain_first_slot
                0x2000022e                irq_handler_chain_remove_tail
 *fill*         0x2000023c        0x4 
 .data.aeabi_bits_funcs
                0x20000240       0x10 CMakeFiles/main_blinky.dir/C_/Users/aguat/Documents/Pico/pico-sdk/src/rp2_common/pico_bit_ops/bit_ops_aeabi.S.obj
                0x20000240                aeabi_bits_funcs
                0x20000250                aeabi_bits_funcs_end
 .data.aeabi_mem_funcs
                0x20000250       0x10 CMakeFiles/main_blinky.dir/C_/Users/aguat/Documents/Pico/pico-sdk/src/rp2_common/pico_mem_ops/mem_ops_aeabi.S.obj
                0x20000250                aeabi_mem_funcs
                0x20000260                aeabi_mem_funcs_end
 .data.stdio_uart
                0x20000260       0x14 CMakeFiles/main_blinky.dir/C_/Users/aguat/Documents/Pico/pico-sdk/src/rp2_common/pico_stdio_uart/stdio_uart.c.obj
                0x20000260                stdio_uart
 .data.ucLaunchCoreNum
                0x20000274        0x1 CMakeFiles/main_blinky.dir/C_/Users/aguat/Documents/GitHub/FreeRTOS-Kernel/portable/ThirdParty/GCC/RP2040/port.c.obj
 *fill*         0x20000275        0x3 
 .data.uxTopUsedPriority
                0x20000278        0x4 CMakeFiles/main_blinky.dir/C_/Users/aguat/Documents/GitHub/FreeRTOS-Kernel/tasks.c.obj
                0x20000278                uxTopUsedPriority
                0x2000027c                . = ALIGN (0x4)
 *(.after_data.*)
                0x2000027c                . = ALIGN (0x4)
                0x2000027c                PROVIDE (__mutex_array_start = .)
 *(SORT_BY_NAME(.mutex_array.*))
 *(.mutex_array)
 .mutex_array   0x2000027c        0x8 CMakeFiles/main_blinky.dir/C_/Users/aguat/Documents/Pico/pico-sdk/src/rp2_common/pico_malloc/pico_malloc.c.obj
 .mutex_array   0x20000284        0x8 CMakeFiles/main_blinky.dir/C_/Users/aguat/Documents/Pico/pico-sdk/src/rp2_common/pico_stdio/stdio.c.obj
                0x2000028c                PROVIDE (__mutex_array_end = .)
                0x2000028c                . = ALIGN (0x4)
                0x2000028c                PROVIDE (__preinit_array_start = .)
 *(SORT_BY_NAME(.preinit_array.*))
 .preinit_array.00001
                0x2000028c        0x4 CMakeFiles/main_blinky.dir/C_/Users/aguat/Documents/Pico/pico-sdk/src/rp2_common/pico_mem_ops/mem_ops_aeabi.S.obj
 .preinit_array.00010
                0x20000290        0x4 CMakeFiles/main_blinky.dir/C_/Users/aguat/Documents/Pico/pico-sdk/src/rp2_common/pico_bit_ops/bit_ops_aeabi.S.obj
 .preinit_array.00020
                0x20000294        0x4 CMakeFiles/main_blinky.dir/C_/Users/aguat/Documents/Pico/pico-sdk/src/rp2_common/pico_double/double_aeabi.S.obj
 .preinit_array.00020
                0x20000298        0x4 CMakeFiles/main_blinky.dir/C_/Users/aguat/Documents/Pico/pico-sdk/src/rp2_common/pico_float/float_aeabi.S.obj
 *(.preinit_array)
                0x2000029c                PROVIDE (__preinit_array_end = .)
                0x2000029c                . = ALIGN (0x4)
                0x2000029c                PROVIDE (__init_array_start = .)
 *(SORT_BY_NAME(.init_array.*))
 *(.init_array)
 .init_array    0x2000029c        0x4 c:/progra~2/gnuarm~1/102020~1/bin/../lib/gcc/arm-none-eabi/10.2.1/thumb/v6-m/nofp/crtbegin.o
 .init_array    0x200002a0        0x4 CMakeFiles/main_blinky.dir/C_/Users/aguat/Documents/GitHub/FreeRTOS-Kernel/portable/ThirdParty/GCC/RP2040/port.c.obj
                0x200002a4                PROVIDE (__init_array_end = .)
                0x200002a4                . = ALIGN (0x4)
                [!provide]                PROVIDE (__fini_array_start = .)
 *(SORT_BY_NAME(.fini_array.*))
 *(.fini_array)
                [!provide]                PROVIDE (__fini_array_end = .)
 *(.jcr)
                0x200002a4                . = ALIGN (0x4)
                0x200002a4                __data_end__ = .

.igot.plt       0x200002a4        0x0 load address 0x10007d9c
 .igot.plt      0x200002a4        0x0 c:/progra~2/gnuarm~1/102020~1/bin/../lib/gcc/arm-none-eabi/10.2.1/thumb/v6-m/nofp/crtbegin.o

.uninitialized_data
                0x200002a4        0x0 load address 0x10007d9c
                0x200002a4                . = ALIGN (0x4)
 *(.uninitialized_data*)

.scratch_x      0x20040000        0x0 load address 0x10007d9c
                0x20040000                __scratch_x_start__ = .
 *(.scratch_x.*)
                0x20040000                . = ALIGN (0x4)
                0x20040000                __scratch_x_end__ = .
                0x10007d9c                __scratch_x_source__ = LOADADDR (.scratch_x)

.scratch_y      0x20041000        0x0 load address 0x10007d9c
                0x20041000                __scratch_y_start__ = .
 *(.scratch_y.*)
                0x20041000                . = ALIGN (0x4)
                0x20041000                __scratch_y_end__ = .
                0x10007d9c                __scratch_y_source__ = LOADADDR (.scratch_y)

.bss            0x200002a8    0x20788
                0x200002a8                . = ALIGN (0x4)
                0x200002a8                __bss_start__ = .
 *(SORT_BY_ALIGNMENT(SORT_BY_NAME(.bss*)))
 .bss.default_alarm_pool_entries
                0x200002a8      0x100 CMakeFiles/main_blinky.dir/C_/Users/aguat/Documents/Pico/pico-sdk/src/common/pico_time/time.c.obj
 .bss           0x200003a8       0x1c c:/progra~2/gnuarm~1/102020~1/bin/../lib/gcc/arm-none-eabi/10.2.1/thumb/v6-m/nofp/crtbegin.o
 .bss.alarm_callbacks
                0x200003c4       0x10 CMakeFiles/main_blinky.dir/C_/Users/aguat/Documents/Pico/pico-sdk/src/rp2_common/hardware_timer/timer.c.obj
 .bss.configured_freq
                0x200003d4       0x28 CMakeFiles/main_blinky.dir/C_/Users/aguat/Documents/Pico/pico-sdk/src/rp2_common/hardware_clocks/clocks.c.obj
 .bss.default_alarm_pool_entry_ids_high
                0x200003fc       0x10 CMakeFiles/main_blinky.dir/C_/Users/aguat/Documents/Pico/pico-sdk/src/common/pico_time/time.c.obj
 .bss.default_alarm_pool_heap_nodes
                0x2000040c       0x30 CMakeFiles/main_blinky.dir/C_/Users/aguat/Documents/Pico/pico-sdk/src/common/pico_time/time.c.obj
 .bss.drivers   0x2000043c        0x4 CMakeFiles/main_blinky.dir/C_/Users/aguat/Documents/Pico/pico-sdk/src/rp2_common/pico_stdio/stdio.c.obj
 .bss.filter    0x20000440        0x4 CMakeFiles/main_blinky.dir/C_/Users/aguat/Documents/Pico/pico-sdk/src/rp2_common/pico_stdio/stdio.c.obj
 .bss.pools     0x20000444       0x10 CMakeFiles/main_blinky.dir/C_/Users/aguat/Documents/Pico/pico-sdk/src/common/pico_time/time.c.obj
 .bss.pucAlignedHeap.1
                0x20000454        0x4 CMakeFiles/main_blinky.dir/C_/Users/aguat/Documents/GitHub/FreeRTOS-Kernel/portable/MemMang/heap_1.c.obj
 .bss.pxCurrentTCB
                0x20000458        0x4 CMakeFiles/main_blinky.dir/C_/Users/aguat/Documents/GitHub/FreeRTOS-Kernel/tasks.c.obj
                0x20000458                pxCurrentTCB
 .bss.pxCurrentTimerList
                0x2000045c        0x4 CMakeFiles/main_blinky.dir/C_/Users/aguat/Documents/GitHub/FreeRTOS-Kernel/timers.c.obj
 .bss.pxDelayedTaskList
                0x20000460        0x4 CMakeFiles/main_blinky.dir/C_/Users/aguat/Documents/GitHub/FreeRTOS-Kernel/tasks.c.obj
 .bss.pxOverflowDelayedTaskList
                0x20000464        0x4 CMakeFiles/main_blinky.dir/C_/Users/aguat/Documents/GitHub/FreeRTOS-Kernel/tasks.c.obj
 .bss.pxOverflowTimerList
                0x20000468        0x4 CMakeFiles/main_blinky.dir/C_/Users/aguat/Documents/GitHub/FreeRTOS-Kernel/timers.c.obj
 .bss.pxReadyTasksLists
                0x2000046c      0x280 CMakeFiles/main_blinky.dir/C_/Users/aguat/Documents/GitHub/FreeRTOS-Kernel/tasks.c.obj
 .bss.pxYieldSpinLock
                0x200006ec        0x4 CMakeFiles/main_blinky.dir/C_/Users/aguat/Documents/GitHub/FreeRTOS-Kernel/portable/ThirdParty/GCC/RP2040/port.c.obj
 .bss.sd_table  0x200006f0      0x100 CMakeFiles/main_blinky.dir/C_/Users/aguat/Documents/Pico/pico-sdk/src/rp2_common/pico_double/double_init_rom.c.obj
                0x200006f0                sd_table
 .bss.sf_clz_func
                0x200007f0        0x4 CMakeFiles/main_blinky.dir/C_/Users/aguat/Documents/Pico/pico-sdk/src/rp2_common/pico_double/double_init_rom.c.obj
                0x200007f0                sf_clz_func
 .bss.sf_table  0x200007f4      0x100 CMakeFiles/main_blinky.dir/C_/Users/aguat/Documents/Pico/pico-sdk/src/rp2_common/pico_float/float_init_rom.c.obj
                0x200007f4                sf_table
 .bss.sleep_notifier
                0x200008f4        0x4 CMakeFiles/main_blinky.dir/C_/Users/aguat/Documents/Pico/pico-sdk/src/common/pico_time/time.c.obj
 .bss.target_hi
                0x200008f8       0x10 CMakeFiles/main_blinky.dir/C_/Users/aguat/Documents/Pico/pico-sdk/src/rp2_common/hardware_timer/timer.c.obj
 .bss.uart_char_to_line_feed
                0x20000908        0x4 CMakeFiles/main_blinky.dir/C_/Users/aguat/Documents/Pico/pico-sdk/src/rp2_common/hardware_uart/uart.c.obj
                0x20000908                uart_char_to_line_feed
 .bss.uart_instance
                0x2000090c        0x4 CMakeFiles/main_blinky.dir/C_/Users/aguat/Documents/Pico/pico-sdk/src/rp2_common/pico_stdio_uart/stdio_uart.c.obj
 .bss.ucHeap    0x20000910    0x20000 CMakeFiles/main_blinky.dir/C_/Users/aguat/Documents/GitHub/FreeRTOS-Kernel/portable/MemMang/heap_1.c.obj
 .bss.ulYieldSpinLockSaveValue
                0x20020910        0x4 CMakeFiles/main_blinky.dir/C_/Users/aguat/Documents/GitHub/FreeRTOS-Kernel/portable/ThirdParty/GCC/RP2040/port.c.obj
 .bss.uxCriticalNesting
                0x20020914        0x4 CMakeFiles/main_blinky.dir/C_/Users/aguat/Documents/GitHub/FreeRTOS-Kernel/portable/ThirdParty/GCC/RP2040/port.c.obj
 .bss.uxCurrentNumberOfTasks
                0x20020918        0x4 CMakeFiles/main_blinky.dir/C_/Users/aguat/Documents/GitHub/FreeRTOS-Kernel/tasks.c.obj
 .bss.uxDeletedTasksWaitingCleanUp
                0x2002091c        0x4 CMakeFiles/main_blinky.dir/C_/Users/aguat/Documents/GitHub/FreeRTOS-Kernel/tasks.c.obj
 .bss.uxSchedulerSuspended
                0x20020920        0x4 CMakeFiles/main_blinky.dir/C_/Users/aguat/Documents/GitHub/FreeRTOS-Kernel/tasks.c.obj
 .bss.uxTaskNumber
                0x20020924        0x4 CMakeFiles/main_blinky.dir/C_/Users/aguat/Documents/GitHub/FreeRTOS-Kernel/tasks.c.obj
 .bss.uxTopReadyPriority
                0x20020928        0x4 CMakeFiles/main_blinky.dir/C_/Users/aguat/Documents/GitHub/FreeRTOS-Kernel/tasks.c.obj
 .bss.xActiveTimerList1
                0x2002092c       0x14 CMakeFiles/main_blinky.dir/C_/Users/aguat/Documents/GitHub/FreeRTOS-Kernel/timers.c.obj
 .bss.xActiveTimerList2
                0x20020940       0x14 CMakeFiles/main_blinky.dir/C_/Users/aguat/Documents/GitHub/FreeRTOS-Kernel/timers.c.obj
 .bss.xDelayedTaskList1
                0x20020954       0x14 CMakeFiles/main_blinky.dir/C_/Users/aguat/Documents/GitHub/FreeRTOS-Kernel/tasks.c.obj
 .bss.xDelayedTaskList2
                0x20020968       0x14 CMakeFiles/main_blinky.dir/C_/Users/aguat/Documents/GitHub/FreeRTOS-Kernel/tasks.c.obj
 .bss.xEventGroup
                0x2002097c        0x4 CMakeFiles/main_blinky.dir/C_/Users/aguat/Documents/GitHub/FreeRTOS-Kernel/portable/ThirdParty/GCC/RP2040/port.c.obj
 .bss.xIdleTaskHandle
                0x20020980        0x4 CMakeFiles/main_blinky.dir/C_/Users/aguat/Documents/GitHub/FreeRTOS-Kernel/tasks.c.obj
 .bss.xLastTime.13
                0x20020984        0x4 CMakeFiles/main_blinky.dir/C_/Users/aguat/Documents/GitHub/FreeRTOS-Kernel/timers.c.obj
 .bss.xNextFreeByte
                0x20020988        0x4 CMakeFiles/main_blinky.dir/C_/Users/aguat/Documents/GitHub/FreeRTOS-Kernel/portable/MemMang/heap_1.c.obj
 .bss.xNextTaskUnblockTime
                0x2002098c        0x4 CMakeFiles/main_blinky.dir/C_/Users/aguat/Documents/GitHub/FreeRTOS-Kernel/tasks.c.obj
 .bss.xNumOfOverflows
                0x20020990        0x4 CMakeFiles/main_blinky.dir/C_/Users/aguat/Documents/GitHub/FreeRTOS-Kernel/tasks.c.obj
 .bss.xPendedTicks