Archive member included to satisfy reference by file (symbol)

c:/progra~2/gnuarm~1/102020~1/bin/../lib/gcc/arm-none-eabi/10.2.1/thumb/v6-m/nofp\libgcc.a(_dvmd_tls.o)
                              CMakeFiles/Hola_Mundo.dir/C_/Users/aguat/Documents/Pico/pico-sdk/src/rp2_common/pico_divider/divider.S.obj (__aeabi_idiv0)
c:/progra~2/gnuarm~1/102020~1/bin/../lib/gcc/arm-none-eabi/10.2.1/../../../../arm-none-eabi/lib/thumb/v6-m/nofp\libg.a(lib_a-calloc.o)
                              CMakeFiles/Hola_Mundo.dir/C_/Users/aguat/Documents/Pico/pico-sdk/src/rp2_common/pico_malloc/pico_malloc.c.obj (calloc)
c:/progra~2/gnuarm~1/102020~1/bin/../lib/gcc/arm-none-eabi/10.2.1/../../../../arm-none-eabi/lib/thumb/v6-m/nofp\libg.a(lib_a-callocr.o)
                              c:/progra~2/gnuarm~1/102020~1/bin/../lib/gcc/arm-none-eabi/10.2.1/../../../../arm-none-eabi/lib/thumb/v6-m/nofp\libg.a(lib_a-calloc.o) (_calloc_r)
c:/progra~2/gnuarm~1/102020~1/bin/../lib/gcc/arm-none-eabi/10.2.1/../../../../arm-none-eabi/lib/thumb/v6-m/nofp\libg.a(lib_a-impure.o)
                              c:/progra~2/gnuarm~1/102020~1/bin/../lib/gcc/arm-none-eabi/10.2.1/../../../../arm-none-eabi/lib/thumb/v6-m/nofp\libg.a(lib_a-calloc.o) (_impure_ptr)
c:/progra~2/gnuarm~1/102020~1/bin/../lib/gcc/arm-none-eabi/10.2.1/../../../../arm-none-eabi/lib/thumb/v6-m/nofp\libg.a(lib_a-init.o)
                              c:/progra~2/gnuarm~1/102020~1/bin/../lib/gcc/arm-none-eabi/10.2.1/../../../../arm-none-eabi/lib/thumb/v6-m/nofp/crt0.o (__libc_init_array)
c:/progra~2/gnuarm~1/102020~1/bin/../lib/gcc/arm-none-eabi/10.2.1/../../../../arm-none-eabi/lib/thumb/v6-m/nofp\libg.a(lib_a-malloc.o)
                              CMakeFiles/Hola_Mundo.dir/C_/Users/aguat/Documents/Pico/pico-sdk/src/rp2_common/pico_malloc/pico_malloc.c.obj (malloc)
c:/progra~2/gnuarm~1/102020~1/bin/../lib/gcc/arm-none-eabi/10.2.1/../../../../arm-none-eabi/lib/thumb/v6-m/nofp\libg.a(lib_a-mallocr.o)
                              c:/progra~2/gnuarm~1/102020~1/bin/../lib/gcc/arm-none-eabi/10.2.1/../../../../arm-none-eabi/lib/thumb/v6-m/nofp\libg.a(lib_a-callocr.o) (_malloc_r)
c:/progra~2/gnuarm~1/102020~1/bin/../lib/gcc/arm-none-eabi/10.2.1/../../../../arm-none-eabi/lib/thumb/v6-m/nofp\libg.a(lib_a-mlock.o)
                              c:/progra~2/gnuarm~1/102020~1/bin/../lib/gcc/arm-none-eabi/10.2.1/../../../../arm-none-eabi/lib/thumb/v6-m/nofp\libg.a(lib_a-mallocr.o) (__malloc_lock)
c:/progra~2/gnuarm~1/102020~1/bin/../lib/gcc/arm-none-eabi/10.2.1/../../../../arm-none-eabi/lib/thumb/v6-m/nofp\libg.a(lib_a-sbrkr.o)
                              c:/progra~2/gnuarm~1/102020~1/bin/../lib/gcc/arm-none-eabi/10.2.1/../../../../arm-none-eabi/lib/thumb/v6-m/nofp\libg.a(lib_a-mallocr.o) (_sbrk_r)
c:/progra~2/gnuarm~1/102020~1/bin/../lib/gcc/arm-none-eabi/10.2.1/../../../../arm-none-eabi/lib/thumb/v6-m/nofp\libg.a(lib_a-strlen-stub.o)
                              CMakeFiles/Hola_Mundo.dir/C_/Users/aguat/Documents/Pico/pico-sdk/src/rp2_common/pico_stdio/stdio.c.obj (strlen)
c:/progra~2/gnuarm~1/102020~1/bin/../lib/gcc/arm-none-eabi/10.2.1/../../../../arm-none-eabi/lib/thumb/v6-m/nofp\libg.a(lib_a-freer.o)
                              c:/progra~2/gnuarm~1/102020~1/bin/../lib/gcc/arm-none-eabi/10.2.1/../../../../arm-none-eabi/lib/thumb/v6-m/nofp\libg.a(lib_a-malloc.o) (_free_r)
c:/progra~2/gnuarm~1/102020~1/bin/../lib/gcc/arm-none-eabi/10.2.1/../../../../arm-none-eabi/lib/thumb/v6-m/nofp\libg.a(lib_a-lock.o)
                              c:/progra~2/gnuarm~1/102020~1/bin/../lib/gcc/arm-none-eabi/10.2.1/../../../../arm-none-eabi/lib/thumb/v6-m/nofp\libg.a(lib_a-mlock.o) (__retarget_lock_acquire_recursive)
c:/progra~2/gnuarm~1/102020~1/bin/../lib/gcc/arm-none-eabi/10.2.1/../../../../arm-none-eabi/lib/thumb/v6-m/nofp\libg.a(lib_a-reent.o)
                              c:/progra~2/gnuarm~1/102020~1/bin/../lib/gcc/arm-none-eabi/10.2.1/../../../../arm-none-eabi/lib/thumb/v6-m/nofp\libg.a(lib_a-sbrkr.o) (errno)

Discarded input sections

 .text          0x00000000        0x0 c:/progra~2/gnuarm~1/102020~1/bin/../lib/gcc/arm-none-eabi/10.2.1/thumb/v6-m/nofp/crti.o
 .data          0x00000000        0x0 c:/progra~2/gnuarm~1/102020~1/bin/../lib/gcc/arm-none-eabi/10.2.1/thumb/v6-m/nofp/crti.o
 .bss           0x00000000        0x0 c:/progra~2/gnuarm~1/102020~1/bin/../lib/gcc/arm-none-eabi/10.2.1/thumb/v6-m/nofp/crti.o
 .data          0x00000000        0x4 c:/progra~2/gnuarm~1/102020~1/bin/../lib/gcc/arm-none-eabi/10.2.1/thumb/v6-m/nofp/crtbegin.o
 .rodata        0x00000000       0x24 c:/progra~2/gnuarm~1/102020~1/bin/../lib/gcc/arm-none-eabi/10.2.1/thumb/v6-m/nofp/crtbegin.o
 .fini_array    0x00000000        0x4 c:/progra~2/gnuarm~1/102020~1/bin/../lib/gcc/arm-none-eabi/10.2.1/thumb/v6-m/nofp/crtbegin.o
 .text          0x00000000       0x80 c:/progra~2/gnuarm~1/102020~1/bin/../lib/gcc/arm-none-eabi/10.2.1/../../../../arm-none-eabi/lib/thumb/v6-m/nofp/crt0.o
[...]
Memory Configuration

Name             Origin             Length             Attributes
FLASH            0x10000000         0x00200000         xr
RAM              0x20000000         0x00040000         xrw
SCRATCH_X        0x20040000         0x00001000         xrw
SCRATCH_Y        0x20041000         0x00001000         xrw
*default*        0x00000000         0xffffffff

Linker script and memory map

LOAD c:/progra~2/gnuarm~1/102020~1/bin/../lib/gcc/arm-none-eabi/10.2.1/thumb/v6-m/nofp/crti.o
LOAD c:/progra~2/gnuarm~1/102020~1/bin/../lib/gcc/arm-none-eabi/10.2.1/thumb/v6-m/nofp/crtbegin.o
LOAD c:/progra~2/gnuarm~1/102020~1/bin/../lib/gcc/arm-none-eabi/10.2.1/../../../../arm-none-eabi/lib/thumb/v6-m/nofp/crt0.o

.flash_begin    0x10000000        0x0
                0x10000000                __flash_binary_start = .

.boot2          0x10000000      0x100
                0x10000000                __boot2_start__ = .
 *(.boot2)
 .boot2         0x10000000      0x100 C:\Users\aguat\AppData\Local\Temp\ccIRBVJP.o
                0x10000100                __boot2_end__ = .
                0x00000001                ASSERT (((__boot2_end__ - __boot2_start__) == 0x100), ERROR: Pico second stage bootloader must be 256 bytes in size)

.text           0x10000100     0x3f28
                0x10000100                __logical_binary_start = .
 *(.vectors)
 .vectors       0x10000100       0xd4 CMakeFiles/Hola_Mundo.dir/C_/Users/aguat/Documents/Pico/pico-sdk/src/rp2_common/pico_standard_link/crt0.S.obj
                0x10000100                __vectors
                0x100001c0                isr_invalid
                0x100001c2                isr_nmi
                0x100001c4                isr_hardfault
                0x100001c6                isr_svcall
                0x100001c8                isr_pendsv
                0x100001ca                isr_systick
                0x100001cc                isr_irq11
                0x100001cc                isr_irq5
                0x100001cc                isr_irq23
                0x100001cc                isr_irq18
                0x100001cc                isr_irq31
                0x100001cc                isr_irq28
                0x100001cc                isr_irq19
                0x100001cc                isr_irq0
                0x100001cc                isr_irq6
                0x100001cc                isr_irq27
                0x100001cc                isr_irq12
                0x100001cc                isr_irq22
                0x100001cc                isr_irq13
                0x100001cc                isr_irq17
                0x100001cc                isr_irq14
                0x100001cc                isr_irq2
                0x100001cc                isr_irq10
                0x100001cc                isr_irq8
                0x100001cc                isr_irq24
                0x100001cc                isr_irq1
                0x100001cc                isr_irq7
                0x100001cc                isr_irq21
                0x100001cc                isr_irq20
                0x100001cc                isr_irq15
                0x100001cc                isr_irq25
                0x100001cc                __unhandled_user_irq
                0x100001cc                isr_irq4
                0x100001cc                isr_irq16
                0x100001cc                isr_irq29
                0x100001cc                isr_irq26
                0x100001cc                isr_irq3
                0x100001cc                isr_irq30
                0x100001cc                isr_irq9
                0x100001d2                unhandled_user_irq_num_in_r0
 *(.binary_info_header)
 .binary_info_header
                0x100001d4       0x14 CMakeFiles/Hola_Mundo.dir/C_/Users/aguat/Documents/Pico/pico-sdk/src/rp2_common/pico_standard_link/crt0.S.obj
                0x100001e8                __binary_info_header_end = .
 *(.reset)
 .reset         0x100001e8       0xa8 CMakeFiles/Hola_Mundo.dir/C_/Users/aguat/Documents/Pico/pico-sdk/src/rp2_common/pico_standard_link/crt0.S.obj
                0x100001e8                _entry_point
                0x10000266                __get_current_exception
 .reset         0x10000290       0x30 CMakeFiles/Hola_Mundo.dir/b0bbd2534b939a3865a31f1f9c1b99c9/src/rp2_common/pico_standard_link/binary_info.c.obj
 *(.init)
 .init          0x100002c0        0x4 c:/progra~2/gnuarm~1/102020~1/bin/../lib/gcc/arm-none-eabi/10.2.1/thumb/v6-m/nofp/crti.o
                0x100002c0                _init
 *(EXCLUDE_FILE(*libm.a: *libc.a:*lib_a-mem*.o *libgcc.a:) .text*)
 .text          0x100002c4       0x48 c:/progra~2/gnuarm~1/102020~1/bin/../lib/gcc/arm-none-eabi/10.2.1/thumb/v6-m/nofp/crtbegin.o
 .text.main     0x1000030c       0x30 CMakeFiles/Hola_Mundo.dir/Hola_Mundo.c.obj
                0x1000030c                main
 .text.gpio_set_function
                0x1000033c       0x30 CMakeFiles/Hola_Mundo.dir/C_/Users/aguat/Documents/Pico/pico-sdk/src/rp2_common/hardware_gpio/gpio.c.obj
                0x1000033c                gpio_set_function
 .text.gpio_init
                0x1000036c       0x16 CMakeFiles/Hola_Mundo.dir/C_/Users/aguat/Documents/Pico/pico-sdk/src/rp2_common/hardware_gpio/gpio.c.obj
                0x1000036c                gpio_init
 *fill*         0x10000382        0x2 
 .text.hw_claim_lock
                0x10000384       0x18 CMakeFiles/Hola_Mundo.dir/C_/Users/aguat/Documents/Pico/pico-sdk/src/rp2_common/hardware_claim/claim.c.obj
                0x10000384                hw_claim_lock
 .text.hw_claim_unlock
                0x1000039c       0x14 CMakeFiles/Hola_Mundo.dir/C_/Users/aguat/Documents/Pico/pico-sdk/src/rp2_common/hardware_claim/claim.c.obj
                0x1000039c                hw_claim_unlock
 .text.hw_claim_or_assert
                0x100003b0       0x36 CMakeFiles/Hola_Mundo.dir/C_/Users/aguat/Documents/Pico/pico-sdk/src/rp2_common/hardware_claim/claim.c.obj
                0x100003b0                hw_claim_or_assert
 *fill*         0x100003e6        0x2 
 .text.spin_locks_reset
                0x100003e8       0x20 CMakeFiles/Hola_Mundo.dir/C_/Users/aguat/Documents/Pico/pico-sdk/src/rp2_common/hardware_sync/sync.c.obj
                0x100003e8                spin_locks_reset
 .text.next_striped_spin_lock_num
                0x10000408       0x1c CMakeFiles/Hola_Mundo.dir/C_/Users/aguat/Documents/Pico/pico-sdk/src/rp2_common/hardware_sync/sync.c.obj
                0x10000408                next_striped_spin_lock_num
 .text.running_on_fpga
                0x10000424       0x14 CMakeFiles/Hola_Mundo.dir/C_/Users/aguat/Documents/Pico/pico-sdk/src/rp2_common/pico_platform/platform.c.obj
                0x10000424                running_on_fpga
 .text.sev_callback
                0x10000438        0x8 CMakeFiles/Hola_Mundo.dir/C_/Users/aguat/Documents/Pico/pico-sdk/src/common/pico_time/time.c.obj
 .text.alarm_pool_post_alloc_init
                0x10000440       0x40 CMakeFiles/Hola_Mundo.dir/C_/Users/aguat/Documents/Pico/pico-sdk/src/common/pico_time/time.c.obj
 .text.timer_pool_entry_comparator
                0x10000480       0x7c CMakeFiles/Hola_Mundo.dir/C_/Users/aguat/Documents/Pico/pico-sdk/src/common/pico_time/time.c.obj
                0x10000480                timer_pool_entry_comparator
 .text.ph_add_child_node
                0x100004fc       0xa4 CMakeFiles/Hola_Mundo.dir/C_/Users/aguat/Documents/Pico/pico-sdk/src/common/pico_time/time.c.obj
 .text.ph_merge_nodes
                0x100005a0       0x3e CMakeFiles/Hola_Mundo.dir/C_/Users/aguat/Documents/Pico/pico-sdk/src/common/pico_time/time.c.obj
 *fill*         0x100005de        0x2 
 .text.add_alarm_under_lock
                0x100005e0      0x174 CMakeFiles/Hola_Mundo.dir/C_/Users/aguat/Documents/Pico/pico-sdk/src/common/pico_time/time.c.obj
 .text.alarm_pool_alarm_callback
                0x10000754      0x328 CMakeFiles/Hola_Mundo.dir/C_/Users/aguat/Documents/Pico/pico-sdk/src/common/pico_time/time.c.obj
 .text.alarm_pool_init_default
                0x10000a7c       0x2c CMakeFiles/Hola_Mundo.dir/C_/Users/aguat/Documents/Pico/pico-sdk/src/common/pico_time/time.c.obj
                0x10000a7c                alarm_pool_init_default
 .text.alarm_pool_get_default
                0x10000aa8       0x2c CMakeFiles/Hola_Mundo.dir/C_/Users/aguat/Documents/Pico/pico-sdk/src/common/pico_time/time.c.obj
                0x10000aa8                alarm_pool_get_default
 .text.alarm_pool_add_alarm_at
                0x10000ad4      0x170 CMakeFiles/Hola_Mundo.dir/C_/Users/aguat/Documents/Pico/pico-sdk/src/common/pico_time/time.c.obj
                0x10000ad4                alarm_pool_add_alarm_at
 .text.sleep_until
                0x10000c44       0xd4 CMakeFiles/Hola_Mundo.dir/C_/Users/aguat/Documents/Pico/pico-sdk/src/common/pico_time/time.c.obj
                0x10000c44                sleep_until
 .text.sleep_us
                0x10000d18       0x58 CMakeFiles/Hola_Mundo.dir/C_/Users/aguat/Documents/Pico/pico-sdk/src/common/pico_time/time.c.obj
                0x10000d18                sleep_us
 .text.sleep_ms
                0x10000d70       0x14 CMakeFiles/Hola_Mundo.dir/C_/Users/aguat/Documents/Pico/pico-sdk/src/common/pico_time/time.c.obj
                0x10000d70                sleep_ms
 .text.hardware_alarm_irq_handler
                0x10000d84       0x8c CMakeFiles/Hola_Mundo.dir/C_/Users/aguat/Documents/Pico/pico-sdk/src/rp2_common/hardware_timer/timer.c.obj
 .text.hardware_alarm_claim
                0x10000e10       0x18 CMakeFiles/Hola_Mundo.dir/C_/Users/aguat/Documents/Pico/pico-sdk/src/rp2_common/hardware_timer/timer.c.obj
                0x10000e10                hardware_alarm_claim
 .text.time_us_64
                0x10000e28       0x18 CMakeFiles/Hola_Mundo.dir/C_/Users/aguat/Documents/Pico/pico-sdk/src/rp2_common/hardware_timer/timer.c.obj
                0x10000e28                time_us_64
 .text.busy_wait_until
                0x10000e40       0x28 CMakeFiles/Hola_Mundo.dir/C_/Users/aguat/Documents/Pico/pico-sdk/src/rp2_common/hardware_timer/timer.c.obj
                0x10000e40                busy_wait_until
 .text.hardware_alarm_set_callback
                0x10000e68       0x90 CMakeFiles/Hola_Mundo.dir/C_/Users/aguat/Documents/Pico/pico-sdk/src/rp2_common/hardware_timer/timer.c.obj
                0x10000e68                hardware_alarm_set_callback
 .text.hardware_alarm_set_target
                0x10000ef8       0xe8 CMakeFiles/Hola_Mundo.dir/C_/Users/aguat/Documents/Pico/pico-sdk/src/rp2_common/hardware_timer/timer.c.obj
                0x10000ef8                hardware_alarm_set_target
 .text.hardware_alarm_cancel
                0x10000fe0       0x40 CMakeFiles/Hola_Mundo.dir/C_/Users/aguat/Documents/Pico/pico-sdk/src/rp2_common/hardware_timer/timer.c.obj
                0x10000fe0                hardware_alarm_cancel
 .text.lock_init
                0x10001020       0x10 CMakeFiles/Hola_Mundo.dir/C_/Users/aguat/Documents/Pico/pico-sdk/src/common/pico_sync/lock_core.c.obj
                0x10001020                lock_init
 .text.mutex_init
                0x10001030       0x1a CMakeFiles/Hola_Mundo.dir/C_/Users/aguat/Documents/Pico/pico-sdk/src/common/pico_sync/mutex.c.obj
                0x10001030                mutex_init
 *fill*         0x1000104a        0x2 
 .text.ph_add_child_node
                0x1000104c       0xa4 CMakeFiles/Hola_Mundo.dir/C_/Users/aguat/Documents/Pico/pico-sdk/src/common/pico_util/pheap.c.obj
 .text.ph_merge_nodes
                0x100010f0       0x3e CMakeFiles/Hola_Mundo.dir/C_/Users/aguat/Documents/Pico/pico-sdk/src/common/pico_util/pheap.c.obj
 *fill*         0x1000112e        0x2 
 .text.ph_clear
                0x10001130       0x70 CMakeFiles/Hola_Mundo.dir/C_/Users/aguat/Documents/Pico/pico-sdk/src/common/pico_util/pheap.c.obj
                0x10001130                ph_clear
 .text.ph_post_alloc_init
                0x100011a0        0xe CMakeFiles/Hola_Mundo.dir/C_/Users/aguat/Documents/Pico/pico-sdk/src/common/pico_util/pheap.c.obj
                0x100011a0                ph_post_alloc_init
 *fill*         0x100011ae        0x2 
 .text.ph_merge_two_pass
                0x100011b0       0xa8 CMakeFiles/Hola_Mundo.dir/C_/Users/aguat/Documents/Pico/pico-sdk/src/common/pico_util/pheap.c.obj
                0x100011b0                ph_merge_two_pass
 .text.ph_remove_any_head
                0x10001258      0x108 CMakeFiles/Hola_Mundo.dir/C_/Users/aguat/Documents/Pico/pico-sdk/src/common/pico_util/pheap.c.obj
 .text.ph_remove_head
                0x10001360       0x14 CMakeFiles/Hola_Mundo.dir/C_/Users/aguat/Documents/Pico/pico-sdk/src/common/pico_util/pheap.c.obj
                0x10001360                ph_remove_head
 .text.ph_remove_and_free_node
                0x10001374       0xf8 CMakeFiles/Hola_Mundo.dir/C_/Users/aguat/Documents/Pico/pico-sdk/src/common/pico_util/pheap.c.obj
                0x10001374                ph_remove_and_free_node
 .text.runtime_init
                0x1000146c       0xcc CMakeFiles/Hola_Mundo.dir/C_/Users/aguat/Documents/Pico/pico-sdk/src/rp2_common/pico_runtime/runtime.c.obj
                0x1000146c                runtime_init
 .text._exit    0x10001538        0x4 CMakeFiles/Hola_Mundo.dir/C_/Users/aguat/Documents/Pico/pico-sdk/src/rp2_common/pico_runtime/runtime.c.obj
                0x10001538                _exit
 .text.exit     0x1000153c        0x6 CMakeFiles/Hola_Mundo.dir/C_/Users/aguat/Documents/Pico/pico-sdk/src/rp2_common/pico_runtime/runtime.c.obj
                0x1000153c                exit
 *fill*         0x10001542        0x2 
 .text.__assert_func
                0x10001544       0x3c CMakeFiles/Hola_Mundo.dir/C_/Users/aguat/Documents/Pico/pico-sdk/src/rp2_common/pico_runtime/runtime.c.obj
                0x10001544                __assert_func
 .text.panic    0x10001580       0x30 CMakeFiles/Hola_Mundo.dir/C_/Users/aguat/Documents/Pico/pico-sdk/src/rp2_common/pico_runtime/runtime.c.obj
                0x10001580                panic
 .text.clock_configure
                0x100015b0       0xe8 CMakeFiles/Hola_Mundo.dir/C_/Users/aguat/Documents/Pico/pico-sdk/src/rp2_common/hardware_clocks/clocks.c.obj
                0x100015b0                clock_configure
 .text.clocks_init
                0x10001698      0x124 CMakeFiles/Hola_Mundo.dir/C_/Users/aguat/Documents/Pico/pico-sdk/src/rp2_common/hardware_clocks/clocks.c.obj
                0x10001698                clocks_init
 .text.watchdog_start_tick
                0x100017bc       0x10 CMakeFiles/Hola_Mundo.dir/C_/Users/aguat/Documents/Pico/pico-sdk/src/rp2_common/hardware_watchdog/watchdog.c.obj
                0x100017bc                watchdog_start_tick
 .text.xosc_init
                0x100017cc       0x28 CMakeFiles/Hola_Mundo.dir/C_/Users/aguat/Documents/Pico/pico-sdk/src/rp2_common/hardware_xosc/xosc.c.obj
                0x100017cc                xosc_init
 .text.pll_init
                0x100017f4       0xd0 CMakeFiles/Hola_Mundo.dir/C_/Users/aguat/Documents/Pico/pico-sdk/src/rp2_common/hardware_pll/pll.c.obj
                0x100017f4                pll_init
 .text.set_raw_irq_handler_and_unlock
                0x100018c4       0x28 CMakeFiles/Hola_Mundo.dir/C_/Users/aguat/Documents/Pico/pico-sdk/src/rp2_common/hardware_irq/irq.c.obj
 .text.make_branch
                0x100018ec       0x34 CMakeFiles/Hola_Mundo.dir/C_/Users/aguat/Documents/Pico/pico-sdk/src/rp2_common/hardware_irq/irq.c.obj
 .text.insert_branch_and_link
                0x10001920       0x40 CMakeFiles/Hola_Mundo.dir/C_/Users/aguat/Documents/Pico/pico-sdk/src/rp2_common/hardware_irq/irq.c.obj
 .text.irq_is_enabled
                0x10001960       0x18 CMakeFiles/Hola_Mundo.dir/C_/Users/aguat/Documents/Pico/pico-sdk/src/rp2_common/hardware_irq/irq.c.obj
                0x10001960                irq_is_enabled
 .text.irq_set_mask_enabled
                0x10001978       0x20 CMakeFiles/Hola_Mundo.dir/C_/Users/aguat/Documents/Pico/pico-sdk/src/rp2_common/hardware_irq/irq.c.obj
                0x10001978                irq_set_mask_enabled
 .text.irq_set_enabled
                0x10001998        0xe CMakeFiles/Hola_Mundo.dir/C_/Users/aguat/Documents/Pico/pico-sdk/src/rp2_common/hardware_irq/irq.c.obj
                0x10001998                irq_set_enabled
 *fill*         0x100019a6        0x2 
 .text.irq_get_vtable_handler
                0x100019a8       0x10 CMakeFiles/Hola_Mundo.dir/C_/Users/aguat/Documents/Pico/pico-sdk/src/rp2_common/hardware_irq/irq.c.obj
                0x100019a8                irq_get_vtable_handler
 .text.irq_set_exclusive_handler
                0x100019b8       0x54 CMakeFiles/Hola_Mundo.dir/C_/Users/aguat/Documents/Pico/pico-sdk/src/rp2_common/hardware_irq/irq.c.obj
                0x100019b8                irq_set_exclusive_handler
 .text.irq_remove_handler
                0x10001a0c      0x1ac CMakeFiles/Hola_Mundo.dir/C_/Users/aguat/Documents/Pico/pico-sdk/src/rp2_common/hardware_irq/irq.c.obj
                0x10001a0c                irq_remove_handler
 .text.irq_set_priority
                0x10001bb8       0x28 CMakeFiles/Hola_Mundo.dir/C_/Users/aguat/Documents/Pico/pico-sdk/src/rp2_common/hardware_irq/irq.c.obj
                0x10001bb8                irq_set_priority
 .text.irq_add_tail_to_free_list
                0x10001be0       0xf0 CMakeFiles/Hola_Mundo.dir/C_/Users/aguat/Documents/Pico/pico-sdk/src/rp2_common/hardware_irq/irq.c.obj
                0x10001be0                irq_add_tail_to_free_list
 .text.irq_init_priorities
                0x10001cd0       0x16 CMakeFiles/Hola_Mundo.dir/C_/Users/aguat/Documents/Pico/pico-sdk/src/rp2_common/hardware_irq/irq.c.obj
                0x10001cd0                irq_init_priorities
 .text._out_null
                0x10001ce6        0x2 CMakeFiles/Hola_Mundo.dir/C_/Users/aguat/Documents/Pico/pico-sdk/src/rp2_common/pico_printf/printf.c.obj
 .text._out_fct
                0x10001ce8        0xe CMakeFiles/Hola_Mundo.dir/C_/Users/aguat/Documents/Pico/pico-sdk/src/rp2_common/pico_printf/printf.c.obj
 .text._atoi    0x10001cf6       0x24 CMakeFiles/Hola_Mundo.dir/C_/Users/aguat/Documents/Pico/pico-sdk/src/rp2_common/pico_printf/printf.c.obj
 .text._out_rev
                0x10001d1a       0xae CMakeFiles/Hola_Mundo.dir/C_/Users/aguat/Documents/Pico/pico-sdk/src/rp2_common/pico_printf/printf.c.obj
 .text._ntoa_format
                0x10001dc8      0x112 CMakeFiles/Hola_Mundo.dir/C_/Users/aguat/Documents/Pico/pico-sdk/src/rp2_common/pico_printf/printf.c.obj
 .text._ntoa_long
                0x10001eda       0xbc CMakeFiles/Hola_Mundo.dir/C_/Users/aguat/Documents/Pico/pico-sdk/src/rp2_common/pico_printf/printf.c.obj
 .text._ntoa_long_long
                0x10001f96       0xe2 CMakeFiles/Hola_Mundo.dir/C_/Users/aguat/Documents/Pico/pico-sdk/src/rp2_common/pico_printf/printf.c.obj
 .text._etoa    0x10002078      0x414 CMakeFiles/Hola_Mundo.dir/C_/Users/aguat/Documents/Pico/pico-sdk/src/rp2_common/pico_printf/printf.c.obj
 .text._ftoa    0x1000248c      0x354 CMakeFiles/Hola_Mundo.dir/C_/Users/aguat/Documents/Pico/pico-sdk/src/rp2_common/pico_printf/printf.c.obj
 .text._vsnprintf
                0x100027e0      0x624 CMakeFiles/Hola_Mundo.dir/C_/Users/aguat/Documents/Pico/pico-sdk/src/rp2_common/pico_printf/printf.c.obj
 .text.vfctprintf
                0x10002e04       0x20 CMakeFiles/Hola_Mundo.dir/C_/Users/aguat/Documents/Pico/pico-sdk/src/rp2_common/pico_printf/printf.c.obj
                0x10002e04                vfctprintf
 .text          0x10002e24       0x10 CMakeFiles/Hola_Mundo.dir/C_/Users/aguat/Documents/Pico/pico-sdk/src/rp2_common/pico_bit_ops/bit_ops_aeabi.S.obj
 .text.rom_func_lookup
                0x10002e34       0x10 CMakeFiles/Hola_Mundo.dir/C_/Users/aguat/Documents/Pico/pico-sdk/src/rp2_common/pico_bootrom/bootrom.c.obj
                0x10002e34                rom_func_lookup
 .text.rom_data_lookup
                0x10002e44       0x10 CMakeFiles/Hola_Mundo.dir/C_/Users/aguat/Documents/Pico/pico-sdk/src/rp2_common/pico_bootrom/bootrom.c.obj
                0x10002e44                rom_data_lookup
 .text.rom_funcs_lookup
                0x10002e54       0x36 CMakeFiles/Hola_Mundo.dir/C_/Users/aguat/Documents/Pico/pico-sdk/src/rp2_common/pico_bootrom/bootrom.c.obj
                0x10002e54                rom_funcs_lookup
 *fill*         0x10002e8a        0x2 
 .text.__wrap___aeabi_idiv
                0x10002e8c       0x58 CMakeFiles/Hola_Mundo.dir/C_/Users/aguat/Documents/Pico/pico-sdk/src/rp2_common/pico_divider/divider.S.obj
                0x10002e8c                __wrap___aeabi_idivmod
                0x10002e8c                divmod_s32s32
                0x10002e8c                div_s32s32
                0x10002e8c                __wrap___aeabi_idiv
                0x10002e94                divmod_s32s32_unsafe
                0x10002ec0                divmod_s32s32_savestate
 .text.__wrap___aeabi_uidiv
                0x10002ee4       0x54 CMakeFiles/Hola_Mundo.dir/C_/Users/aguat/Documents/Pico/pico-sdk/src/rp2_common/pico_divider/divider.S.obj
                0x10002ee4                __wrap___aeabi_uidiv
                0x10002ee4                __wrap___aeabi_uidivmod
                0x10002ee4                div_u32u32
                0x10002ee4                divmod_u32u32
                0x10002eec                divmod_u32u32_unsafe
                0x10002f14                divmod_u32u32_savestate
 .text.__wrap___aeabi_ldiv
                0x10002f38      0x430 CMakeFiles/Hola_Mundo.dir/C_/Users/aguat/Documents/Pico/pico-sdk/src/rp2_common/pico_divider/divider.S.obj
                0x10002f38                div_s64s64
                0x10002f38                divmod_s64s64
                0x10002f38                __wrap___aeabi_ldivmod
                0x10002f70                divmod_u64u64
                0x10002f70                div_u64u64
                0x10002f70                __wrap___aeabi_uldivmod
                0x10002f80                divmod_u64u64_savestate
                0x10002fa8                divmod_s64s64_unsafe
                0x10003030                divmod_u64u64_unsafe
 .text.__wrap___aeabi_darithmetic
                0x10003368       0x54 CMakeFiles/Hola_Mundo.dir/C_/Users/aguat/Documents/Pico/pico-sdk/src/rp2_common/pico_double/double_aeabi.S.obj
                0x10003368                __wrap___aeabi_drsub
                0x1000336e                __wrap___aeabi_dsub
                0x10003380                __wrap___aeabi_dadd
                0x10003392                __wrap___aeabi_ddiv
                0x100033a4                __wrap___aeabi_dmul
 .text.__wrap___aeabi_cdcmple
                0x100033bc       0x6c CMakeFiles/Hola_Mundo.dir/C_/Users/aguat/Documents/Pico/pico-sdk/src/rp2_common/pico_double/double_aeabi.S.obj
                0x100033bc                __wrap___aeabi_cdrcmple
                0x100033cc                __wrap___aeabi_cdcmpeq
                0x100033cc                __wrap___aeabi_cdcmple
 .text.__wrap___aeabi_dcmplt
                0x10003428        0xc CMakeFiles/Hola_Mundo.dir/C_/Users/aguat/Documents/Pico/pico-sdk/src/rp2_common/pico_double/double_aeabi.S.obj
                0x10003428                __wrap___aeabi_dcmplt
 .text.__wrap___aeabi_dcmple
                0x10003434       0x10 CMakeFiles/Hola_Mundo.dir/C_/Users/aguat/Documents/Pico/pico-sdk/src/rp2_common/pico_double/double_aeabi.S.obj
                0x10003434                __wrap___aeabi_dcmple
 .text.__wrap___aeabi_dcmpge
                0x10003444       0x10 CMakeFiles/Hola_Mundo.dir/C_/Users/aguat/Documents/Pico/pico-sdk/src/rp2_common/pico_double/double_aeabi.S.obj
                0x10003444                __wrap___aeabi_dcmpge
 .text.__wrap___aeabi_dcmpgt
                0x10003454        0xa CMakeFiles/Hola_Mundo.dir/C_/Users/aguat/Documents/Pico/pico-sdk/src/rp2_common/pico_double/double_aeabi.S.obj
                0x10003454                __wrap___aeabi_dcmpgt
 .text.__wrap___aeabi_dcmpun
                0x1000345e       0x1c CMakeFiles/Hola_Mundo.dir/C_/Users/aguat/Documents/Pico/pico-sdk/src/rp2_common/pico_double/double_aeabi.S.obj
                0x1000345e                __wrap___aeabi_dcmpun
 *fill*         0x1000347a        0x2 
 .text.__wrap___aeabi_i2d
                0x1000347c       0x38 CMakeFiles/Hola_Mundo.dir/C_/Users/aguat/Documents/Pico/pico-sdk/src/rp2_common/pico_double/double_aeabi.S.obj
                0x1000347c                __wrap___aeabi_ui2d
                0x10003484                __wrap___aeabi_i2d
 .text.__wrap___aeabi_d2iz
                0x100034b4       0x48 CMakeFiles/Hola_Mundo.dir/C_/Users/aguat/Documents/Pico/pico-sdk/src/rp2_common/pico_double/double_aeabi.S.obj
                0x100034b4                double2int_z
                0x100034b4                __wrap___aeabi_d2iz
 .text.__wrap___aeabi_d2uiz
                0x100034fc       0x18 CMakeFiles/Hola_Mundo.dir/C_/Users/aguat/Documents/Pico/pico-sdk/src/rp2_common/pico_double/double_aeabi.S.obj
                0x100034fc                __wrap___aeabi_d2uiz
                0x100034fc                double2uint
 .text.__aeabi_double_init
                0x10003514       0xb8 CMakeFiles/Hola_Mundo.dir/C_/Users/aguat/Documents/Pico/pico-sdk/src/rp2_common/pico_double/double_init_rom.c.obj
                0x10003514                __aeabi_double_init
 .text.double_table_shim_on_use_helper
                0x100035cc       0x34 CMakeFiles/Hola_Mundo.dir/b0bbd2534b939a3865a31f1f9c1b99c9/src/rp2_common/pico_double/double_v1_rom_shim.S.obj
                0x100035cc                double_table_shim_on_use_helper
 .text.__wrap___aeabi_dsub
                0x10003600       0x10 CMakeFiles/Hola_Mundo.dir/b0bbd2534b939a3865a31f1f9c1b99c9/src/rp2_common/pico_double/double_v1_rom_shim.S.obj
                0x10003600                drsub_shim
                0x10003606                dsub_shim
 .text.dadd_shim
                0x10003610      0x15c CMakeFiles/Hola_Mundo.dir/b0bbd2534b939a3865a31f1f9c1b99c9/src/rp2_common/pico_double/double_v1_rom_shim.S.obj
                0x10003610                dadd_shim
 .text.dmul_shim
                0x1000376c      0x15c CMakeFiles/Hola_Mundo.dir/b0bbd2534b939a3865a31f1f9c1b99c9/src/rp2_common/pico_double/double_v1_rom_shim.S.obj
                0x1000376c                dmul_shim
 .text.ddiv_shim
                0x100038c8      0x1b0 CMakeFiles/Hola_Mundo.dir/b0bbd2534b939a3865a31f1f9c1b99c9/src/rp2_common/pico_double/double_v1_rom_shim.S.obj
                0x100038c8                ddiv_shim
 .text.dcordic_rot_step
                0x10003a78       0x7c CMakeFiles/Hola_Mundo.dir/b0bbd2534b939a3865a31f1f9c1b99c9/src/rp2_common/pico_double/double_v1_rom_shim.S.obj
                0x10003a78                dcordic_rot_step
 .text.double2uint_shim
                0x10003af4        0xe CMakeFiles/Hola_Mundo.dir/b0bbd2534b939a3865a31f1f9c1b99c9/src/rp2_common/pico_double/double_v1_rom_shim.S.obj
                0x10003af4                double2uint_shim
                0x10003af6                double2ufix_shim
 *fill*         0x10003b02        0x2 
 .text.double2uint64_shim
                0x10003b04       0x6c CMakeFiles/Hola_Mundo.dir/b0bbd2534b939a3865a31f1f9c1b99c9/src/rp2_common/pico_double/double_v1_rom_shim.S.obj
                0x10003b04                double2uint64_shim
                0x10003b06                double2ufix64_shim
                0x10003b20                d2fix_a
 .text.dunpacks
                0x10003b70       0x3c CMakeFiles/Hola_Mundo.dir/b0bbd2534b939a3865a31f1f9c1b99c9/src/rp2_common/pico_double/double_v1_rom_shim.S.obj
                0x10003b70                dunpacks
 .text.__aeabi_lmul
                0x10003bac       0x32 CMakeFiles/Hola_Mundo.dir/4deea2c0fcfb6be49c7bba50c11fb00b/rp2_common/pico_int64_ops/pico_int64_ops_aeabi.S.obj
                0x10003bac                __wrap___aeabi_lmul
 *fill*         0x10003bde        0x2 
 .text.__aeabi_float_init
                0x10003be0       0xfc CMakeFiles/Hola_Mundo.dir/C_/Users/aguat/Documents/Pico/pico-sdk/src/rp2_common/pico_float/float_init_rom.c.obj
                0x10003be0                __aeabi_float_init
 .text.float_table_shim_on_use_helper
                0x10003cdc       0x34 CMakeFiles/Hola_Mundo.dir/b0bbd2534b939a3865a31f1f9c1b99c9/src/rp2_common/pico_float/float_v1_rom_shim.S.obj
                0x10003cdc                float_table_shim_on_use_helper
 .text          0x10003d10       0x10 CMakeFiles/Hola_Mundo.dir/C_/Users/aguat/Documents/Pico/pico-sdk/src/rp2_common/pico_mem_ops/mem_ops_aeabi.S.obj
                0x10003d10                __aeabi_mem_init
 .text.memset   0x10003d20        0xc CMakeFiles/Hola_Mundo.dir/C_/Users/aguat/Documents/Pico/pico-sdk/src/rp2_common/pico_mem_ops/mem_ops_aeabi.S.obj
                0x10003d20                __wrap_memset
 .text.memcpy   0x10003d2c        0xc CMakeFiles/Hola_Mundo.dir/C_/Users/aguat/Documents/Pico/pico-sdk/src/rp2_common/pico_mem_ops/mem_ops_aeabi.S.obj
                0x10003d2c                __wrap_memcpy
                0x10003d2c                __wrap___aeabi_memcpy
 .text.stdio_out_chars_crlf
                0x10003d38       0x80 CMakeFiles/Hola_Mundo.dir/C_/Users/aguat/Documents/Pico/pico-sdk/src/rp2_common/pico_stdio/stdio.c.obj
 .text.stdio_stack_buffer_flush
                0x10003db8       0x44 CMakeFiles/Hola_Mundo.dir/C_/Users/aguat/Documents/Pico/pico-sdk/src/rp2_common/pico_stdio/stdio.c.obj
 .text.stdio_buffered_printer
                0x10003dfc       0x20 CMakeFiles/Hola_Mundo.dir/C_/Users/aguat/Documents/Pico/pico-sdk/src/rp2_common/pico_stdio/stdio.c.obj
 .text.stdout_serialize_begin
                0x10003e1c       0x2c CMakeFiles/Hola_Mundo.dir/C_/Users/aguat/Documents/Pico/pico-sdk/src/rp2_common/pico_stdio/stdio.c.obj
                0x10003e1c                stdout_serialize_begin
 .text.stdout_serialize_end
                0x10003e48       0x10 CMakeFiles/Hola_Mundo.dir/C_/Users/aguat/Documents/Pico/pico-sdk/src/rp2_common/pico_stdio/stdio.c.obj
                0x10003e48                stdout_serialize_end
 .text.stdio_put_string
                0x10003e58       0x84 CMakeFiles/Hola_Mundo.dir/C_/Users/aguat/Documents/Pico/pico-sdk/src/rp2_common/pico_stdio/stdio.c.obj
 .text.stdio_flush
                0x10003edc       0x20 CMakeFiles/Hola_Mundo.dir/C_/Users/aguat/Documents/Pico/pico-sdk/src/rp2_common/pico_stdio/stdio.c.obj
                0x10003edc                stdio_flush
 .text.__wrap_puts
                0x10003efc       0x1c CMakeFiles/Hola_Mundo.dir/C_/Users/aguat/Documents/Pico/pico-sdk/src/rp2_common/pico_stdio/stdio.c.obj
                0x10003efc                __wrap_puts
 .text.__wrap_vprintf
                0x10003f18       0x44 CMakeFiles/Hola_Mundo.dir/C_/Users/aguat/Documents/Pico/pico-sdk/src/rp2_common/pico_stdio/stdio.c.obj
                0x10003f18                __wrap_vprintf
 .text.__wrap_printf
                0x10003f5c       0x18 CMakeFiles/Hola_Mundo.dir/C_/Users/aguat/Documents/Pico/pico-sdk/src/rp2_common/pico_stdio/stdio.c.obj
                0x10003f5c                __wrap_printf
 .text.strlen   0x10003f74       0x5c c:/progra~2/gnuarm~1/102020~1/bin/../lib/gcc/arm-none-eabi/10.2.1/../../../../arm-none-eabi/lib/thumb/v6-m/nofp\libg.a(lib_a-strlen-stub.o)
                0x10003f74                strlen
 *(.fini)
 .fini          0x10003fd0        0x4 c:/progra~2/gnuarm~1/102020~1/bin/../lib/gcc/arm-none-eabi/10.2.1/thumb/v6-m/nofp/crti.o
                0x10003fd0                _fini
 *fill*         0x10003fd4        0x4 
 .fini.__stub   0x10003fd8       0x50 linker stubs
 *crtbegin.o(.ctors)
 *crtbegin?.o(.ctors)
 *(EXCLUDE_FILE(*crtend.o *crtend?.o) .ctors)
 *(SORT_BY_NAME(.ctors.*))
 *(.ctors)
 *crtbegin.o(.dtors)
 *crtbegin?.o(.dtors)
 *(EXCLUDE_FILE(*crtend.o *crtend?.o) .dtors)
 *(SORT_BY_NAME(.dtors.*))
 *(.dtors)
 *(.eh_frame*)
 .eh_frame      0x10004028        0x0 c:/progra~2/gnuarm~1/102020~1/bin/../lib/gcc/arm-none-eabi/10.2.1/thumb/v6-m/nofp/crtbegin.o
                0x10004028                . = ALIGN (0x4)

.glue_7         0x10004028        0x0
 .glue_7        0x10004028        0x0 linker stubs

.glue_7t        0x10004028        0x0
 .glue_7t       0x10004028        0x0 linker stubs

.vfp11_veneer   0x10004028        0x0
 .vfp11_veneer  0x10004028        0x0 linker stubs

.v4_bx          0x10004028        0x0
 .v4_bx         0x10004028        0x0 linker stubs

.iplt           0x10004028        0x0
 .iplt          0x10004028        0x0 c:/progra~2/gnuarm~1/102020~1/bin/../lib/gcc/arm-none-eabi/10.2.1/thumb/v6-m/nofp/crtbegin.o

.rodata         0x10004028      0xdf4
 *(EXCLUDE_FILE(*libm.a: *libc.a:*lib_a-mem*.o *libgcc.a:) .rodata*)
 .rodata.repeating_timer_callback.str1.4
                0x10004028       0x57 CMakeFiles/Hola_Mundo.dir/C_/Users/aguat/Documents/Pico/pico-sdk/src/common/pico_time/time.c.obj
 *fill*         0x1000407f        0x1 
 .rodata.alarm_pool_dump_key.str1.4
                0x10004080       0x33 CMakeFiles/Hola_Mundo.dir/C_/Users/aguat/Documents/Pico/pico-sdk/src/common/pico_time/time.c.obj
 *fill*         0x100040b3        0x1 
 .rodata.ph_add_child_node.str1.4
                0x100040b4       0xa2 CMakeFiles/Hola_Mundo.dir/C_/Users/aguat/Documents/Pico/pico-sdk/src/common/pico_time/time.c.obj
 *fill*         0x10004156        0x2 
 .rodata.add_alarm_under_lock.str1.4
                0x10004158       0x28 CMakeFiles/Hola_Mundo.dir/C_/Users/aguat/Documents/Pico/pico-sdk/src/common/pico_time/time.c.obj
                                 0x2b (size before relaxing)
 .rodata.alarm_pool_alarm_callback.str1.4
                0x10004180       0xf2 CMakeFiles/Hola_Mundo.dir/C_/Users/aguat/Documents/Pico/pico-sdk/src/common/pico_time/time.c.obj
 *fill*         0x10004272        0x2 
 .rodata.alarm_pool_get_default.str1.4
                0x10004274       0x21 CMakeFiles/Hola_Mundo.dir/C_/Users/aguat/Documents/Pico/pico-sdk/src/common/pico_time/time.c.obj
 *fill*         0x10004295        0x3 
 .rodata.sleep_until.str1.4
                0x10004298       0x4d CMakeFiles/Hola_Mundo.dir/C_/Users/aguat/Documents/Pico/pico-sdk/src/common/pico_time/time.c.obj
 *fill*         0x100042e5        0x3 
 .rodata.__func__.10
                0x100042e8       0x15 CMakeFiles/Hola_Mundo.dir/C_/Users/aguat/Documents/Pico/pico-sdk/src/common/pico_time/time.c.obj
 *fill*         0x100042fd        0x3 
 .rodata.__func__.11
                0x10004300       0x1a CMakeFiles/Hola_Mundo.dir/C_/Users/aguat/Documents/Pico/pico-sdk/src/common/pico_time/time.c.obj
 *fill*         0x1000431a        0x2 
 .rodata.__func__.12
                0x1000431c        0xa CMakeFiles/Hola_Mundo.dir/C_/Users/aguat/Documents/Pico/pico-sdk/src/common/pico_time/time.c.obj
 *fill*         0x10004326        0x2 
 .rodata.__func__.3
                0x10004328       0x17 CMakeFiles/Hola_Mundo.dir/C_/Users/aguat/Documents/Pico/pico-sdk/src/common/pico_time/time.c.obj
 *fill*         0x1000433f        0x1 
 .rodata.__func__.4
                0x10004340       0x12 CMakeFiles/Hola_Mundo.dir/C_/Users/aguat/Documents/Pico/pico-sdk/src/common/pico_time/time.c.obj
 *fill*         0x10004352        0x2 
 .rodata.__func__.5
                0x10004354        0xd CMakeFiles/Hola_Mundo.dir/C_/Users/aguat/Documents/Pico/pico-sdk/src/common/pico_time/time.c.obj
 *fill*         0x10004361        0x3 
 .rodata.__func__.6
                0x10004364       0x12 CMakeFiles/Hola_Mundo.dir/C_/Users/aguat/Documents/Pico/pico-sdk/src/common/pico_time/time.c.obj
 *fill*         0x10004376        0x2 
 .rodata.__func__.7
                0x10004378        0xf CMakeFiles/Hola_Mundo.dir/C_/Users/aguat/Documents/Pico/pico-sdk/src/common/pico_time/time.c.obj
 *fill*         0x10004387        0x1 
 .rodata.__func__.8
                0x10004388        0xc CMakeFiles/Hola_Mundo.dir/C_/Users/aguat/Documents/Pico/pico-sdk/src/common/pico_time/time.c.obj
 .rodata.__func__.9
                0x10004394       0x15 CMakeFiles/Hola_Mundo.dir/C_/Users/aguat/Documents/Pico/pico-sdk/src/common/pico_time/time.c.obj
 *fill*         0x100043a9        0x3 
 .rodata.hardware_alarm_claim.str1.4
                0x100043ac       0x22 CMakeFiles/Hola_Mundo.dir/C_/Users/aguat/Documents/Pico/pico-sdk/src/rp2_common/hardware_timer/timer.c.obj
 *fill*         0x100043ce        0x2 
 .rodata.hardware_alarm_set_target.str1.4
                0x100043d0       0x71 CMakeFiles/Hola_Mundo.dir/C_/Users/aguat/Documents/Pico/pico-sdk/src/rp2_common/hardware_timer/timer.c.obj
 *fill*         0x10004441        0x3 
 .rodata.__func__.0
                0x10004444       0x1a CMakeFiles/Hola_Mundo.dir/C_/Users/aguat/Documents/Pico/pico-sdk/src/rp2_common/hardware_timer/timer.c.obj
 *fill*         0x1000445e        0x2 
 .rodata.str1.4
                0x10004460       0x68 CMakeFiles/Hola_Mundo.dir/C_/Users/aguat/Documents/Pico/pico-sdk/src/common/pico_sync/mutex.c.obj
                                 0xd8 (size before relaxing)
 .rodata.__func__.0
                0x100044c8        0xb CMakeFiles/Hola_Mundo.dir/C_/Users/aguat/Documents/Pico/pico-sdk/src/common/pico_sync/mutex.c.obj
 *fill*         0x100044d3        0x1 
 .rodata.__func__.3
                0x100044d4       0x15 CMakeFiles/Hola_Mundo.dir/C_/Users/aguat/Documents/Pico/pico-sdk/src/common/pico_sync/mutex.c.obj
 .rodata.ph_add_child_node.str1.4
                0x100044e9       0xa2 CMakeFiles/Hola_Mundo.dir/C_/Users/aguat/Documents/Pico/pico-sdk/src/common/pico_util/pheap.c.obj
 *fill*         0x100044e9        0x3 
 .rodata.ph_remove_any_head.str1.4
                0x100044ec       0x98 CMakeFiles/Hola_Mundo.dir/C_/Users/aguat/Documents/Pico/pico-sdk/src/common/pico_util/pheap.c.obj
 .rodata.ph_remove_and_free_node.str1.4
                0x10004584       0x26 CMakeFiles/Hola_Mundo.dir/C_/Users/aguat/Documents/Pico/pico-sdk/src/common/pico_util/pheap.c.obj
 *fill*         0x100045aa        0x2 
 .rodata.__func__.0
                0x100045ac       0x18 CMakeFiles/Hola_Mundo.dir/C_/Users/aguat/Documents/Pico/pico-sdk/src/common/pico_util/pheap.c.obj
 .rodata.__func__.1
                0x100045c4       0x13 CMakeFiles/Hola_Mundo.dir/C_/Users/aguat/Documents/Pico/pico-sdk/src/common/pico_util/pheap.c.obj
 *fill*         0x100045d7        0x1 
 .rodata.__func__.2
                0x100045d8       0x12 CMakeFiles/Hola_Mundo.dir/C_/Users/aguat/Documents/Pico/pico-sdk/src/common/pico_util/pheap.c.obj
 *fill*         0x100045ea        0x2 
 .rodata.__func__.3
                0x100045ec        0xc CMakeFiles/Hola_Mundo.dir/C_/Users/aguat/Documents/Pico/pico-sdk/src/common/pico_util/pheap.c.obj
 .rodata.__assert_func.str1.4
                0x100045f8       0x3f CMakeFiles/Hola_Mundo.dir/C_/Users/aguat/Documents/Pico/pico-sdk/src/rp2_common/pico_runtime/runtime.c.obj
                                 0x43 (size before relaxing)
 *fill*         0x10004637        0x1 
 .rodata.panic.str1.4
                0x10004638       0x12 CMakeFiles/Hola_Mundo.dir/C_/Users/aguat/Documents/Pico/pico-sdk/src/rp2_common/pico_runtime/runtime.c.obj
 *fill*         0x1000464a        0x2 
 .rodata.clock_configure.str1.4
                0x1000464c       0x63 CMakeFiles/Hola_Mundo.dir/C_/Users/aguat/Documents/Pico/pico-sdk/src/rp2_common/hardware_clocks/clocks.c.obj
 *fill*         0x100046af        0x1 
 .rodata.__func__.1
                0x100046b0       0x10 CMakeFiles/Hola_Mundo.dir/C_/Users/aguat/Documents/Pico/pico-sdk/src/rp2_common/hardware_clocks/clocks.c.obj
 .rodata.pll_init.str1.4
                0x100046c0       0xe7 CMakeFiles/Hola_Mundo.dir/C_/Users/aguat/Documents/Pico/pico-sdk/src/rp2_common/hardware_pll/pll.c.obj
 *fill*         0x100047a7        0x1 
 .rodata.__func__.0
                0x100047a8        0x9 CMakeFiles/Hola_Mundo.dir/C_/Users/aguat/Documents/Pico/pico-sdk/src/rp2_common/hardware_pll/pll.c.obj
 *fill*         0x100047b1        0x3 
 .rodata.make_branch.str1.4
                0x100047b4       0x59 CMakeFiles/Hola_Mundo.dir/C_/Users/aguat/Documents/Pico/pico-sdk/src/rp2_common/hardware_irq/irq.c.obj
 *fill*         0x1000480d        0x3 
 .rodata.irq_set_exclusive_handler.str1.4
                0x10004810       0x36 CMakeFiles/Hola_Mundo.dir/C_/Users/aguat/Documents/Pico/pico-sdk/src/rp2_common/hardware_irq/irq.c.obj
 *fill*         0x10004846        0x2 
 .rodata.irq_add_shared_handler.str1.4
                0x10004848       0xd9 CMakeFiles/Hola_Mundo.dir/C_/Users/aguat/Documents/Pico/pico-sdk/src/rp2_common/hardware_irq/irq.c.obj
 *fill*         0x10004921        0x3 
 .rodata.irq_remove_handler.str1.4
                0x10004924       0x2a CMakeFiles/Hola_Mundo.dir/C_/Users/aguat/Documents/Pico/pico-sdk/src/rp2_common/hardware_irq/irq.c.obj
 *fill*         0x1000494e        0x2 
 .rodata.irq_add_tail_to_free_list.str1.4
                0x10004950       0x32 CMakeFiles/Hola_Mundo.dir/C_/Users/aguat/Documents/Pico/pico-sdk/src/rp2_common/hardware_irq/irq.c.obj
                                 0x3a (size before relaxing)
 *fill*         0x10004982        0x2 
 .rodata.__func__.0
                0x10004984       0x1a CMakeFiles/Hola_Mundo.dir/C_/Users/aguat/Documents/Pico/pico-sdk/src/rp2_common/hardware_irq/irq.c.obj
 *fill*         0x1000499e        0x2 
 .rodata.__func__.1
                0x100049a0       0x17 CMakeFiles/Hola_Mundo.dir/C_/Users/aguat/Documents/Pico/pico-sdk/src/rp2_common/hardware_irq/irq.c.obj
 *fill*         0x100049b7        0x1 
 .rodata.__func__.2
                0x100049b8       0x13 CMakeFiles/Hola_Mundo.dir/C_/Users/aguat/Documents/Pico/pico-sdk/src/rp2_common/hardware_irq/irq.c.obj
 *fill*         0x100049cb        0x1 
 .rodata.__func__.3
                0x100049cc        0xc CMakeFiles/Hola_Mundo.dir/C_/Users/aguat/Documents/Pico/pico-sdk/src/rp2_common/hardware_irq/irq.c.obj
 .rodata.__func__.4
                0x100049d8        0xf CMakeFiles/Hola_Mundo.dir/C_/Users/aguat/Documents/Pico/pico-sdk/src/rp2_common/hardware_irq/irq.c.obj
 *fill*         0x100049e7        0x1 
 .rodata.__func__.6
                0x100049e8       0x1a CMakeFiles/Hola_Mundo.dir/C_/Users/aguat/Documents/Pico/pico-sdk/src/rp2_common/hardware_irq/irq.c.obj
 *fill*         0x10004a02        0x2 
 .rodata._ftoa.str1.4
                0x10004a04       0x15 CMakeFiles/Hola_Mundo.dir/C_/Users/aguat/Documents/Pico/pico-sdk/src/rp2_common/pico_printf/printf.c.obj
 *fill*         0x10004a19        0x3 
 .rodata._vsnprintf
                0x10004a1c      0x1e0 CMakeFiles/Hola_Mundo.dir/C_/Users/aguat/Documents/Pico/pico-sdk/src/rp2_common/pico_printf/printf.c.obj
 *fill*         0x10004bfc        0x4 
 .rodata.pow10.0
                0x10004c00       0x50 CMakeFiles/Hola_Mundo.dir/C_/Users/aguat/Documents/Pico/pico-sdk/src/rp2_common/pico_printf/printf.c.obj
 .rodata.__aeabi_double_init.str1.4
                0x10004c50       0xb4 CMakeFiles/Hola_Mundo.dir/C_/Users/aguat/Documents/Pico/pico-sdk/src/rp2_common/pico_double/double_init_rom.c.obj
 .rodata.__func__.0
                0x10004d04       0x14 CMakeFiles/Hola_Mundo.dir/C_/Users/aguat/Documents/Pico/pico-sdk/src/rp2_common/pico_double/double_init_rom.c.obj
 .rodata.__aeabi_float_init.str1.4
                0x10004d18       0x86 CMakeFiles/Hola_Mundo.dir/C_/Users/aguat/Documents/Pico/pico-sdk/src/rp2_common/pico_float/float_init_rom.c.obj
                                 0x8a (size before relaxing)
 *fill*         0x10004d9e        0x2 
 .rodata.__func__.0
                0x10004da0       0x13 CMakeFiles/Hola_Mundo.dir/C_/Users/aguat/Documents/Pico/pico-sdk/src/rp2_common/pico_float/float_init_rom.c.obj
 *fill*         0x10004db3        0x1 
 .rodata.str1.4
                0x10004db4       0x40 CMakeFiles/Hola_Mundo.dir/b0bbd2534b939a3865a31f1f9c1b99c9/src/rp2_common/pico_standard_link/binary_info.c.obj
 .rodata.__bi_44
                0x10004df4        0xc CMakeFiles/Hola_Mundo.dir/b0bbd2534b939a3865a31f1f9c1b99c9/src/rp2_common/pico_standard_link/binary_info.c.obj
 .rodata.__bi_75
                0x10004e00        0xc CMakeFiles/Hola_Mundo.dir/b0bbd2534b939a3865a31f1f9c1b99c9/src/rp2_common/pico_standard_link/binary_info.c.obj
 .rodata.__bi_81
                0x10004e0c        0xc CMakeFiles/Hola_Mundo.dir/b0bbd2534b939a3865a31f1f9c1b99c9/src/rp2_common/pico_standard_link/binary_info.c.obj
 .rodata.crlf_str.2
                0x10004e18        0x2 CMakeFiles/Hola_Mundo.dir/C_/Users/aguat/Documents/Pico/pico-sdk/src/rp2_common/pico_stdio/stdio.c.obj
                0x10004e1c                . = ALIGN (0x4)
 *fill*         0x10004e1a        0x2 
 *(SORT_BY_ALIGNMENT(SORT_BY_NAME(.flashdata*)))
                0x10004e1c                . = ALIGN (0x4)

.rel.dyn        0x10004e1c        0x0
 .rel.iplt      0x10004e1c        0x0 c:/progra~2/gnuarm~1/102020~1/bin/../lib/gcc/arm-none-eabi/10.2.1/thumb/v6-m/nofp/crtbegin.o

.ARM.extab
 *(.ARM.extab* .gnu.linkonce.armextab.*)
                0x10004e1c                __exidx_start = .

.ARM.exidx
 *(.ARM.exidx* .gnu.linkonce.armexidx.*)
                0x10004e1c                __exidx_end = .
                0x10004e1c                . = ALIGN (0x4)
                0x10004e1c                __binary_info_start = .

.binary_info    0x10004e1c       0x1c
 *(.binary_info.keep.*)
 .binary_info.keep.__bi_ptr22
                0x10004e1c        0x4 CMakeFiles/Hola_Mundo.dir/b0bbd2534b939a3865a31f1f9c1b99c9/src/rp2_common/pico_standard_link/binary_info.c.obj
 .binary_info.keep.__bi_ptr30
                0x10004e20        0x4 CMakeFiles/Hola_Mundo.dir/b0bbd2534b939a3865a31f1f9c1b99c9/src/rp2_common/pico_standard_link/binary_info.c.obj
 .binary_info.keep.__bi_ptr38
                0x10004e24        0x4 CMakeFiles/Hola_Mundo.dir/b0bbd2534b939a3865a31f1f9c1b99c9/src/rp2_common/pico_standard_link/binary_info.c.obj
 .binary_info.keep.__bi_ptr44
                0x10004e28        0x4 CMakeFiles/Hola_Mundo.dir/b0bbd2534b939a3865a31f1f9c1b99c9/src/rp2_common/pico_standard_link/binary_info.c.obj
 .binary_info.keep.__bi_ptr50
                0x10004e2c        0x4 CMakeFiles/Hola_Mundo.dir/b0bbd2534b939a3865a31f1f9c1b99c9/src/rp2_common/pico_standard_link/binary_info.c.obj
 .binary_info.keep.__bi_ptr75
                0x10004e30        0x4 CMakeFiles/Hola_Mundo.dir/b0bbd2534b939a3865a31f1f9c1b99c9/src/rp2_common/pico_standard_link/binary_info.c.obj
 .binary_info.keep.__bi_ptr81
                0x10004e34        0x4 CMakeFiles/Hola_Mundo.dir/b0bbd2534b939a3865a31f1f9c1b99c9/src/rp2_common/pico_standard_link/binary_info.c.obj
 *(.binary_info.*)
                0x10004e38                __binary_info_end = .
                0x10004e38                . = ALIGN (0x4)
                0x10004e38                __etext = .

.ram_vector_table
                0x20000000       0xc0
 *(.ram_vector_table)
 .ram_vector_table
                0x20000000       0xc0 CMakeFiles/Hola_Mundo.dir/C_/Users/aguat/Documents/Pico/pico-sdk/src/rp2_common/pico_runtime/runtime.c.obj
                0x20000000                ram_vector_table

.data           0x200000c0      0x1cc load address 0x10004e38
                0x200000c0                __data_start__ = .
 *(vtable)
 *(.time_critical*)
 .time_critical.mutex_enter_blocking
                0x200000c0       0x64 CMakeFiles/Hola_Mundo.dir/C_/Users/aguat/Documents/Pico/pico-sdk/src/common/pico_sync/mutex.c.obj
                0x200000c0                mutex_enter_blocking
 .time_critical.mutex_try_enter
                0x20000124       0x46 CMakeFiles/Hola_Mundo.dir/C_/Users/aguat/Documents/Pico/pico-sdk/src/common/pico_sync/mutex.c.obj
                0x20000124                mutex_try_enter
 *fill*         0x2000016a        0x2 
 .time_critical.mutex_exit
                0x2000016c       0x4c CMakeFiles/Hola_Mundo.dir/C_/Users/aguat/Documents/Pico/pico-sdk/src/common/pico_sync/mutex.c.obj
                0x2000016c                mutex_exit
 *(.text*)
 .text          0x200001b8        0x4 c:/progra~2/gnuarm~1/102020~1/bin/../lib/gcc/arm-none-eabi/10.2.1/thumb/v6-m/nofp\libgcc.a(_dvmd_tls.o)
                0x200001b8                __aeabi_idiv0
                0x200001b8                __aeabi_ldiv0
 *fill*         0x200001bc        0x4 
 .text.__stub   0x200001c0       0x10 linker stubs
                0x200001d0                . = ALIGN (0x4)
 *(.rodata*)
                0x200001d0                . = ALIGN (0x4)
 *(.data*)
 .data.striped_spin_lock_num
                0x200001d0        0x1 CMakeFiles/Hola_Mundo.dir/C_/Users/aguat/Documents/Pico/pico-sdk/src/rp2_common/hardware_sync/sync.c.obj
 *fill*         0x200001d1        0x3 
 .data.default_alarm_pool
                0x200001d4       0x18 CMakeFiles/Hola_Mundo.dir/C_/Users/aguat/Documents/Pico/pico-sdk/src/common/pico_time/time.c.obj
 .data.default_alarm_pool_heap
                0x200001ec       0x10 CMakeFiles/Hola_Mundo.dir/C_/Users/aguat/Documents/Pico/pico-sdk/src/common/pico_time/time.c.obj
 .data          0x200001fc       0x48 CMakeFiles/Hola_Mundo.dir/b0bbd2534b939a3865a31f1f9c1b99c9/src/rp2_common/hardware_irq/irq_handler_chain.S.obj
                0x200001fc                irq_handler_chain_slots
                0x2000022c                irq_handler_chain_first_slot
                0x20000236                irq_handler_chain_remove_tail
 *fill*         0x20000244        0xc 
 .data.aeabi_bits_funcs
                0x20000250       0x10 CMakeFiles/Hola_Mundo.dir/C_/Users/aguat/Documents/Pico/pico-sdk/src/rp2_common/pico_bit_ops/bit_ops_aeabi.S.obj
                0x20000250                aeabi_bits_funcs
                0x20000260                aeabi_bits_funcs_end
 .data.aeabi_mem_funcs
                0x20000260       0x10 CMakeFiles/Hola_Mundo.dir/C_/Users/aguat/Documents/Pico/pico-sdk/src/rp2_common/pico_mem_ops/mem_ops_aeabi.S.obj
                0x20000260                aeabi_mem_funcs
                0x20000270                aeabi_mem_funcs_end
                0x20000270                . = ALIGN (0x4)
 *(.after_data.*)
                0x20000270                . = ALIGN (0x4)
                0x20000270                PROVIDE (__mutex_array_start = .)
 *(SORT_BY_NAME(.mutex_array.*))
 *(.mutex_array)
 .mutex_array   0x20000270        0x8 CMakeFiles/Hola_Mundo.dir/C_/Users/aguat/Documents/Pico/pico-sdk/src/rp2_common/pico_stdio/stdio.c.obj
                0x20000278                PROVIDE (__mutex_array_end = .)
                0x20000278                . = ALIGN (0x4)
                0x20000278                PROVIDE (__preinit_array_start = .)
 *(SORT_BY_NAME(.preinit_array.*))
 .preinit_array.00001
                0x20000278        0x4 CMakeFiles/Hola_Mundo.dir/C_/Users/aguat/Documents/Pico/pico-sdk/src/rp2_common/pico_mem_ops/mem_ops_aeabi.S.obj
 .preinit_array.00010
                0x2000027c        0x4 CMakeFiles/Hola_Mundo.dir/C_/Users/aguat/Documents/Pico/pico-sdk/src/rp2_common/pico_bit_ops/bit_ops_aeabi.S.obj
 .preinit_array.00020
                0x20000280        0x4 CMakeFiles/Hola_Mundo.dir/C_/Users/aguat/Documents/Pico/pico-sdk/src/rp2_common/pico_double/double_aeabi.S.obj
 .preinit_array.00020
                0x20000284        0x4 CMakeFiles/Hola_Mundo.dir/C_/Users/aguat/Documents/Pico/pico-sdk/src/rp2_common/pico_float/float_aeabi.S.obj
 *(.preinit_array)
                0x20000288                PROVIDE (__preinit_array_end = .)
                0x20000288                . = ALIGN (0x4)
                0x20000288                PROVIDE (__init_array_start = .)
 *(SORT_BY_NAME(.init_array.*))
 *(.init_array)
 .init_array    0x20000288        0x4 c:/progra~2/gnuarm~1/102020~1/bin/../lib/gcc/arm-none-eabi/10.2.1/thumb/v6-m/nofp/crtbegin.o
                0x2000028c                PROVIDE (__init_array_end = .)
                0x2000028c                . = ALIGN (0x4)
                [!provide]                PROVIDE (__fini_array_start = .)
 *(SORT_BY_NAME(.fini_array.*))
 *(.fini_array)
                [!provide]                PROVIDE (__fini_array_end = .)
 *(.jcr)
                0x2000028c                . = ALIGN (0x4)
                0x2000028c                __data_end__ = .

.igot.plt       0x2000028c        0x0 load address 0x10005004
 .igot.plt      0x2000028c        0x0 c:/progra~2/gnuarm~1/102020~1/bin/../lib/gcc/arm-none-eabi/10.2.1/thumb/v6-m/nofp/crtbegin.o

.uninitialized_data
                0x2000028c        0x0 load address 0x10005004
                0x2000028c                . = ALIGN (0x4)
 *(.uninitialized_data*)

.scratch_x      0x20040000        0x0 load address 0x10005004
                0x20040000                __scratch_x_start__ = .
 *(.scratch_x.*)
                0x20040000                . = ALIGN (0x4)
                0x20040000                __scratch_x_end__ = .
                0x10005004                __scratch_x_source__ = LOADADDR (.scratch_x)

.scratch_y      0x20041000        0x0 load address 0x10005004
                0x20041000                __scratch_y_start__ = .
 *(.scratch_y.*)
                0x20041000                . = ALIGN (0x4)
                0x20041000                __scratch_y_end__ = .
                0x10005004                __scratch_y_source__ = LOADADDR (.scratch_y)

.bss            0x20000290      0x3c4
                0x20000290                . = ALIGN (0x4)
                0x20000290                __bss_start__ = .
 *(SORT_BY_ALIGNMENT(SORT_BY_NAME(.bss*)))
 .bss.default_alarm_pool_entries
                0x20000290      0x100 CMakeFiles/Hola_Mundo.dir/C_/Users/aguat/Documents/Pico/pico-sdk/src/common/pico_time/time.c.obj
 .bss           0x20000390       0x1c c:/progra~2/gnuarm~1/102020~1/bin/../lib/gcc/arm-none-eabi/10.2.1/thumb/v6-m/nofp/crtbegin.o
 .bss.alarm_callbacks
                0x200003ac       0x10 CMakeFiles/Hola_Mundo.dir/C_/Users/aguat/Documents/Pico/pico-sdk/src/rp2_common/hardware_timer/timer.c.obj
 .bss.configured_freq
                0x200003bc       0x28 CMakeFiles/Hola_Mundo.dir/C_/Users/aguat/Documents/Pico/pico-sdk/src/rp2_common/hardware_clocks/clocks.c.obj
 .bss.default_alarm_pool_entry_ids_high
                0x200003e4       0x10 CMakeFiles/Hola_Mundo.dir/C_/Users/aguat/Documents/Pico/pico-sdk/src/common/pico_time/time.c.obj
 .bss.default_alarm_pool_heap_nodes
                0x200003f4       0x30 CMakeFiles/Hola_Mundo.dir/C_/Users/aguat/Documents/Pico/pico-sdk/src/common/pico_time/time.c.obj
 .bss.drivers   0x20000424        0x4 CMakeFiles/Hola_Mundo.dir/C_/Users/aguat/Documents/Pico/pico-sdk/src/rp2_common/pico_stdio/stdio.c.obj
 .bss.filter    0x20000428        0x4 CMakeFiles/Hola_Mundo.dir/C_/Users/aguat/Documents/Pico/pico-sdk/src/rp2_common/pico_stdio/stdio.c.obj
 .bss.pools     0x2000042c       0x10 CMakeFiles/Hola_Mundo.dir/C_/Users/aguat/Documents/Pico/pico-sdk/src/common/pico_time/time.c.obj
 .bss.sd_table  0x2000043c      0x100 CMakeFiles/Hola_Mundo.dir/C_/Users/aguat/Documents/Pico/pico-sdk/src/rp2_common/pico_double/double_init_rom.c.obj
                0x2000043c                sd_table
 .bss.sf_clz_func
                0x2000053c        0x4 CMakeFiles/Hola_Mundo.dir/C_/Users/aguat/Documents/Pico/pico-sdk/src/rp2_common/pico_float/float_init_rom.c.obj
                0x2000053c                sf_clz_func
 .bss.sf_table  0x20000540      0x100 CMakeFiles/Hola_Mundo.dir/C_/Users/aguat/Documents/Pico/pico-sdk/src/rp2_common/pico_float/float_init_rom.c.obj
                0x20000540                sf_table
 .bss.target_hi
                0x20000640       0x10 CMakeFiles/Hola_Mundo.dir/C_/Users/aguat/Documents/Pico/pico-sdk/src/rp2_common/hardware_timer/timer.c.obj
 .bss.claimed   0x20000650        0x1 CMakeFiles/Hola_Mundo.dir/C_/Users/aguat/Documents/Pico/pico-sdk/src/rp2_common/hardware_timer/timer.c.obj
 .bss.irq_hander_chain_free_slot_head
                0x20000651        0x1 CMakeFiles/Hola_Mundo.dir/C_/Users/aguat/Documents/Pico/pico-sdk/src/rp2_common/hardware_irq/irq.c.obj
 .bss.timer_callbacks_pending
                0x20000652        0x1 CMakeFiles/Hola_Mundo.dir/C_/Users/aguat/Documents/Pico/pico-sdk/src/rp2_common/hardware_timer/timer.c.obj
 *(COMMON)
                0x20000654                . = ALIGN (0x4)
 *fill*         0x20000653        0x1 
                0x20000654                __bss_end__ = .

.heap           0x20000654      0x800
                0x20000654                __end__ = .
                0x20000654                end = __end__
 *(.heap*)
 .heap          0x20000654      0x800 CMakeFiles/Hola_Mundo.dir/C_/Users/aguat/Documents/Pico/pico-sdk/src/rp2_common/pico_standard_link/crt0.S.obj
                0x20000e54                __HeapLimit = .

.stack1_dummy   0x20040000        0x0
 *(.stack1*)

.stack_dummy    0x20041000      0x800
 *(.stack*)
 .stack         0x20041000      0x800 CMakeFiles/Hola_Mundo.dir/C_/Users/aguat/Documents/Pico/pico-sdk/src/rp2_common/pico_standard_link/crt0.S.obj

.flash_end      0x10005004        0x0
                0x10005004                __flash_binary_end = .
                0x20040000                __StackLimit = (ORIGIN (RAM) + LENGTH (RAM))
                0x20041000                __StackOneTop = (ORIGIN (SCRATCH_X) + LENGTH (SCRATCH_X))
                0x20042000                __StackTop = (ORIGIN (SCRATCH_Y) + LENGTH (SCRATCH_Y))
                0x20041000                __StackOneBottom = (__StackOneTop - SIZEOF (.stack1_dummy))
                0x20041800                __StackBottom = (__StackTop - SIZEOF (.stack_dummy))
                0x20042000                PROVIDE (__stack = __StackTop)
                0x00000001                ASSERT ((__StackLimit >= __HeapLimit), region RAM overflowed)
                0x00000001                ASSERT (((__binary_info_header_end - __logical_binary_start) <= 0x100), Binary info must be in first 256 bytes of the binary)
LOAD CMakeFiles/Hola_Mundo.dir/Hola_Mundo.c.obj
LOAD CMakeFiles/Hola_Mundo.dir/C_/Users/aguat/Documents/Pico/pico-sdk/src/rp2_common/pico_stdlib/stdlib.c.obj
LOAD CMakeFiles/Hola_Mundo.dir/C_/Users/aguat/Documents/Pico/pico-sdk/src/rp2_common/hardware_gpio/gpio.c.obj
LOAD CMakeFiles/Hola_Mundo.dir/C_/Users/aguat/Documents/Pico/pico-sdk/src/rp2_common/hardware_claim/claim.c.obj
LOAD CMakeFiles/Hola_Mundo.dir/C_/Users/aguat/Documents/Pico/pico-sdk/src/rp2_common/hardware_sync/sync.c.obj
LOAD CMakeFiles/Hola_Mundo.dir/C_/Users/aguat/Documents/Pico/pico-sdk/src/rp2_common/pico_platform/platform.c.obj
LOAD CMakeFiles/Hola_Mundo.dir/C_/Users/aguat/Documents/Pico/pico-sdk/src/rp2_common/hardware_uart/uart.c.obj
LOAD CMakeFiles/Hola_Mundo.dir/C_/Users/aguat/Documents/Pico/pico-sdk/src/rp2_common/hardware_divider/divider.S.obj
LOAD CMakeFiles/Hola_Mundo.dir/C_/Users/aguat/Documents/Pico/pico-sdk/src/common/pico_time/time.c.obj
LOAD CMakeFiles/Hola_Mundo.dir/C_/Users/aguat/Documents/Pico/pico-sdk/src/common/pico_time/timeout_helper.c.obj
LOAD CMakeFiles/Hola_Mundo.dir/C_/Users/aguat/Documents/Pico/pico-sdk/src/rp2_common/hardware_timer/timer.c.obj
LOAD CMakeFiles/Hola_Mundo.dir/C_/Users/aguat/Documents/Pico/pico-sdk/src/common/pico_sync/sem.c.obj
LOAD CMakeFiles/Hola_Mundo.dir/C_/Users/aguat/Documents/Pico/pico-sdk/src/common/pico_sync/lock_core.c.obj
LOAD CMakeFiles/Hola_Mundo.dir/C_/Users/aguat/Documents/Pico/pico-sdk/src/common/pico_sync/mutex.c.obj
LOAD CMakeFiles/Hola_Mundo.dir/C_/Users/aguat/Documents/Pico/pico-sdk/src/common/pico_sync/critical_section.c.obj
LOAD CMakeFiles/Hola_Mundo.dir/C_/Users/aguat/Documents/Pico/pico-sdk/src/common/pico_util/datetime.c.obj
LOAD CMakeFiles/Hola_Mundo.dir/C_/Users/aguat/Documents/Pico/pico-sdk/src/common/pico_util/pheap.c.obj
LOAD CMakeFiles/Hola_Mundo.dir/C_/Users/aguat/Documents/Pico/pico-sdk/src/common/pico_util/queue.c.obj
LOAD CMakeFiles/Hola_Mundo.dir/C_/Users/aguat/Documents/Pico/pico-sdk/src/rp2_common/pico_runtime/runtime.c.obj
LOAD CMakeFiles/Hola_Mundo.dir/C_/Users/aguat/Documents/Pico/pico-sdk/src/rp2_common/hardware_clocks/clocks.c.obj
LOAD CMakeFiles/Hola_Mundo.dir/C_/Users/aguat/Documents/Pico/pico-sdk/src/rp2_common/hardware_watchdog/watchdog.c.obj
LOAD CMakeFiles/Hola_Mundo.dir/C_/Users/aguat/Documents/Pico/pico-sdk/src/rp2_common/hardware_xosc/xosc.c.obj
LOAD CMakeFiles/Hola_Mundo.dir/C_/Users/aguat/Documents/Pico/pico-sdk/src/rp2_common/hardware_pll/pll.c.obj
LOAD CMakeFiles/Hola_Mundo.dir/C_/Users/aguat/Documents/Pico/pico-sdk/src/rp2_common/hardware_vreg/vreg.c.obj
LOAD CMakeFiles/Hola_Mundo.dir/C_/Users/aguat/Documents/Pico/pico-sdk/src/rp2_common/hardware_irq/irq.c.obj
LOAD CMakeFiles/Hola_Mundo.dir/b0bbd2534b939a3865a31f1f9c1b99c9/src/rp2_common/hardware_irq/irq_handler_chain.S.obj
LOAD CMakeFiles/Hola_Mundo.dir/C_/Users/aguat/Documents/Pico/pico-sdk/src/rp2_common/pico_printf/printf.c.obj
LOAD CMakeFiles/Hola_Mundo.dir/C_/Users/aguat/Documents/Pico/pico-sdk/src/rp2_common/pico_bit_ops/bit_ops_aeabi.S.obj
LOAD CMakeFiles/Hola_Mundo.dir/C_/Users/aguat/Documents/Pico/pico-sdk/src/rp2_common/pico_bootrom/bootrom.c.obj
LOAD CMakeFiles/Hola_Mundo.dir/C_/Users/aguat/Documents/Pico/pico-sdk/src/rp2_common/pico_divider/divider.S.obj
LOAD CMakeFiles/Hola_Mundo.dir/C_/Users/aguat/Documents/Pico/pico-sdk/src/rp2_common/pico_double/double_aeabi.S.obj
LOAD CMakeFiles/Hola_Mundo.dir/C_/Users/aguat/Documents/Pico/pico-sdk/src/rp2_common/pico_double/double_init_rom.c.obj
LOAD CMakeFiles/Hola_Mundo.dir/C_/Users/aguat/Documents/Pico/pico-sdk/src/rp2_common/pico_double/double_math.c.obj
LOAD CMakeFiles/Hola_Mundo.dir/b0bbd2534b939a3865a31f1f9c1b99c9/src/rp2_common/pico_double/double_v1_rom_shim.S.obj
LOAD CMakeFiles/Hola_Mundo.dir/4deea2c0fcfb6be49c7bba50c11fb00b/rp2_common/pico_int64_ops/pico_int64_ops_aeabi.S.obj
LOAD CMakeFiles/Hola_Mundo.dir/C_/Users/aguat/Documents/Pico/pico-sdk/src/rp2_common/pico_float/float_aeabi.S.obj
LOAD CMakeFiles/Hola_Mundo.dir/C_/Users/aguat/Documents/Pico/pico-sdk/src/rp2_common/pico_float/float_init_rom.c.obj
LOAD CMakeFiles/Hola_Mundo.dir/C_/Users/aguat/Documents/Pico/pico-sdk/src/rp2_common/pico_float/float_math.c.obj
LOAD CMakeFiles/Hola_Mundo.dir/b0bbd2534b939a3865a31f1f9c1b99c9/src/rp2_common/pico_float/float_v1_rom_shim.S.obj
LOAD CMakeFiles/Hola_Mundo.dir/C_/Users/aguat/Documents/Pico/pico-sdk/src/rp2_common/pico_malloc/pico_malloc.c.obj
LOAD CMakeFiles/Hola_Mundo.dir/C_/Users/aguat/Documents/Pico/pico-sdk/src/rp2_common/pico_mem_ops/mem_ops_aeabi.S.obj
LOAD CMakeFiles/Hola_Mundo.dir/C_/Users/aguat/Documents/Pico/pico-sdk/src/rp2_common/pico_standard_link/crt0.S.obj
LOAD CMakeFiles/Hola_Mundo.dir/b0bbd2534b939a3865a31f1f9c1b99c9/src/rp2_common/pico_standard_link/new_delete.cpp.obj
LOAD CMakeFiles/Hola_Mundo.dir/b0bbd2534b939a3865a31f1f9c1b99c9/src/rp2_common/pico_standard_link/binary_info.c.obj
LOAD CMakeFiles/Hola_Mundo.dir/C_/Users/aguat/Documents/Pico/pico-sdk/src/rp2_common/pico_stdio/stdio.c.obj
LOAD CMakeFiles/Hola_Mundo.dir/C_/Users/aguat/Documents/Pico/pico-sdk/src/rp2_common/pico_stdio_uart/stdio_uart.c.obj
LOAD C:\Users\aguat\AppData\Local\Temp\ccIRBVJP.o
LOAD c:/progra~2/gnuarm~1/102020~1/bin/../lib/gcc/arm-none-eabi/10.2.1/../../../../arm-none-eabi/lib/thumb/v6-m/nofp\libstdc++.a
LOAD c:/progra~2/gnuarm~1/102020~1/bin/../lib/gcc/arm-none-eabi/10.2.1/../../../../arm-none-eabi/lib/thumb/v6-m/nofp\libm.a
START GROUP
LOAD c:/progra~2/gnuarm~1/102020~1/bin/../lib/gcc/arm-none-eabi/10.2.1/thumb/v6-m/nofp\libgcc.a
LOAD c:/progra~2/gnuarm~1/102020~1/bin/../lib/gcc/arm-none-eabi/10.2.1/../../../../arm-none-eabi/lib/thumb/v6-m/nofp\libg.a
LOAD c:/progra~2/gnuarm~1/102020~1/bin/../lib/gcc/arm-none-eabi/10.2.1/../../../../arm-none-eabi/lib/thumb/v6-m/nofp\libc.a
END GROUP
START GROUP
LOAD c:/progra~2/gnuarm~1/102020~1/bin/../lib/gcc/arm-none-eabi/10.2.1/thumb/v6-m/nofp\libgcc.a
LOAD c:/progra~2/gnuarm~1/102020~1/bin/../lib/gcc/arm-none-eabi/10.2.1/../../../../arm-none-eabi/lib/thumb/v6-m/nofp\libc.a
LOAD c:/progra~2/gnuarm~1/102020~1/bin/../lib/gcc/arm-none-eabi/10.2.1/../../../../arm-none-eabi/lib/thumb/v6-m/nofp\libnosys.a
END GROUP
LOAD c:/progra~2/gnuarm~1/102020~1/bin/../lib/gcc/arm-none-eabi/10.2.1/thumb/v6-m/nofp/crtend.o
LOAD c:/progra~2/gnuarm~1/102020~1/bin/../lib/gcc/arm-none-eabi/10.2.1/thumb/v6-m/nofp/crtn.o
OUTPUT(Hola_Mundo.elf elf32-littlearm)
LOAD linker stubs

.ARM.attributes
                0x00000000       0x28
 .ARM.attributes
                0x00000000       0x1e c:/progra~2/gnuarm~1/102020~1/bin/../lib/gcc/arm-none-eabi/10.2.1/thumb/v6-m/nofp/crti.o
 .ARM.attributes
                0x0000001e       0x2c c:/progra~2/gnuarm~1/102020~1/bin/../lib/gcc/arm-none-eabi/10.2.1/thumb/v6-m/nofp/crtbegin.o
 .ARM.attributes
                0x0000004a       0x2c CMakeFiles/Hola_Mundo.dir/Hola_Mundo.c.obj
 .ARM.attributes
                0x00000076       0x2c CMakeFiles/Hola_Mundo.dir/C_/Users/aguat/Documents/Pico/pico-sdk/src/rp2_common/hardware_gpio/gpio.c.obj
 .ARM.attributes
                0x000000a2       0x2c CMakeFiles/Hola_Mundo.dir/C_/Users/aguat/Documents/Pico/pico-sdk/src/rp2_common/hardware_claim/claim.c.obj
 .ARM.attributes
                0x000000ce       0x2c CMakeFiles/Hola_Mundo.dir/C_/Users/aguat/Documents/Pico/pico-sdk/src/rp2_common/hardware_sync/sync.c.obj
 .ARM.attributes
                0x000000fa       0x2c CMakeFiles/Hola_Mundo.dir/C_/Users/aguat/Documents/Pico/pico-sdk/src/rp2_common/pico_platform/platform.c.obj
 .ARM.attributes
                0x00000126       0x2c CMakeFiles/Hola_Mundo.dir/C_/Users/aguat/Documents/Pico/pico-sdk/src/common/pico_time/time.c.obj
 .ARM.attributes
                0x00000152       0x2c CMakeFiles/Hola_Mundo.dir/C_/Users/aguat/Documents/Pico/pico-sdk/src/rp2_common/hardware_timer/timer.c.obj
 .ARM.attributes
                0x0000017e       0x2c CMakeFiles/Hola_Mundo.dir/C_/Users/aguat/Documents/Pico/pico-sdk/src/common/pico_sync/lock_core.c.obj
 .ARM.attributes
                0x000001aa       0x2c CMakeFiles/Hola_Mundo.dir/C_/Users/aguat/Documents/Pico/pico-sdk/src/common/pico_sync/mutex.c.obj
 .ARM.attributes
                0x000001d6       0x2c CMakeFiles/Hola_Mundo.dir/C_/Users/aguat/Documents/Pico/pico-sdk/src/common/pico_util/pheap.c.obj
 .ARM.attributes
                0x00000202       0x2c CMakeFiles/Hola_Mundo.dir/C_/Users/aguat/Documents/Pico/pico-sdk/src/rp2_common/pico_runtime/runtime.c.obj
 .ARM.attributes
                0x0000022e       0x2c CMakeFiles/Hola_Mundo.dir/C_/Users/aguat/Documents/Pico/pico-sdk/src/rp2_common/hardware_clocks/clocks.c.obj
 .ARM.attributes
                0x0000025a       0x2c CMakeFiles/Hola_Mundo.dir/C_/Users/aguat/Documents/Pico/pico-sdk/src/rp2_common/hardware_watchdog/watchdog.c.obj
 .ARM.attributes
                0x00000286       0x2c CMakeFiles/Hola_Mundo.dir/C_/Users/aguat/Documents/Pico/pico-sdk/src/rp2_common/hardware_xosc/xosc.c.obj
 .ARM.attributes
                0x000002b2       0x2c CMakeFiles/Hola_Mundo.dir/C_/Users/aguat/Documents/Pico/pico-sdk/src/rp2_common/hardware_pll/pll.c.obj
 .ARM.attributes
                0x000002de       0x2c CMakeFiles/Hola_Mundo.dir/C_/Users/aguat/Documents/Pico/pico-sdk/src/rp2_common/hardware_irq/irq.c.obj
 .ARM.attributes
                0x0000030a       0x22 CMakeFiles/Hola_Mundo.dir/b0bbd2534b939a3865a31f1f9c1b99c9/src/rp2_common/hardware_irq/irq_handler_chain.S.obj
 .ARM.attributes
                0x0000032c       0x2c CMakeFiles/Hola_Mundo.dir/C_/Users/aguat/Documents/Pico/pico-sdk/src/rp2_common/pico_printf/printf.c.obj
 .ARM.attributes
                0x00000358       0x22 CMakeFiles/Hola_Mundo.dir/C_/Users/aguat/Documents/Pico/pico-sdk/src/rp2_common/pico_bit_ops/bit_ops_aeabi.S.obj
 .ARM.attributes
                0x0000037a       0x2c CMakeFiles/Hola_Mundo.dir/C_/Users/aguat/Documents/Pico/pico-sdk/src/rp2_common/pico_bootrom/bootrom.c.obj
 .ARM.attributes
                0x000003a6       0x22 CMakeFiles/Hola_Mundo.dir/C_/Users/aguat/Documents/Pico/pico-sdk/src/rp2_common/pico_divider/divider.S.obj
 .ARM.attributes
                0x000003c8       0x22 CMakeFiles/Hola_Mundo.dir/C_/Users/aguat/Documents/Pico/pico-sdk/src/rp2_common/pico_double/double_aeabi.S.obj
 .ARM.attributes
                0x000003ea       0x2c CMakeFiles/Hola_Mundo.dir/C_/Users/aguat/Documents/Pico/pico-sdk/src/rp2_common/pico_double/double_init_rom.c.obj
 .ARM.attributes
                0x00000416       0x22 CMakeFiles/Hola_Mundo.dir/b0bbd2534b939a3865a31f1f9c1b99c9/src/rp2_common/pico_double/double_v1_rom_shim.S.obj
 .ARM.attributes
                0x00000438       0x22 CMakeFiles/Hola_Mundo.dir/4deea2c0fcfb6be49c7bba50c11fb00b/rp2_common/pico_int64_ops/pico_int64_ops_aeabi.S.obj
 .ARM.attributes
                0x0000045a       0x22 CMakeFiles/Hola_Mundo.dir/C_/Users/aguat/Documents/Pico/pico-sdk/src/rp2_common/pico_float/float_aeabi.S.obj
 .ARM.attributes
                0x0000047c       0x2c CMakeFiles/Hola_Mundo.dir/C_/Users/aguat/Documents/Pico/pico-sdk/src/rp2_common/pico_float/float_init_rom.c.obj
 .ARM.attributes
                0x000004a8       0x22 CMakeFiles/Hola_Mundo.dir/b0bbd2534b939a3865a31f1f9c1b99c9/src/rp2_common/pico_float/float_v1_rom_shim.S.obj
 .ARM.attributes
                0x000004ca       0x22 CMakeFiles/Hola_Mundo.dir/C_/Users/aguat/Documents/Pico/pico-sdk/src/rp2_common/pico_mem_ops/mem_ops_aeabi.S.obj
 .ARM.attributes
                0x000004ec       0x22 CMakeFiles/Hola_Mundo.dir/C_/Users/aguat/Documents/Pico/pico-sdk/src/rp2_common/pico_standard_link/crt0.S.obj
 .ARM.attributes
                0x0000050e       0x32 CMakeFiles/Hola_Mundo.dir/b0bbd2534b939a3865a31f1f9c1b99c9/src/rp2_common/pico_standard_link/binary_info.c.obj
 .ARM.attributes
                0x00000540       0x2c CMakeFiles/Hola_Mundo.dir/C_/Users/aguat/Documents/Pico/pico-sdk/src/rp2_common/pico_stdio/stdio.c.obj
 .ARM.attributes
                0x0000056c       0x22 C:\Users\aguat\AppData\Local\Temp\ccIRBVJP.o
 .ARM.attributes
                0x0000058e       0x1e c:/progra~2/gnuarm~1/102020~1/bin/../lib/gcc/arm-none-eabi/10.2.1/thumb/v6-m/nofp\libgcc.a(_dvmd_tls.o)
 .ARM.attributes
                0x000005ac       0x2c c:/progra~2/gnuarm~1/102020~1/bin/../lib/gcc/arm-none-eabi/10.2.1/../../../../arm-none-eabi/lib/thumb/v6-m/nofp\libg.a(lib_a-strlen-stub.o)

.comment        0x00000000       0x4d
 .comment       0x00000000       0x4d CMakeFiles/Hola_Mundo.dir/Hola_Mundo.c.obj
                                 0x4e (size before relaxing)
 .comment       0x0000004d       0x4e CMakeFiles/Hola_Mundo.dir/C_/Users/aguat/Documents/Pico/pico-sdk/src/rp2_common/hardware_gpio/gpio.c.obj
 .comment       0x0000004d       0x4e CMakeFiles/Hola_Mundo.dir/C_/Users/aguat/Documents/Pico/pico-sdk/src/rp2_common/hardware_claim/claim.c.obj
 .comment       0x0000004d       0x4e CMakeFiles/Hola_Mundo.dir/C_/Users/aguat/Documents/Pico/pico-sdk/src/rp2_common/hardware_sync/sync.c.obj
 .comment       0x0000004d       0x4e CMakeFiles/Hola_Mundo.dir/C_/Users/aguat/Documents/Pico/pico-sdk/src/rp2_common/pico_platform/platform.c.obj
 .comment       0x0000004d       0x4e CMakeFiles/Hola_Mundo.dir/C_/Users/aguat/Documents/Pico/pico-sdk/src/common/pico_time/time.c.obj
 .comment       0x0000004d       0x4e CMakeFiles/Hola_Mundo.dir/C_/Users/aguat/Documents/Pico/pico-sdk/src/rp2_common/hardware_timer/timer.c.obj
 .comment       0x0000004d       0x4e CMakeFiles/Hola_Mundo.dir/C_/Users/aguat/Documents/Pico/pico-sdk/src/common/pico_sync/lock_core.c.obj
 .comment       0x0000004d       0x4e CMakeFiles/Hola_Mundo.dir/C_/Users/aguat/Documents/Pico/pico-sdk/src/common/pico_sync/mutex.c.obj
 .comment       0x0000004d       0x4e CMakeFiles/Hola_Mundo.dir/C_/Users/aguat/Documents/Pico/pico-sdk/src/common/pico_util/pheap.c.obj
 .comment       0x0000004d       0x4e CMakeFiles/Hola_Mundo.dir/C_/Users/aguat/Documents/Pico/pico-sdk/src/rp2_common/pico_runtime/runtime.c.obj
 .comment       0x0000004d       0x4e CMakeFiles/Hola_Mundo.dir/C_/Users/aguat/Documents/Pico/pico-sdk/src/rp2_common/hardware_clocks/clocks.c.obj
 .comment       0x0000004d       0x4e CMakeFiles/Hola_Mundo.dir/C_/Users/aguat/Documents/Pico/pico-sdk/src/rp2_common/hardware_watchdog/watchdog.c.obj
 .comment       0x0000004d       0x4e CMakeFiles/Hola_Mundo.dir/C_/Users/aguat/Documents/Pico/pico-sdk/src/rp2_common/hardware_xosc/xosc.c.obj
 .comment       0x0000004d       0x4e CMakeFiles/Hola_Mundo.dir/C_/Users/aguat/Documents/Pico/pico-sdk/src/rp2_common/hardware_pll/pll.c.obj
 .comment       0x0000004d       0x4e CMakeFiles/Hola_Mundo.dir/C_/Users/aguat/Documents/Pico/pico-sdk/src/rp2_common/hardware_irq/irq.c.obj
 .comment       0x0000004d       0x4e CMakeFiles/Hola_Mundo.dir/C_/Users/aguat/Documents/Pico/pico-sdk/src/rp2_common/pico_printf/printf.c.obj
 .comment       0x0000004d       0x4e CMakeFiles/Hola_Mundo.dir/C_/Users/aguat/Documents/Pico/pico-sdk/src/rp2_common/pico_bootrom/bootrom.c.obj
 .comment       0x0000004d       0x4e CMakeFiles/Hola_Mundo.dir/C_/Users/aguat/Documents/Pico/pico-sdk/src/rp2_common/pico_double/double_init_rom.c.obj
 .comment       0x0000004d       0x4e CMakeFiles/Hola_Mundo.dir/C_/Users/aguat/Documents/Pico/pico-sdk/src/rp2_common/pico_float/float_init_rom.c.obj
 .comment       0x0000004d       0x4e CMakeFiles/Hola_Mundo.dir/b0bbd2534b939a3865a31f1f9c1b99c9/src/rp2_common/pico_standard_link/binary_info.c.obj
 .comment       0x0000004d       0x4e CMakeFiles/Hola_Mundo.dir/C_/Users/aguat/Documents/Pico/pico-sdk/src/rp2_common/pico_stdio/stdio.c.obj

.debug_info     0x00000000    0x10198
 .debug_info    0x00000000      0x5d0 CMakeFiles/Hola_Mundo.dir/Hola_Mundo.c.obj
 .debug_info    0x000005d0     0x1141 CMakeFiles/Hola_Mundo.dir/C_/Users/aguat/Documents/Pico/pico-sdk/src/rp2_common/hardware_gpio/gpio.c.obj
 .debug_info    0x00001711      0x620 CMakeFiles/Hola_Mundo.dir/C_/Users/aguat/Documents/Pico/pico-sdk/src/rp2_common/hardware_claim/claim.c.obj
 .debug_info    0x00001d31      0x4a5 CMakeFiles/Hola_Mundo.dir/C_/Users/aguat/Documents/Pico/pico-sdk/src/rp2_common/hardware_sync/sync.c.obj
 .debug_info    0x000021d6      0x1e3 CMakeFiles/Hola_Mundo.dir/C_/Users/aguat/Documents/Pico/pico-sdk/src/rp2_common/pico_platform/platform.c.obj
 .debug_info    0x000023b9     0x37d9 CMakeFiles/Hola_Mundo.dir/C_/Users/aguat/Documents/Pico/pico-sdk/src/common/pico_time/time.c.obj
 .debug_info    0x00005b92     0x1043 CMakeFiles/Hola_Mundo.dir/C_/Users/aguat/Documents/Pico/pico-sdk/src/rp2_common/hardware_timer/timer.c.obj
 .debug_info    0x00006bd5      0x17b CMakeFiles/Hola_Mundo.dir/C_/Users/aguat/Documents/Pico/pico-sdk/src/common/pico_sync/lock_core.c.obj
 .debug_info    0x00006d50      0xdb9 CMakeFiles/Hola_Mundo.dir/C_/Users/aguat/Documents/Pico/pico-sdk/src/common/pico_sync/mutex.c.obj
 .debug_info    0x00007b09     0x120c CMakeFiles/Hola_Mundo.dir/C_/Users/aguat/Documents/Pico/pico-sdk/src/common/pico_util/pheap.c.obj
 .debug_info    0x00008d15      0x975 CMakeFiles/Hola_Mundo.dir/C_/Users/aguat/Documents/Pico/pico-sdk/src/rp2_common/pico_runtime/runtime.c.obj
 .debug_info    0x0000968a     0x1068 CMakeFiles/Hola_Mundo.dir/C_/Users/aguat/Documents/Pico/pico-sdk/src/rp2_common/hardware_clocks/clocks.c.obj
 .debug_info    0x0000a6f2      0x49c CMakeFiles/Hola_Mundo.dir/C_/Users/aguat/Documents/Pico/pico-sdk/src/rp2_common/hardware_watchdog/watchdog.c.obj
 .debug_info    0x0000ab8e      0x214 CMakeFiles/Hola_Mundo.dir/C_/Users/aguat/Documents/Pico/pico-sdk/src/rp2_common/hardware_xosc/xosc.c.obj
 .debug_info    0x0000ada2      0x3b0 CMakeFiles/Hola_Mundo.dir/C_/Users/aguat/Documents/Pico/pico-sdk/src/rp2_common/hardware_pll/pll.c.obj
 .debug_info    0x0000b152     0x18ff CMakeFiles/Hola_Mundo.dir/C_/Users/aguat/Documents/Pico/pico-sdk/src/rp2_common/hardware_irq/irq.c.obj
 .debug_info    0x0000ca51       0x26 CMakeFiles/Hola_Mundo.dir/b0bbd2534b939a3865a31f1f9c1b99c9/src/rp2_common/hardware_irq/irq_handler_chain.S.obj
 .debug_info    0x0000ca77     0x1a5f CMakeFiles/Hola_Mundo.dir/C_/Users/aguat/Documents/Pico/pico-sdk/src/rp2_common/pico_printf/printf.c.obj
 .debug_info    0x0000e4d6       0x22 CMakeFiles/Hola_Mundo.dir/C_/Users/aguat/Documents/Pico/pico-sdk/src/rp2_common/pico_bit_ops/bit_ops_aeabi.S.obj
 .debug_info    0x0000e4f8      0x231 CMakeFiles/Hola_Mundo.dir/C_/Users/aguat/Documents/Pico/pico-sdk/src/rp2_common/pico_bootrom/bootrom.c.obj
 .debug_info    0x0000e729       0x22 CMakeFiles/Hola_Mundo.dir/C_/Users/aguat/Documents/Pico/pico-sdk/src/rp2_common/pico_divider/divider.S.obj
 .debug_info    0x0000e74b       0x22 CMakeFiles/Hola_Mundo.dir/C_/Users/aguat/Documents/Pico/pico-sdk/src/rp2_common/pico_double/double_aeabi.S.obj
 .debug_info    0x0000e76d      0x2a0 CMakeFiles/Hola_Mundo.dir/C_/Users/aguat/Documents/Pico/pico-sdk/src/rp2_common/pico_double/double_init_rom.c.obj
 .debug_info    0x0000ea0d       0x22 CMakeFiles/Hola_Mundo.dir/b0bbd2534b939a3865a31f1f9c1b99c9/src/rp2_common/pico_double/double_v1_rom_shim.S.obj
 .debug_info    0x0000ea2f       0x26 CMakeFiles/Hola_Mundo.dir/4deea2c0fcfb6be49c7bba50c11fb00b/rp2_common/pico_int64_ops/pico_int64_ops_aeabi.S.obj
 .debug_info    0x0000ea55       0x22 CMakeFiles/Hola_Mundo.dir/C_/Users/aguat/Documents/Pico/pico-sdk/src/rp2_common/pico_float/float_aeabi.S.obj
 .debug_info    0x0000ea77      0x2e9 CMakeFiles/Hola_Mundo.dir/C_/Users/aguat/Documents/Pico/pico-sdk/src/rp2_common/pico_float/float_init_rom.c.obj
 .debug_info    0x0000ed60       0x22 CMakeFiles/Hola_Mundo.dir/b0bbd2534b939a3865a31f1f9c1b99c9/src/rp2_common/pico_float/float_v1_rom_shim.S.obj
 .debug_info    0x0000ed82       0x22 CMakeFiles/Hola_Mundo.dir/C_/Users/aguat/Documents/Pico/pico-sdk/src/rp2_common/pico_mem_ops/mem_ops_aeabi.S.obj
 .debug_info    0x0000eda4       0x22 CMakeFiles/Hola_Mundo.dir/C_/Users/aguat/Documents/Pico/pico-sdk/src/rp2_common/pico_standard_link/crt0.S.obj
 .debug_info    0x0000edc6      0x2f6 CMakeFiles/Hola_Mundo.dir/b0bbd2534b939a3865a31f1f9c1b99c9/src/rp2_common/pico_standard_link/binary_info.c.obj
 .debug_info    0x0000f0bc     0x10dc CMakeFiles/Hola_Mundo.dir/C_/Users/aguat/Documents/Pico/pico-sdk/src/rp2_common/pico_stdio/stdio.c.obj

.debug_abbrev   0x00000000     0x35e9
 .debug_abbrev  0x00000000      0x185 CMakeFiles/Hola_Mundo.dir/Hola_Mundo.c.obj
 .debug_abbrev  0x00000185      0x2f1 CMakeFiles/Hola_Mundo.dir/C_/Users/aguat/Documents/Pico/pico-sdk/src/rp2_common/hardware_gpio/gpio.c.obj
 .debug_abbrev  0x00000476      0x249 CMakeFiles/Hola_Mundo.dir/C_/Users/aguat/Documents/Pico/pico-sdk/src/rp2_common/hardware_claim/claim.c.obj
 .debug_abbrev  0x000006bf      0x1f8 CMakeFiles/Hola_Mundo.dir/C_/Users/aguat/Documents/Pico/pico-sdk/src/rp2_common/hardware_sync/sync.c.obj
 .debug_abbrev  0x000008b7       0xeb CMakeFiles/Hola_Mundo.dir/C_/Users/aguat/Documents/Pico/pico-sdk/src/rp2_common/pico_platform/platform.c.obj
 .debug_abbrev  0x000009a2      0x531 CMakeFiles/Hola_Mundo.dir/C_/Users/aguat/Documents/Pico/pico-sdk/src/common/pico_time/time.c.obj
 .debug_abbrev  0x00000ed3      0x321 CMakeFiles/Hola_Mundo.dir/C_/Users/aguat/Documents/Pico/pico-sdk/src/rp2_common/hardware_timer/timer.c.obj
 .debug_abbrev  0x000011f4      0x114 CMakeFiles/Hola_Mundo.dir/C_/Users/aguat/Documents/Pico/pico-sdk/src/common/pico_sync/lock_core.c.obj
 .debug_abbrev  0x00001308      0x306 CMakeFiles/Hola_Mundo.dir/C_/Users/aguat/Documents/Pico/pico-sdk/src/common/pico_sync/mutex.c.obj
 .debug_abbrev  0x0000160e      0x297 CMakeFiles/Hola_Mundo.dir/C_/Users/aguat/Documents/Pico/pico-sdk/src/common/pico_util/pheap.c.obj
 .debug_abbrev  0x000018a5      0x32d CMakeFiles/Hola_Mundo.dir/C_/Users/aguat/Documents/Pico/pico-sdk/src/rp2_common/pico_runtime/runtime.c.obj
 .debug_abbrev  0x00001bd2      0x388 CMakeFiles/Hola_Mundo.dir/C_/Users/aguat/Documents/Pico/pico-sdk/src/rp2_common/hardware_clocks/clocks.c.obj
 .debug_abbrev  0x00001f5a      0x1b1 CMakeFiles/Hola_Mundo.dir/C_/Users/aguat/Documents/Pico/pico-sdk/src/rp2_common/hardware_watchdog/watchdog.c.obj
 .debug_abbrev  0x0000210b      0x12c CMakeFiles/Hola_Mundo.dir/C_/Users/aguat/Documents/Pico/pico-sdk/src/rp2_common/hardware_xosc/xosc.c.obj
 .debug_abbrev  0x00002237      0x1cf CMakeFiles/Hola_Mundo.dir/C_/Users/aguat/Documents/Pico/pico-sdk/src/rp2_common/hardware_pll/pll.c.obj
 .debug_abbrev  0x00002406      0x47c CMakeFiles/Hola_Mundo.dir/C_/Users/aguat/Documents/Pico/pico-sdk/src/rp2_common/hardware_irq/irq.c.obj
 .debug_abbrev  0x00002882       0x14 CMakeFiles/Hola_Mundo.dir/b0bbd2534b939a3865a31f1f9c1b99c9/src/rp2_common/hardware_irq/irq_handler_chain.S.obj
 .debug_abbrev  0x00002896      0x384 CMakeFiles/Hola_Mundo.dir/C_/Users/aguat/Documents/Pico/pico-sdk/src/rp2_common/pico_printf/printf.c.obj
 .debug_abbrev  0x00002c1a       0x12 CMakeFiles/Hola_Mundo.dir/C_/Users/aguat/Documents/Pico/pico-sdk/src/rp2_common/pico_bit_ops/bit_ops_aeabi.S.obj
 .debug_abbrev  0x00002c2c       0xf8 CMakeFiles/Hola_Mundo.dir/C_/Users/aguat/Documents/Pico/pico-sdk/src/rp2_common/pico_bootrom/bootrom.c.obj
 .debug_abbrev  0x00002d24       0x12 CMakeFiles/Hola_Mundo.dir/C_/Users/aguat/Documents/Pico/pico-sdk/src/rp2_common/pico_divider/divider.S.obj
 .debug_abbrev  0x00002d36       0x12 CMakeFiles/Hola_Mundo.dir/C_/Users/aguat/Documents/Pico/pico-sdk/src/rp2_common/pico_double/double_aeabi.S.obj
 .debug_abbrev  0x00002d48      0x166 CMakeFiles/Hola_Mundo.dir/C_/Users/aguat/Documents/Pico/pico-sdk/src/rp2_common/pico_double/double_init_rom.c.obj
 .debug_abbrev  0x00002eae       0x12 CMakeFiles/Hola_Mundo.dir/b0bbd2534b939a3865a31f1f9c1b99c9/src/rp2_common/pico_double/double_v1_rom_shim.S.obj
 .debug_abbrev  0x00002ec0       0x14 CMakeFiles/Hola_Mundo.dir/4deea2c0fcfb6be49c7bba50c11fb00b/rp2_common/pico_int64_ops/pico_int64_ops_aeabi.S.obj
 .debug_abbrev  0x00002ed4       0x12 CMakeFiles/Hola_Mundo.dir/C_/Users/aguat/Documents/Pico/pico-sdk/src/rp2_common/pico_float/float_aeabi.S.obj
 .debug_abbrev  0x00002ee6      0x179 CMakeFiles/Hola_Mundo.dir/C_/Users/aguat/Documents/Pico/pico-sdk/src/rp2_common/pico_float/float_init_rom.c.obj
 .debug_abbrev  0x0000305f       0x12 CMakeFiles/Hola_Mundo.dir/b0bbd2534b939a3865a31f1f9c1b99c9/src/rp2_common/pico_float/float_v1_rom_shim.S.obj
 .debug_abbrev  0x00003071       0x12 CMakeFiles/Hola_Mundo.dir/C_/Users/aguat/Documents/Pico/pico-sdk/src/rp2_common/pico_mem_ops/mem_ops_aeabi.S.obj
 .debug_abbrev  0x00003083       0x12 CMakeFiles/Hola_Mundo.dir/C_/Users/aguat/Documents/Pico/pico-sdk/src/rp2_common/pico_standard_link/crt0.S.obj
 .debug_abbrev  0x00003095       0xad CMakeFiles/Hola_Mundo.dir/b0bbd2534b939a3865a31f1f9c1b99c9/src/rp2_common/pico_standard_link/binary_info.c.obj
 .debug_abbrev  0x00003142      0x4a7 CMakeFiles/Hola_Mundo.dir/C_/Users/aguat/Documents/Pico/pico-sdk/src/rp2_common/pico_stdio/stdio.c.obj

.debug_loc      0x00000000     0xb3d0
 .debug_loc     0x00000000      0x114 CMakeFiles/Hola_Mundo.dir/Hola_Mundo.c.obj
 .debug_loc     0x00000114      0xafe CMakeFiles/Hola_Mundo.dir/C_/Users/aguat/Documents/Pico/pico-sdk/src/rp2_common/hardware_gpio/gpio.c.obj
 .debug_loc     0x00000c12      0x457 CMakeFiles/Hola_Mundo.dir/C_/Users/aguat/Documents/Pico/pico-sdk/src/rp2_common/hardware_claim/claim.c.obj
 .debug_loc     0x00001069      0x1d7 CMakeFiles/Hola_Mundo.dir/C_/Users/aguat/Documents/Pico/pico-sdk/src/rp2_common/hardware_sync/sync.c.obj
 .debug_loc     0x00001240       0xe9 CMakeFiles/Hola_Mundo.dir/C_/Users/aguat/Documents/Pico/pico-sdk/src/rp2_common/pico_platform/platform.c.obj
 .debug_loc     0x00001329     0x2c96 CMakeFiles/Hola_Mundo.dir/C_/Users/aguat/Documents/Pico/pico-sdk/src/common/pico_time/time.c.obj
 .debug_loc     0x00003fbf      0x8de CMakeFiles/Hola_Mundo.dir/C_/Users/aguat/Documents/Pico/pico-sdk/src/rp2_common/hardware_timer/timer.c.obj
 .debug_loc     0x0000489d       0x60 CMakeFiles/Hola_Mundo.dir/C_/Users/aguat/Documents/Pico/pico-sdk/src/common/pico_sync/lock_core.c.obj
 .debug_loc     0x000048fd      0x6e1 CMakeFiles/Hola_Mundo.dir/C_/Users/aguat/Documents/Pico/pico-sdk/src/common/pico_sync/mutex.c.obj
 .debug_loc     0x00004fde     0x1439 CMakeFiles/Hola_Mundo.dir/C_/Users/aguat/Documents/Pico/pico-sdk/src/common/pico_util/pheap.c.obj
 .debug_loc     0x00006417      0x3c2 CMakeFiles/Hola_Mundo.dir/C_/Users/aguat/Documents/Pico/pico-sdk/src/rp2_common/pico_runtime/runtime.c.obj
 .debug_loc     0x000067d9      0x890 CMakeFiles/Hola_Mundo.dir/C_/Users/aguat/Documents/Pico/pico-sdk/src/rp2_common/hardware_clocks/clocks.c.obj
 .debug_loc     0x00007069      0x267 CMakeFiles/Hola_Mundo.dir/C_/Users/aguat/Documents/Pico/pico-sdk/src/rp2_common/hardware_watchdog/watchdog.c.obj
 .debug_loc     0x000072d0       0x71 CMakeFiles/Hola_Mundo.dir/C_/Users/aguat/Documents/Pico/pico-sdk/src/rp2_common/hardware_xosc/xosc.c.obj
 .debug_loc     0x00007341      0x228 CMakeFiles/Hola_Mundo.dir/C_/Users/aguat/Documents/Pico/pico-sdk/src/rp2_common/hardware_pll/pll.c.obj
 .debug_loc     0x00007569     0x1186 CMakeFiles/Hola_Mundo.dir/C_/Users/aguat/Documents/Pico/pico-sdk/src/rp2_common/hardware_irq/irq.c.obj
 .debug_loc     0x000086ef     0x2095 CMakeFiles/Hola_Mundo.dir/C_/Users/aguat/Documents/Pico/pico-sdk/src/rp2_common/pico_printf/printf.c.obj
 .debug_loc     0x0000a784      0x16f CMakeFiles/Hola_Mundo.dir/C_/Users/aguat/Documents/Pico/pico-sdk/src/rp2_common/pico_bootrom/bootrom.c.obj
 .debug_loc     0x0000a8f3       0x59 CMakeFiles/Hola_Mundo.dir/C_/Users/aguat/Documents/Pico/pico-sdk/src/rp2_common/pico_double/double_init_rom.c.obj
 .debug_loc     0x0000a94c       0x73 CMakeFiles/Hola_Mundo.dir/C_/Users/aguat/Documents/Pico/pico-sdk/src/rp2_common/pico_float/float_init_rom.c.obj
 .debug_loc     0x0000a9bf      0xa11 CMakeFiles/Hola_Mundo.dir/C_/Users/aguat/Documents/Pico/pico-sdk/src/rp2_common/pico_stdio/stdio.c.obj

.debug_aranges  0x00000000      0xc40
 .debug_aranges
                0x00000000       0x20 CMakeFiles/Hola_Mundo.dir/Hola_Mundo.c.obj
 .debug_aranges
                0x00000020       0xa0 CMakeFiles/Hola_Mundo.dir/C_/Users/aguat/Documents/Pico/pico-sdk/src/rp2_common/hardware_gpio/gpio.c.obj
 .debug_aranges
                0x000000c0       0x48 CMakeFiles/Hola_Mundo.dir/C_/Users/aguat/Documents/Pico/pico-sdk/src/rp2_common/hardware_claim/claim.c.obj
 .debug_aranges
                0x00000108       0x50 CMakeFiles/Hola_Mundo.dir/C_/Users/aguat/Documents/Pico/pico-sdk/src/rp2_common/hardware_sync/sync.c.obj
 .debug_aranges
                0x00000158       0x28 CMakeFiles/Hola_Mundo.dir/C_/Users/aguat/Documents/Pico/pico-sdk/src/rp2_common/pico_platform/platform.c.obj
 .debug_aranges
                0x00000180       0xd0 CMakeFiles/Hola_Mundo.dir/C_/Users/aguat/Documents/Pico/pico-sdk/src/common/pico_time/time.c.obj
 .debug_aranges
                0x00000250       0x68 CMakeFiles/Hola_Mundo.dir/C_/Users/aguat/Documents/Pico/pico-sdk/src/rp2_common/hardware_timer/timer.c.obj
 .debug_aranges
                0x000002b8       0x20 CMakeFiles/Hola_Mundo.dir/C_/Users/aguat/Documents/Pico/pico-sdk/src/common/pico_sync/lock_core.c.obj
 .debug_aranges
                0x000002d8       0x48 CMakeFiles/Hola_Mundo.dir/C_/Users/aguat/Documents/Pico/pico-sdk/src/common/pico_sync/mutex.c.obj
 .debug_aranges
                0x00000320       0x78 CMakeFiles/Hola_Mundo.dir/C_/Users/aguat/Documents/Pico/pico-sdk/src/common/pico_util/pheap.c.obj
 .debug_aranges
                0x00000398       0x60 CMakeFiles/Hola_Mundo.dir/C_/Users/aguat/Documents/Pico/pico-sdk/src/rp2_common/pico_runtime/runtime.c.obj
 .debug_aranges
                0x000003f8       0x70 CMakeFiles/Hola_Mundo.dir/C_/Users/aguat/Documents/Pico/pico-sdk/src/rp2_common/hardware_clocks/clocks.c.obj
 .debug_aranges
                0x00000468       0x50 CMakeFiles/Hola_Mundo.dir/C_/Users/aguat/Documents/Pico/pico-sdk/src/rp2_common/hardware_watchdog/watchdog.c.obj
 .debug_aranges
                0x000004b8       0x30 CMakeFiles/Hola_Mundo.dir/C_/Users/aguat/Documents/Pico/pico-sdk/src/rp2_common/hardware_xosc/xosc.c.obj
 .debug_aranges
                0x000004e8       0x28 CMakeFiles/Hola_Mundo.dir/C_/Users/aguat/Documents/Pico/pico-sdk/src/rp2_common/hardware_pll/pll.c.obj
 .debug_aranges
                0x00000510       0x90 CMakeFiles/Hola_Mundo.dir/C_/Users/aguat/Documents/Pico/pico-sdk/src/rp2_common/hardware_irq/irq.c.obj
 .debug_aranges
                0x000005a0       0x20 CMakeFiles/Hola_Mundo.dir/b0bbd2534b939a3865a31f1f9c1b99c9/src/rp2_common/hardware_irq/irq_handler_chain.S.obj
 .debug_aranges
                0x000005c0       0x90 CMakeFiles/Hola_Mundo.dir/C_/Users/aguat/Documents/Pico/pico-sdk/src/rp2_common/pico_printf/printf.c.obj
 .debug_aranges
                0x00000650       0x68 CMakeFiles/Hola_Mundo.dir/C_/Users/aguat/Documents/Pico/pico-sdk/src/rp2_common/pico_bit_ops/bit_ops_aeabi.S.obj
 .debug_aranges
                0x000006b8       0x30 CMakeFiles/Hola_Mundo.dir/C_/Users/aguat/Documents/Pico/pico-sdk/src/rp2_common/pico_bootrom/bootrom.c.obj
 .debug_aranges
                0x000006e8       0x40 CMakeFiles/Hola_Mundo.dir/C_/Users/aguat/Documents/Pico/pico-sdk/src/rp2_common/pico_divider/divider.S.obj
 .debug_aranges
                0x00000728      0x140 CMakeFiles/Hola_Mundo.dir/C_/Users/aguat/Documents/Pico/pico-sdk/src/rp2_common/pico_double/double_aeabi.S.obj
 .debug_aranges
                0x00000868       0x20 CMakeFiles/Hola_Mundo.dir/C_/Users/aguat/Documents/Pico/pico-sdk/src/rp2_common/pico_double/double_init_rom.c.obj
 .debug_aranges
                0x00000888       0xc8 CMakeFiles/Hola_Mundo.dir/b0bbd2534b939a3865a31f1f9c1b99c9/src/rp2_common/pico_double/double_v1_rom_shim.S.obj
 .debug_aranges
                0x00000950       0x20 CMakeFiles/Hola_Mundo.dir/4deea2c0fcfb6be49c7bba50c11fb00b/rp2_common/pico_int64_ops/pico_int64_ops_aeabi.S.obj
 .debug_aranges
                0x00000970      0x130 CMakeFiles/Hola_Mundo.dir/C_/Users/aguat/Documents/Pico/pico-sdk/src/rp2_common/pico_float/float_aeabi.S.obj
 .debug_aranges
                0x00000aa0       0x20 CMakeFiles/Hola_Mundo.dir/C_/Users/aguat/Documents/Pico/pico-sdk/src/rp2_common/pico_float/float_init_rom.c.obj
 .debug_aranges
                0x00000ac0       0x50 CMakeFiles/Hola_Mundo.dir/b0bbd2534b939a3865a31f1f9c1b99c9/src/rp2_common/pico_float/float_v1_rom_shim.S.obj
 .debug_aranges
                0x00000b10       0x38 CMakeFiles/Hola_Mundo.dir/C_/Users/aguat/Documents/Pico/pico-sdk/src/rp2_common/pico_mem_ops/mem_ops_aeabi.S.obj
 .debug_aranges
                0x00000b48       0x28 CMakeFiles/Hola_Mundo.dir/C_/Users/aguat/Documents/Pico/pico-sdk/src/rp2_common/pico_standard_link/crt0.S.obj
 .debug_aranges
                0x00000b70       0x18 CMakeFiles/Hola_Mundo.dir/b0bbd2534b939a3865a31f1f9c1b99c9/src/rp2_common/pico_standard_link/binary_info.c.obj
 .debug_aranges
                0x00000b88       0xb8 CMakeFiles/Hola_Mundo.dir/C_/Users/aguat/Documents/Pico/pico-sdk/src/rp2_common/pico_stdio/stdio.c.obj

.debug_ranges   0x00000000     0x2238
 .debug_ranges  0x00000000       0x10 CMakeFiles/Hola_Mundo.dir/Hola_Mundo.c.obj
 .debug_ranges  0x00000010       0xa8 CMakeFiles/Hola_Mundo.dir/C_/Users/aguat/Documents/Pico/pico-sdk/src/rp2_common/hardware_gpio/gpio.c.obj
 .debug_ranges  0x000000b8       0xd8 CMakeFiles/Hola_Mundo.dir/C_/Users/aguat/Documents/Pico/pico-sdk/src/rp2_common/hardware_claim/claim.c.obj
 .debug_ranges  0x00000190       0xb8 CMakeFiles/Hola_Mundo.dir/C_/Users/aguat/Documents/Pico/pico-sdk/src/rp2_common/hardware_sync/sync.c.obj
 .debug_ranges  0x00000248       0x18 CMakeFiles/Hola_Mundo.dir/C_/Users/aguat/Documents/Pico/pico-sdk/src/rp2_common/pico_platform/platform.c.obj
 .debug_ranges  0x00000260      0xa30 CMakeFiles/Hola_Mundo.dir/C_/Users/aguat/Documents/Pico/pico-sdk/src/common/pico_time/time.c.obj
 .debug_ranges  0x00000c90      0x310 CMakeFiles/Hola_Mundo.dir/C_/Users/aguat/Documents/Pico/pico-sdk/src/rp2_common/hardware_timer/timer.c.obj
 .debug_ranges  0x00000fa0       0x10 CMakeFiles/Hola_Mundo.dir/C_/Users/aguat/Documents/Pico/pico-sdk/src/common/pico_sync/lock_core.c.obj
 .debug_ranges  0x00000fb0      0x3b8 CMakeFiles/Hola_Mundo.dir/C_/Users/aguat/Documents/Pico/pico-sdk/src/common/pico_sync/mutex.c.obj
 .debug_ranges  0x00001368      0x248 CMakeFiles/Hola_Mundo.dir/C_/Users/aguat/Documents/Pico/pico-sdk/src/common/pico_util/pheap.c.obj
 .debug_ranges  0x000015b0       0x68 CMakeFiles/Hola_Mundo.dir/C_/Users/aguat/Documents/Pico/pico-sdk/src/rp2_common/pico_runtime/runtime.c.obj
 .debug_ranges  0x00001618       0x78 CMakeFiles/Hola_Mundo.dir/C_/Users/aguat/Documents/Pico/pico-sdk/src/rp2_common/hardware_clocks/clocks.c.obj
 .debug_ranges  0x00001690       0x40 CMakeFiles/Hola_Mundo.dir/C_/Users/aguat/Documents/Pico/pico-sdk/src/rp2_common/hardware_watchdog/watchdog.c.obj
 .debug_ranges  0x000016d0       0x20 CMakeFiles/Hola_Mundo.dir/C_/Users/aguat/Documents/Pico/pico-sdk/src/rp2_common/hardware_xosc/xosc.c.obj
 .debug_ranges  0x000016f0       0x18 CMakeFiles/Hola_Mundo.dir/C_/Users/aguat/Documents/Pico/pico-sdk/src/rp2_common/hardware_pll/pll.c.obj
 .debug_ranges  0x00001708      0x3b0 CMakeFiles/Hola_Mundo.dir/C_/Users/aguat/Documents/Pico/pico-sdk/src/rp2_common/hardware_irq/irq.c.obj
 .debug_ranges  0x00001ab8      0x108 CMakeFiles/Hola_Mundo.dir/C_/Users/aguat/Documents/Pico/pico-sdk/src/rp2_common/pico_printf/printf.c.obj
 .debug_ranges  0x00001bc0       0x60 CMakeFiles/Hola_Mundo.dir/C_/Users/aguat/Documents/Pico/pico-sdk/src/rp2_common/pico_bit_ops/bit_ops_aeabi.S.obj
 .debug_ranges  0x00001c20       0x38 CMakeFiles/Hola_Mundo.dir/C_/Users/aguat/Documents/Pico/pico-sdk/src/rp2_common/pico_bootrom/bootrom.c.obj
 .debug_ranges  0x00001c58       0x38 CMakeFiles/Hola_Mundo.dir/C_/Users/aguat/Documents/Pico/pico-sdk/src/rp2_common/pico_divider/divider.S.obj
 .debug_ranges  0x00001c90      0x138 CMakeFiles/Hola_Mundo.dir/C_/Users/aguat/Documents/Pico/pico-sdk/src/rp2_common/pico_double/double_aeabi.S.obj
 .debug_ranges  0x00001dc8       0x30 CMakeFiles/Hola_Mundo.dir/C_/Users/aguat/Documents/Pico/pico-sdk/src/rp2_common/pico_double/double_init_rom.c.obj
 .debug_ranges  0x00001df8       0xc0 CMakeFiles/Hola_Mundo.dir/b0bbd2534b939a3865a31f1f9c1b99c9/src/rp2_common/pico_double/double_v1_rom_shim.S.obj
 .debug_ranges  0x00001eb8      0x128 CMakeFiles/Hola_Mundo.dir/C_/Users/aguat/Documents/Pico/pico-sdk/src/rp2_common/pico_float/float_aeabi.S.obj
 .debug_ranges  0x00001fe0       0x28 CMakeFiles/Hola_Mundo.dir/C_/Users/aguat/Documents/Pico/pico-sdk/src/rp2_common/pico_float/float_init_rom.c.obj
 .debug_ranges  0x00002008       0x48 CMakeFiles/Hola_Mundo.dir/b0bbd2534b939a3865a31f1f9c1b99c9/src/rp2_common/pico_float/float_v1_rom_shim.S.obj
 .debug_ranges  0x00002050       0x30 CMakeFiles/Hola_Mundo.dir/C_/Users/aguat/Documents/Pico/pico-sdk/src/rp2_common/pico_mem_ops/mem_ops_aeabi.S.obj
 .debug_ranges  0x00002080       0x20 CMakeFiles/Hola_Mundo.dir/C_/Users/aguat/Documents/Pico/pico-sdk/src/rp2_common/pico_standard_link/crt0.S.obj
 .debug_ranges  0x000020a0      0x198 CMakeFiles/Hola_Mundo.dir/C_/Users/aguat/Documents/Pico/pico-sdk/src/rp2_common/pico_stdio/stdio.c.obj

.debug_line     0x00000000     0xba03