Archive member included to satisfy reference by file (symbol)

c:/progra~2/gnuarm~1/102020~1/bin/../lib/gcc/arm-none-eabi/10.2.1/thumb/v6-m/nofp\libgcc.a(_dvmd_tls.o)
                              CMakeFiles/SecuenciaLuces.dir/C_/Users/aguat/Documents/Pico/pico-sdk/src/rp2_common/pico_divider/divider.S.obj (__aeabi_idiv0)
c:/progra~2/gnuarm~1/102020~1/bin/../lib/gcc/arm-none-eabi/10.2.1/../../../../arm-none-eabi/lib/thumb/v6-m/nofp\libg.a(lib_a-calloc.o)
                              CMakeFiles/SecuenciaLuces.dir/C_/Users/aguat/Documents/Pico/pico-sdk/src/rp2_common/pico_malloc/pico_malloc.c.obj (calloc)
c:/progra~2/gnuarm~1/102020~1/bin/../lib/gcc/arm-none-eabi/10.2.1/../../../../arm-none-eabi/lib/thumb/v6-m/nofp\libg.a(lib_a-callocr.o)
                              c:/progra~2/gnuarm~1/102020~1/bin/../lib/gcc/arm-none-eabi/10.2.1/../../../../arm-none-eabi/lib/thumb/v6-m/nofp\libg.a(lib_a-calloc.o) (_calloc_r)
c:/progra~2/gnuarm~1/102020~1/bin/../lib/gcc/arm-none-eabi/10.2.1/../../../../arm-none-eabi/lib/thumb/v6-m/nofp\libg.a(lib_a-impure.o)
                              c:/progra~2/gnuarm~1/102020~1/bin/../lib/gcc/arm-none-eabi/10.2.1/../../../../arm-none-eabi/lib/thumb/v6-m/nofp\libg.a(lib_a-calloc.o) (_impure_ptr)
c:/progra~2/gnuarm~1/102020~1/bin/../lib/gcc/arm-none-eabi/10.2.1/../../../../arm-none-eabi/lib/thumb/v6-m/nofp\libg.a(lib_a-init.o)
                              c:/progra~2/gnuarm~1/102020~1/bin/../lib/gcc/arm-none-eabi/10.2.1/../../../../arm-none-eabi/lib/thumb/v6-m/nofp/crt0.o (__libc_init_array)
c:/progra~2/gnuarm~1/102020~1/bin/../lib/gcc/arm-none-eabi/10.2.1/../../../../arm-none-eabi/lib/thumb/v6-m/nofp\libg.a(lib_a-malloc.o)
                              CMakeFiles/SecuenciaLuces.dir/C_/Users/aguat/Documents/Pico/pico-sdk/src/rp2_common/pico_malloc/pico_malloc.c.obj (malloc)
c:/progra~2/gnuarm~1/102020~1/bin/../lib/gcc/arm-none-eabi/10.2.1/../../../../arm-none-eabi/lib/thumb/v6-m/nofp\libg.a(lib_a-mallocr.o)
                              c:/progra~2/gnuarm~1/102020~1/bin/../lib/gcc/arm-none-eabi/10.2.1/../../../../arm-none-eabi/lib/thumb/v6-m/nofp\libg.a(lib_a-callocr.o) (_malloc_r)
c:/progra~2/gnuarm~1/102020~1/bin/../lib/gcc/arm-none-eabi/10.2.1/../../../../arm-none-eabi/lib/thumb/v6-m/nofp\libg.a(lib_a-mlock.o)
                              c:/progra~2/gnuarm~1/102020~1/bin/../lib/gcc/arm-none-eabi/10.2.1/../../../../arm-none-eabi/lib/thumb/v6-m/nofp\libg.a(lib_a-mallocr.o) (__malloc_lock)
c:/progra~2/gnuarm~1/102020~1/bin/../lib/gcc/arm-none-eabi/10.2.1/../../../../arm-none-eabi/lib/thumb/v6-m/nofp\libg.a(lib_a-sbrkr.o)
                              c:/progra~2/gnuarm~1/102020~1/bin/../lib/gcc/arm-none-eabi/10.2.1/../../../../arm-none-eabi/lib/thumb/v6-m/nofp\libg.a(lib_a-mallocr.o) (_sbrk_r)
c:/progra~2/gnuarm~1/102020~1/bin/../lib/gcc/arm-none-eabi/10.2.1/../../../../arm-none-eabi/lib/thumb/v6-m/nofp\libg.a(lib_a-strlen-stub.o)
                              CMakeFiles/SecuenciaLuces.dir/C_/Users/aguat/Documents/Pico/pico-sdk/src/rp2_common/pico_stdio/stdio.c.obj (strlen)
c:/progra~2/gnuarm~1/102020~1/bin/../lib/gcc/arm-none-eabi/10.2.1/../../../../arm-none-eabi/lib/thumb/v6-m/nofp\libg.a(lib_a-freer.o)
                              c:/progra~2/gnuarm~1/102020~1/bin/../lib/gcc/arm-none-eabi/10.2.1/../../../../arm-none-eabi/lib/thumb/v6-m/nofp\libg.a(lib_a-malloc.o) (_free_r)
c:/progra~2/gnuarm~1/102020~1/bin/../lib/gcc/arm-none-eabi/10.2.1/../../../../arm-none-eabi/lib/thumb/v6-m/nofp\libg.a(lib_a-lock.o)
                              c:/progra~2/gnuarm~1/102020~1/bin/../lib/gcc/arm-none-eabi/10.2.1/../../../../arm-none-eabi/lib/thumb/v6-m/nofp\libg.a(lib_a-mlock.o) (__retarget_lock_acquire_recursive)
c:/progra~2/gnuarm~1/102020~1/bin/../lib/gcc/arm-none-eabi/10.2.1/../../../../arm-none-eabi/lib/thumb/v6-m/nofp\libg.a(lib_a-reent.o)
                              c:/progra~2/gnuarm~1/102020~1/bin/../lib/gcc/arm-none-eabi/10.2.1/../../../../arm-none-eabi/lib/thumb/v6-m/nofp\libg.a(lib_a-sbrkr.o) (errno)

Discarded input sections

 .text          0x00000000        0x0 c:/progra~2/gnuarm~1/102020~1/bin/../lib/gcc/arm-none-eabi/10.2.1/thumb/v6-m/nofp/crti.o
 .data          0x00000000        0x0 c:/progra~2/gnuarm~1/102020~1/bin/../lib/gcc/arm-none-eabi/10.2.1/thumb/v6-m/nofp/crti.o
 .bss           0x00000000        0x0 c:/progra~2/gnuarm~1/102020~1/bin/../lib/gcc/arm-none-eabi/10.2.1/thumb/v6-m/nofp/crti.o
 .data          0x00000000        0x4 c:/progra~2/gnuarm~1/102020~1/bin/../lib/gcc/arm-none-eabi/10.2.1/thumb/v6-m/nofp/crtbegin.o
 .rodata        0x00000000       0x24 c:/progra~2/gnuarm~1/102020~1/bin/../lib/gcc/arm-none-eabi/10.2.1/thumb/v6-m/nofp/crtbegin.o
 .fini_array    0x00000000        0x4 c:/progra~2/gnuarm~1/102020~1/bin/../lib/gcc/arm-none-eabi/10.2.1/thumb/v6-m/nofp/crtbegin.o
 .text          0x00000000       0x80 c:/progra~2/gnuarm~1/102020~1/bin/../lib/gcc/arm-none-eabi/10.2.1/../../../../arm-none-eabi/lib/thumb/v6-m/nofp/crt0.o
[...]
Memory Configuration

Name             Origin             Length             Attributes
FLASH            0x10000000         0x00200000         xr
RAM              0x20000000         0x00040000         xrw
SCRATCH_X        0x20040000         0x00001000         xrw
SCRATCH_Y        0x20041000         0x00001000         xrw
*default*        0x00000000         0xffffffff

Linker script and memory map

LOAD c:/progra~2/gnuarm~1/102020~1/bin/../lib/gcc/arm-none-eabi/10.2.1/thumb/v6-m/nofp/crti.o
LOAD c:/progra~2/gnuarm~1/102020~1/bin/../lib/gcc/arm-none-eabi/10.2.1/thumb/v6-m/nofp/crtbegin.o
LOAD c:/progra~2/gnuarm~1/102020~1/bin/../lib/gcc/arm-none-eabi/10.2.1/../../../../arm-none-eabi/lib/thumb/v6-m/nofp/crt0.o

.flash_begin    0x10000000        0x0
                0x10000000                __flash_binary_start = .

.boot2          0x10000000      0x100
                0x10000000                __boot2_start__ = .
 *(.boot2)
 .boot2         0x10000000      0x100 C:\Users\aguat\AppData\Local\Temp\ccPZ02Cx.o
                0x10000100                __boot2_end__ = .
                0x00000001                ASSERT (((__boot2_end__ - __boot2_start__) == 0x100), ERROR: Pico second stage bootloader must be 256 bytes in size)

.text           0x10000100     0x4290
                0x10000100                __logical_binary_start = .
 *(.vectors)
 .vectors       0x10000100       0xd4 CMakeFiles/SecuenciaLuces.dir/C_/Users/aguat/Documents/Pico/pico-sdk/src/rp2_common/pico_standard_link/crt0.S.obj
                0x10000100                __vectors
                0x100001c0                isr_invalid
                0x100001c2                isr_nmi
                0x100001c4                isr_hardfault
                0x100001c6                isr_svcall
                0x100001c8                isr_pendsv
                0x100001ca                isr_systick
                0x100001cc                isr_irq11
                0x100001cc                isr_irq5
                0x100001cc                isr_irq23
                0x100001cc                isr_irq18
                0x100001cc                isr_irq31
                0x100001cc                isr_irq28
                0x100001cc                isr_irq19
                0x100001cc                isr_irq0
                0x100001cc                isr_irq6
                0x100001cc                isr_irq27
                0x100001cc                isr_irq12
                0x100001cc                isr_irq22
                0x100001cc                isr_irq13
                0x100001cc                isr_irq17
                0x100001cc                isr_irq14
                0x100001cc                isr_irq2
                0x100001cc                isr_irq10
                0x100001cc                isr_irq8
                0x100001cc                isr_irq24
                0x100001cc                isr_irq1
                0x100001cc                isr_irq7
                0x100001cc                isr_irq21
                0x100001cc                isr_irq20
                0x100001cc                isr_irq15
                0x100001cc                isr_irq25
                0x100001cc                __unhandled_user_irq
                0x100001cc                isr_irq4
                0x100001cc                isr_irq16
                0x100001cc                isr_irq29
                0x100001cc                isr_irq26
                0x100001cc                isr_irq3
                0x100001cc                isr_irq30
                0x100001cc                isr_irq9
                0x100001d2                unhandled_user_irq_num_in_r0
 *(.binary_info_header)
 .binary_info_header
                0x100001d4       0x14 CMakeFiles/SecuenciaLuces.dir/C_/Users/aguat/Documents/Pico/pico-sdk/src/rp2_common/pico_standard_link/crt0.S.obj
                0x100001e8                __binary_info_header_end = .
 *(.reset)
 .reset         0x100001e8       0xa8 CMakeFiles/SecuenciaLuces.dir/C_/Users/aguat/Documents/Pico/pico-sdk/src/rp2_common/pico_standard_link/crt0.S.obj
                0x100001e8                _entry_point
                0x10000266                __get_current_exception
 .reset         0x10000290       0x30 CMakeFiles/SecuenciaLuces.dir/C_/Users/aguat/Documents/Pico/pico-sdk/src/rp2_common/pico_standard_link/binary_info.c.obj
 *(.init)
 .init          0x100002c0        0x4 c:/progra~2/gnuarm~1/102020~1/bin/../lib/gcc/arm-none-eabi/10.2.1/thumb/v6-m/nofp/crti.o
                0x100002c0                _init
 *(EXCLUDE_FILE(*libm.a: *libc.a:*lib_a-mem*.o *libgcc.a:) .text*)
 .text          0x100002c4       0x48 c:/progra~2/gnuarm~1/102020~1/bin/../lib/gcc/arm-none-eabi/10.2.1/thumb/v6-m/nofp/crtbegin.o
 .text.main     0x1000030c      0x110 CMakeFiles/SecuenciaLuces.dir/SecuenciaLuces.c.obj
                0x1000030c                main
 .text.gpio_set_function
                0x1000041c       0x30 CMakeFiles/SecuenciaLuces.dir/C_/Users/aguat/Documents/Pico/pico-sdk/src/rp2_common/hardware_gpio/gpio.c.obj
                0x1000041c                gpio_set_function
 .text.gpio_init
                0x1000044c       0x16 CMakeFiles/SecuenciaLuces.dir/C_/Users/aguat/Documents/Pico/pico-sdk/src/rp2_common/hardware_gpio/gpio.c.obj
                0x1000044c                gpio_init
 *fill*         0x10000462        0x2 
 .text.hw_claim_lock
                0x10000464       0x18 CMakeFiles/SecuenciaLuces.dir/C_/Users/aguat/Documents/Pico/pico-sdk/src/rp2_common/hardware_claim/claim.c.obj
                0x10000464                hw_claim_lock
 .text.hw_claim_unlock
                0x1000047c       0x14 CMakeFiles/SecuenciaLuces.dir/C_/Users/aguat/Documents/Pico/pico-sdk/src/rp2_common/hardware_claim/claim.c.obj
                0x1000047c                hw_claim_unlock
 .text.hw_claim_or_assert
                0x10000490       0x36 CMakeFiles/SecuenciaLuces.dir/C_/Users/aguat/Documents/Pico/pico-sdk/src/rp2_common/hardware_claim/claim.c.obj
                0x10000490                hw_claim_or_assert
 *fill*         0x100004c6        0x2 
 .text.spin_locks_reset
                0x100004c8       0x20 CMakeFiles/SecuenciaLuces.dir/C_/Users/aguat/Documents/Pico/pico-sdk/src/rp2_common/hardware_sync/sync.c.obj
                0x100004c8                spin_locks_reset
 .text.next_striped_spin_lock_num
                0x100004e8       0x1c CMakeFiles/SecuenciaLuces.dir/C_/Users/aguat/Documents/Pico/pico-sdk/src/rp2_common/hardware_sync/sync.c.obj
                0x100004e8                next_striped_spin_lock_num
 .text.running_on_fpga
                0x10000504       0x14 CMakeFiles/SecuenciaLuces.dir/C_/Users/aguat/Documents/Pico/pico-sdk/src/rp2_common/pico_platform/platform.c.obj
                0x10000504                running_on_fpga
 .text.uart_set_baudrate
                0x10000518       0x64 CMakeFiles/SecuenciaLuces.dir/C_/Users/aguat/Documents/Pico/pico-sdk/src/rp2_common/hardware_uart/uart.c.obj
                0x10000518                uart_set_baudrate
 .text.uart_set_translate_crlf
                0x1000057c       0x28 CMakeFiles/SecuenciaLuces.dir/C_/Users/aguat/Documents/Pico/pico-sdk/src/rp2_common/hardware_uart/uart.c.obj
                0x1000057c                uart_set_translate_crlf
 .text.uart_init
                0x100005a4       0x80 CMakeFiles/SecuenciaLuces.dir/C_/Users/aguat/Documents/Pico/pico-sdk/src/rp2_common/hardware_uart/uart.c.obj
                0x100005a4                uart_init
 .text.sev_callback
                0x10000624        0x8 CMakeFiles/SecuenciaLuces.dir/C_/Users/aguat/Documents/Pico/pico-sdk/src/common/pico_time/time.c.obj
 .text.alarm_pool_post_alloc_init
                0x1000062c       0x40 CMakeFiles/SecuenciaLuces.dir/C_/Users/aguat/Documents/Pico/pico-sdk/src/common/pico_time/time.c.obj
 .text.timer_pool_entry_comparator
                0x1000066c       0x7c CMakeFiles/SecuenciaLuces.dir/C_/Users/aguat/Documents/Pico/pico-sdk/src/common/pico_time/time.c.obj
                0x1000066c                timer_pool_entry_comparator
 .text.ph_add_child_node
                0x100006e8       0xa4 CMakeFiles/SecuenciaLuces.dir/C_/Users/aguat/Documents/Pico/pico-sdk/src/common/pico_time/time.c.obj
 .text.ph_merge_nodes
                0x1000078c       0x3e CMakeFiles/SecuenciaLuces.dir/C_/Users/aguat/Documents/Pico/pico-sdk/src/common/pico_time/time.c.obj
 *fill*         0x100007ca        0x2 
 .text.add_alarm_under_lock
                0x100007cc      0x174 CMakeFiles/SecuenciaLuces.dir/C_/Users/aguat/Documents/Pico/pico-sdk/src/common/pico_time/time.c.obj
 .text.alarm_pool_alarm_callback
                0x10000940      0x328 CMakeFiles/SecuenciaLuces.dir/C_/Users/aguat/Documents/Pico/pico-sdk/src/common/pico_time/time.c.obj
 .text.alarm_pool_init_default
                0x10000c68       0x2c CMakeFiles/SecuenciaLuces.dir/C_/Users/aguat/Documents/Pico/pico-sdk/src/common/pico_time/time.c.obj
                0x10000c68                alarm_pool_init_default
 .text.alarm_pool_get_default
                0x10000c94       0x2c CMakeFiles/SecuenciaLuces.dir/C_/Users/aguat/Documents/Pico/pico-sdk/src/common/pico_time/time.c.obj
                0x10000c94                alarm_pool_get_default
 .text.alarm_pool_add_alarm_at
                0x10000cc0      0x170 CMakeFiles/SecuenciaLuces.dir/C_/Users/aguat/Documents/Pico/pico-sdk/src/common/pico_time/time.c.obj
                0x10000cc0                alarm_pool_add_alarm_at
 .text.sleep_until
                0x10000e30       0xd4 CMakeFiles/SecuenciaLuces.dir/C_/Users/aguat/Documents/Pico/pico-sdk/src/common/pico_time/time.c.obj
                0x10000e30                sleep_until
 .text.sleep_us
                0x10000f04       0x58 CMakeFiles/SecuenciaLuces.dir/C_/Users/aguat/Documents/Pico/pico-sdk/src/common/pico_time/time.c.obj
                0x10000f04                sleep_us
 .text.sleep_ms
                0x10000f5c       0x14 CMakeFiles/SecuenciaLuces.dir/C_/Users/aguat/Documents/Pico/pico-sdk/src/common/pico_time/time.c.obj
                0x10000f5c                sleep_ms
 .text.hardware_alarm_irq_handler
                0x10000f70       0x8c CMakeFiles/SecuenciaLuces.dir/C_/Users/aguat/Documents/Pico/pico-sdk/src/rp2_common/hardware_timer/timer.c.obj
 .text.hardware_alarm_claim
                0x10000ffc       0x18 CMakeFiles/SecuenciaLuces.dir/C_/Users/aguat/Documents/Pico/pico-sdk/src/rp2_common/hardware_timer/timer.c.obj
                0x10000ffc                hardware_alarm_claim
 .text.time_us_64
                0x10001014       0x18 CMakeFiles/SecuenciaLuces.dir/C_/Users/aguat/Documents/Pico/pico-sdk/src/rp2_common/hardware_timer/timer.c.obj
                0x10001014                time_us_64
 .text.busy_wait_until
                0x1000102c       0x28 CMakeFiles/SecuenciaLuces.dir/C_/Users/aguat/Documents/Pico/pico-sdk/src/rp2_common/hardware_timer/timer.c.obj
                0x1000102c                busy_wait_until
 .text.hardware_alarm_set_callback
                0x10001054       0x90 CMakeFiles/SecuenciaLuces.dir/C_/Users/aguat/Documents/Pico/pico-sdk/src/rp2_common/hardware_timer/timer.c.obj
                0x10001054                hardware_alarm_set_callback
 .text.hardware_alarm_set_target
                0x100010e4       0xe8 CMakeFiles/SecuenciaLuces.dir/C_/Users/aguat/Documents/Pico/pico-sdk/src/rp2_common/hardware_timer/timer.c.obj
                0x100010e4                hardware_alarm_set_target
 .text.hardware_alarm_cancel
                0x100011cc       0x40 CMakeFiles/SecuenciaLuces.dir/C_/Users/aguat/Documents/Pico/pico-sdk/src/rp2_common/hardware_timer/timer.c.obj
                0x100011cc                hardware_alarm_cancel
 .text.lock_init
                0x1000120c       0x10 CMakeFiles/SecuenciaLuces.dir/C_/Users/aguat/Documents/Pico/pico-sdk/src/common/pico_sync/lock_core.c.obj
                0x1000120c                lock_init
 .text.mutex_init
                0x1000121c       0x1a CMakeFiles/SecuenciaLuces.dir/C_/Users/aguat/Documents/Pico/pico-sdk/src/common/pico_sync/mutex.c.obj
                0x1000121c                mutex_init
 *fill*         0x10001236        0x2 
 .text.ph_add_child_node
                0x10001238       0xa4 CMakeFiles/SecuenciaLuces.dir/C_/Users/aguat/Documents/Pico/pico-sdk/src/common/pico_util/pheap.c.obj
 .text.ph_merge_nodes
                0x100012dc       0x3e CMakeFiles/SecuenciaLuces.dir/C_/Users/aguat/Documents/Pico/pico-sdk/src/common/pico_util/pheap.c.obj
 *fill*         0x1000131a        0x2 
 .text.ph_clear
                0x1000131c       0x70 CMakeFiles/SecuenciaLuces.dir/C_/Users/aguat/Documents/Pico/pico-sdk/src/common/pico_util/pheap.c.obj
                0x1000131c                ph_clear
 .text.ph_post_alloc_init
                0x1000138c        0xe CMakeFiles/SecuenciaLuces.dir/C_/Users/aguat/Documents/Pico/pico-sdk/src/common/pico_util/pheap.c.obj
                0x1000138c                ph_post_alloc_init
 *fill*         0x1000139a        0x2 
 .text.ph_merge_two_pass
                0x1000139c       0xa8 CMakeFiles/SecuenciaLuces.dir/C_/Users/aguat/Documents/Pico/pico-sdk/src/common/pico_util/pheap.c.obj
                0x1000139c                ph_merge_two_pass
 .text.ph_remove_any_head
                0x10001444      0x108 CMakeFiles/SecuenciaLuces.dir/C_/Users/aguat/Documents/Pico/pico-sdk/src/common/pico_util/pheap.c.obj
 .text.ph_remove_head
                0x1000154c       0x14 CMakeFiles/SecuenciaLuces.dir/C_/Users/aguat/Documents/Pico/pico-sdk/src/common/pico_util/pheap.c.obj
                0x1000154c                ph_remove_head
 .text.ph_remove_and_free_node
                0x10001560       0xf8 CMakeFiles/SecuenciaLuces.dir/C_/Users/aguat/Documents/Pico/pico-sdk/src/common/pico_util/pheap.c.obj
                0x10001560                ph_remove_and_free_node
 .text.runtime_init
                0x10001658       0xcc CMakeFiles/SecuenciaLuces.dir/C_/Users/aguat/Documents/Pico/pico-sdk/src/rp2_common/pico_runtime/runtime.c.obj
                0x10001658                runtime_init
 .text._exit    0x10001724        0x4 CMakeFiles/SecuenciaLuces.dir/C_/Users/aguat/Documents/Pico/pico-sdk/src/rp2_common/pico_runtime/runtime.c.obj
                0x10001724                _exit
 .text.exit     0x10001728        0x6 CMakeFiles/SecuenciaLuces.dir/C_/Users/aguat/Documents/Pico/pico-sdk/src/rp2_common/pico_runtime/runtime.c.obj
                0x10001728                exit
 *fill*         0x1000172e        0x2 
 .text.__assert_func
                0x10001730       0x3c CMakeFiles/SecuenciaLuces.dir/C_/Users/aguat/Documents/Pico/pico-sdk/src/rp2_common/pico_runtime/runtime.c.obj
                0x10001730                __assert_func
 .text.panic    0x1000176c       0x30 CMakeFiles/SecuenciaLuces.dir/C_/Users/aguat/Documents/Pico/pico-sdk/src/rp2_common/pico_runtime/runtime.c.obj
                0x1000176c                panic
 .text.clock_configure
                0x1000179c       0xe8 CMakeFiles/SecuenciaLuces.dir/C_/Users/aguat/Documents/Pico/pico-sdk/src/rp2_common/hardware_clocks/clocks.c.obj
                0x1000179c                clock_configure
 .text.clocks_init
                0x10001884      0x124 CMakeFiles/SecuenciaLuces.dir/C_/Users/aguat/Documents/Pico/pico-sdk/src/rp2_common/hardware_clocks/clocks.c.obj
                0x10001884                clocks_init
 .text.clock_get_hz
                0x100019a8        0xc CMakeFiles/SecuenciaLuces.dir/C_/Users/aguat/Documents/Pico/pico-sdk/src/rp2_common/hardware_clocks/clocks.c.obj
                0x100019a8                clock_get_hz
 .text.watchdog_start_tick
                0x100019b4       0x10 CMakeFiles/SecuenciaLuces.dir/C_/Users/aguat/Documents/Pico/pico-sdk/src/rp2_common/hardware_watchdog/watchdog.c.obj
                0x100019b4                watchdog_start_tick
 .text.xosc_init
                0x100019c4       0x28 CMakeFiles/SecuenciaLuces.dir/C_/Users/aguat/Documents/Pico/pico-sdk/src/rp2_common/hardware_xosc/xosc.c.obj
                0x100019c4                xosc_init
 .text.pll_init
                0x100019ec       0xd0 CMakeFiles/SecuenciaLuces.dir/C_/Users/aguat/Documents/Pico/pico-sdk/src/rp2_common/hardware_pll/pll.c.obj
                0x100019ec                pll_init
 .text.set_raw_irq_handler_and_unlock
                0x10001abc       0x28 CMakeFiles/SecuenciaLuces.dir/C_/Users/aguat/Documents/Pico/pico-sdk/src/rp2_common/hardware_irq/irq.c.obj
 .text.make_branch
                0x10001ae4       0x34 CMakeFiles/SecuenciaLuces.dir/C_/Users/aguat/Documents/Pico/pico-sdk/src/rp2_common/hardware_irq/irq.c.obj
 .text.insert_branch_and_link
                0x10001b18       0x40 CMakeFiles/SecuenciaLuces.dir/C_/Users/aguat/Documents/Pico/pico-sdk/src/rp2_common/hardware_irq/irq.c.obj
 .text.irq_is_enabled
                0x10001b58       0x18 CMakeFiles/SecuenciaLuces.dir/C_/Users/aguat/Documents/Pico/pico-sdk/src/rp2_common/hardware_irq/irq.c.obj
                0x10001b58                irq_is_enabled
 .text.irq_set_mask_enabled
                0x10001b70       0x20 CMakeFiles/SecuenciaLuces.dir/C_/Users/aguat/Documents/Pico/pico-sdk/src/rp2_common/hardware_irq/irq.c.obj
                0x10001b70                irq_set_mask_enabled
 .text.irq_set_enabled
                0x10001b90        0xe CMakeFiles/SecuenciaLuces.dir/C_/Users/aguat/Documents/Pico/pico-sdk/src/rp2_common/hardware_irq/irq.c.obj
                0x10001b90                irq_set_enabled
 *fill*         0x10001b9e        0x2 
 .text.irq_get_vtable_handler
                0x10001ba0       0x10 CMakeFiles/SecuenciaLuces.dir/C_/Users/aguat/Documents/Pico/pico-sdk/src/rp2_common/hardware_irq/irq.c.obj
                0x10001ba0                irq_get_vtable_handler
 .text.irq_set_exclusive_handler
                0x10001bb0       0x54 CMakeFiles/SecuenciaLuces.dir/C_/Users/aguat/Documents/Pico/pico-sdk/src/rp2_common/hardware_irq/irq.c.obj
                0x10001bb0                irq_set_exclusive_handler
 .text.irq_remove_handler
                0x10001c04      0x1ac CMakeFiles/SecuenciaLuces.dir/C_/Users/aguat/Documents/Pico/pico-sdk/src/rp2_common/hardware_irq/irq.c.obj
                0x10001c04                irq_remove_handler
 .text.irq_set_priority
                0x10001db0       0x28 CMakeFiles/SecuenciaLuces.dir/C_/Users/aguat/Documents/Pico/pico-sdk/src/rp2_common/hardware_irq/irq.c.obj
                0x10001db0                irq_set_priority
 .text.irq_add_tail_to_free_list
                0x10001dd8       0xf0 CMakeFiles/SecuenciaLuces.dir/C_/Users/aguat/Documents/Pico/pico-sdk/src/rp2_common/hardware_irq/irq.c.obj
                0x10001dd8                irq_add_tail_to_free_list
 .text.irq_init_priorities
                0x10001ec8       0x16 CMakeFiles/SecuenciaLuces.dir/C_/Users/aguat/Documents/Pico/pico-sdk/src/rp2_common/hardware_irq/irq.c.obj
                0x10001ec8                irq_init_priorities
 .text._out_null
                0x10001ede        0x2 CMakeFiles/SecuenciaLuces.dir/C_/Users/aguat/Documents/Pico/pico-sdk/src/rp2_common/pico_printf/printf.c.obj
 .text._out_fct
                0x10001ee0        0xe CMakeFiles/SecuenciaLuces.dir/C_/Users/aguat/Documents/Pico/pico-sdk/src/rp2_common/pico_printf/printf.c.obj
 .text._atoi    0x10001eee       0x24 CMakeFiles/SecuenciaLuces.dir/C_/Users/aguat/Documents/Pico/pico-sdk/src/rp2_common/pico_printf/printf.c.obj
 .text._out_rev
                0x10001f12       0xae CMakeFiles/SecuenciaLuces.dir/C_/Users/aguat/Documents/Pico/pico-sdk/src/rp2_common/pico_printf/printf.c.obj
 .text._ntoa_format
                0x10001fc0      0x112 CMakeFiles/SecuenciaLuces.dir/C_/Users/aguat/Documents/Pico/pico-sdk/src/rp2_common/pico_printf/printf.c.obj
 .text._ntoa_long
                0x100020d2       0xbc CMakeFiles/SecuenciaLuces.dir/C_/Users/aguat/Documents/Pico/pico-sdk/src/rp2_common/pico_printf/printf.c.obj
 .text._ntoa_long_long
                0x1000218e       0xe2 CMakeFiles/SecuenciaLuces.dir/C_/Users/aguat/Documents/Pico/pico-sdk/src/rp2_common/pico_printf/printf.c.obj
 .text._etoa    0x10002270      0x414 CMakeFiles/SecuenciaLuces.dir/C_/Users/aguat/Documents/Pico/pico-sdk/src/rp2_common/pico_printf/printf.c.obj
 .text._ftoa    0x10002684      0x354 CMakeFiles/SecuenciaLuces.dir/C_/Users/aguat/Documents/Pico/pico-sdk/src/rp2_common/pico_printf/printf.c.obj
 .text._vsnprintf
                0x100029d8      0x624 CMakeFiles/SecuenciaLuces.dir/C_/Users/aguat/Documents/Pico/pico-sdk/src/rp2_common/pico_printf/printf.c.obj
 .text.vfctprintf
                0x10002ffc       0x20 CMakeFiles/SecuenciaLuces.dir/C_/Users/aguat/Documents/Pico/pico-sdk/src/rp2_common/pico_printf/printf.c.obj
                0x10002ffc                vfctprintf
 .text          0x1000301c       0x10 CMakeFiles/SecuenciaLuces.dir/C_/Users/aguat/Documents/Pico/pico-sdk/src/rp2_common/pico_bit_ops/bit_ops_aeabi.S.obj
 .text.rom_func_lookup
                0x1000302c       0x10 CMakeFiles/SecuenciaLuces.dir/C_/Users/aguat/Documents/Pico/pico-sdk/src/rp2_common/pico_bootrom/bootrom.c.obj
                0x1000302c                rom_func_lookup
 .text.rom_data_lookup
                0x1000303c       0x10 CMakeFiles/SecuenciaLuces.dir/C_/Users/aguat/Documents/Pico/pico-sdk/src/rp2_common/pico_bootrom/bootrom.c.obj
                0x1000303c                rom_data_lookup
 .text.rom_funcs_lookup
                0x1000304c       0x36 CMakeFiles/SecuenciaLuces.dir/C_/Users/aguat/Documents/Pico/pico-sdk/src/rp2_common/pico_bootrom/bootrom.c.obj
                0x1000304c                rom_funcs_lookup
 *fill*         0x10003082        0x2 
 .text.__wrap___aeabi_idiv
                0x10003084       0x58 CMakeFiles/SecuenciaLuces.dir/C_/Users/aguat/Documents/Pico/pico-sdk/src/rp2_common/pico_divider/divider.S.obj
                0x10003084                __wrap___aeabi_idivmod
                0x10003084                divmod_s32s32
                0x10003084                div_s32s32
                0x10003084                __wrap___aeabi_idiv
                0x1000308c                divmod_s32s32_unsafe
                0x100030b8                divmod_s32s32_savestate
 .text.__wrap___aeabi_uidiv
                0x100030dc       0x54 CMakeFiles/SecuenciaLuces.dir/C_/Users/aguat/Documents/Pico/pico-sdk/src/rp2_common/pico_divider/divider.S.obj
                0x100030dc                __wrap___aeabi_uidiv
                0x100030dc                __wrap___aeabi_uidivmod
                0x100030dc                div_u32u32
                0x100030dc                divmod_u32u32
                0x100030e4                divmod_u32u32_unsafe
                0x1000310c                divmod_u32u32_savestate
 .text.__wrap___aeabi_ldiv
                0x10003130      0x430 CMakeFiles/SecuenciaLuces.dir/C_/Users/aguat/Documents/Pico/pico-sdk/src/rp2_common/pico_divider/divider.S.obj
                0x10003130                div_s64s64
                0x10003130                divmod_s64s64
                0x10003130                __wrap___aeabi_ldivmod
                0x10003168                divmod_u64u64
                0x10003168                div_u64u64
                0x10003168                __wrap___aeabi_uldivmod
                0x10003178                divmod_u64u64_savestate
                0x100031a0                divmod_s64s64_unsafe
                0x10003228                divmod_u64u64_unsafe
 .text.__wrap___aeabi_darithmetic
                0x10003560       0x54 CMakeFiles/SecuenciaLuces.dir/C_/Users/aguat/Documents/Pico/pico-sdk/src/rp2_common/pico_double/double_aeabi.S.obj
                0x10003560                __wrap___aeabi_drsub
                0x10003566                __wrap___aeabi_dsub
                0x10003578                __wrap___aeabi_dadd
                0x1000358a                __wrap___aeabi_ddiv
                0x1000359c                __wrap___aeabi_dmul
 .text.__wrap___aeabi_cdcmple
                0x100035b4       0x6c CMakeFiles/SecuenciaLuces.dir/C_/Users/aguat/Documents/Pico/pico-sdk/src/rp2_common/pico_double/double_aeabi.S.obj
                0x100035b4                __wrap___aeabi_cdrcmple
                0x100035c4                __wrap___aeabi_cdcmpeq
                0x100035c4                __wrap___aeabi_cdcmple
 .text.__wrap___aeabi_dcmplt
                0x10003620        0xc CMakeFiles/SecuenciaLuces.dir/C_/Users/aguat/Documents/Pico/pico-sdk/src/rp2_common/pico_double/double_aeabi.S.obj
                0x10003620                __wrap___aeabi_dcmplt
 .text.__wrap___aeabi_dcmple
                0x1000362c       0x10 CMakeFiles/SecuenciaLuces.dir/C_/Users/aguat/Documents/Pico/pico-sdk/src/rp2_common/pico_double/double_aeabi.S.obj
                0x1000362c                __wrap___aeabi_dcmple
 .text.__wrap___aeabi_dcmpge
                0x1000363c       0x10 CMakeFiles/SecuenciaLuces.dir/C_/Users/aguat/Documents/Pico/pico-sdk/src/rp2_common/pico_double/double_aeabi.S.obj
                0x1000363c                __wrap___aeabi_dcmpge
 .text.__wrap___aeabi_dcmpgt
                0x1000364c        0xa CMakeFiles/SecuenciaLuces.dir/C_/Users/aguat/Documents/Pico/pico-sdk/src/rp2_common/pico_double/double_aeabi.S.obj
                0x1000364c                __wrap___aeabi_dcmpgt
 .text.__wrap___aeabi_dcmpun
                0x10003656       0x1c CMakeFiles/SecuenciaLuces.dir/C_/Users/aguat/Documents/Pico/pico-sdk/src/rp2_common/pico_double/double_aeabi.S.obj
                0x10003656                __wrap___aeabi_dcmpun
 *fill*         0x10003672        0x2 
 .text.__wrap___aeabi_i2d
                0x10003674       0x38 CMakeFiles/SecuenciaLuces.dir/C_/Users/aguat/Documents/Pico/pico-sdk/src/rp2_common/pico_double/double_aeabi.S.obj
                0x10003674                __wrap___aeabi_ui2d
                0x1000367c                __wrap___aeabi_i2d
 .text.__wrap___aeabi_d2iz
                0x100036ac       0x48 CMakeFiles/SecuenciaLuces.dir/C_/Users/aguat/Documents/Pico/pico-sdk/src/rp2_common/pico_double/double_aeabi.S.obj
                0x100036ac                double2int_z
                0x100036ac                __wrap___aeabi_d2iz
 .text.__wrap___aeabi_d2uiz
                0x100036f4       0x18 CMakeFiles/SecuenciaLuces.dir/C_/Users/aguat/Documents/Pico/pico-sdk/src/rp2_common/pico_double/double_aeabi.S.obj
                0x100036f4                __wrap___aeabi_d2uiz
                0x100036f4                double2uint
 .text.__aeabi_double_init
                0x1000370c       0xb8 CMakeFiles/SecuenciaLuces.dir/C_/Users/aguat/Documents/Pico/pico-sdk/src/rp2_common/pico_double/double_init_rom.c.obj
                0x1000370c                __aeabi_double_init
 .text.double_table_shim_on_use_helper
                0x100037c4       0x34 CMakeFiles/SecuenciaLuces.dir/C_/Users/aguat/Documents/Pico/pico-sdk/src/rp2_common/pico_double/double_v1_rom_shim.S.obj
                0x100037c4                double_table_shim_on_use_helper
 .text.__wrap___aeabi_dsub
                0x100037f8       0x10 CMakeFiles/SecuenciaLuces.dir/C_/Users/aguat/Documents/Pico/pico-sdk/src/rp2_common/pico_double/double_v1_rom_shim.S.obj
                0x100037f8                drsub_shim
                0x100037fe                dsub_shim
 .text.dadd_shim
                0x10003808      0x15c CMakeFiles/SecuenciaLuces.dir/C_/Users/aguat/Documents/Pico/pico-sdk/src/rp2_common/pico_double/double_v1_rom_shim.S.obj
                0x10003808                dadd_shim
 .text.dmul_shim
                0x10003964      0x15c CMakeFiles/SecuenciaLuces.dir/C_/Users/aguat/Documents/Pico/pico-sdk/src/rp2_common/pico_double/double_v1_rom_shim.S.obj
                0x10003964                dmul_shim
 .text.ddiv_shim
                0x10003ac0      0x1b0 CMakeFiles/SecuenciaLuces.dir/C_/Users/aguat/Documents/Pico/pico-sdk/src/rp2_common/pico_double/double_v1_rom_shim.S.obj
                0x10003ac0                ddiv_shim
 .text.dcordic_rot_step
                0x10003c70       0x7c CMakeFiles/SecuenciaLuces.dir/C_/Users/aguat/Documents/Pico/pico-sdk/src/rp2_common/pico_double/double_v1_rom_shim.S.obj
                0x10003c70                dcordic_rot_step
 .text.double2uint_shim
                0x10003cec        0xe CMakeFiles/SecuenciaLuces.dir/C_/Users/aguat/Documents/Pico/pico-sdk/src/rp2_common/pico_double/double_v1_rom_shim.S.obj
                0x10003cec                double2uint_shim
                0x10003cee                double2ufix_shim
 *fill*         0x10003cfa        0x2 
 .text.double2uint64_shim
                0x10003cfc       0x6c CMakeFiles/SecuenciaLuces.dir/C_/Users/aguat/Documents/Pico/pico-sdk/src/rp2_common/pico_double/double_v1_rom_shim.S.obj
                0x10003cfc                double2uint64_shim
                0x10003cfe                double2ufix64_shim
                0x10003d18                d2fix_a
 .text.dunpacks
                0x10003d68       0x3c CMakeFiles/SecuenciaLuces.dir/C_/Users/aguat/Documents/Pico/pico-sdk/src/rp2_common/pico_double/double_v1_rom_shim.S.obj
                0x10003d68                dunpacks
 .text.__aeabi_lmul
                0x10003da4       0x32 CMakeFiles/SecuenciaLuces.dir/C_/Users/aguat/Documents/Pico/pico-sdk/src/rp2_common/pico_int64_ops/pico_int64_ops_aeabi.S.obj
                0x10003da4                __wrap___aeabi_lmul
 *fill*         0x10003dd6        0x2 
 .text.__aeabi_float_init
                0x10003dd8       0xfc CMakeFiles/SecuenciaLuces.dir/C_/Users/aguat/Documents/Pico/pico-sdk/src/rp2_common/pico_float/float_init_rom.c.obj
                0x10003dd8                __aeabi_float_init
 .text.float_table_shim_on_use_helper
                0x10003ed4       0x34 CMakeFiles/SecuenciaLuces.dir/C_/Users/aguat/Documents/Pico/pico-sdk/src/rp2_common/pico_float/float_v1_rom_shim.S.obj
                0x10003ed4                float_table_shim_on_use_helper
 .text          0x10003f08       0x10 CMakeFiles/SecuenciaLuces.dir/C_/Users/aguat/Documents/Pico/pico-sdk/src/rp2_common/pico_mem_ops/mem_ops_aeabi.S.obj
                0x10003f08                __aeabi_mem_init
 .text.memset   0x10003f18        0xc CMakeFiles/SecuenciaLuces.dir/C_/Users/aguat/Documents/Pico/pico-sdk/src/rp2_common/pico_mem_ops/mem_ops_aeabi.S.obj
                0x10003f18                __wrap_memset
 .text.memcpy   0x10003f24        0xc CMakeFiles/SecuenciaLuces.dir/C_/Users/aguat/Documents/Pico/pico-sdk/src/rp2_common/pico_mem_ops/mem_ops_aeabi.S.obj
                0x10003f24                __wrap_memcpy
                0x10003f24                __wrap___aeabi_memcpy
 .text.stdio_out_chars_crlf
                0x10003f30       0x80 CMakeFiles/SecuenciaLuces.dir/C_/Users/aguat/Documents/Pico/pico-sdk/src/rp2_common/pico_stdio/stdio.c.obj
 .text.stdio_stack_buffer_flush
                0x10003fb0       0x44 CMakeFiles/SecuenciaLuces.dir/C_/Users/aguat/Documents/Pico/pico-sdk/src/rp2_common/pico_stdio/stdio.c.obj
 .text.stdio_buffered_printer
                0x10003ff4       0x20 CMakeFiles/SecuenciaLuces.dir/C_/Users/aguat/Documents/Pico/pico-sdk/src/rp2_common/pico_stdio/stdio.c.obj
 .text.stdout_serialize_begin
                0x10004014       0x2c CMakeFiles/SecuenciaLuces.dir/C_/Users/aguat/Documents/Pico/pico-sdk/src/rp2_common/pico_stdio/stdio.c.obj
                0x10004014                stdout_serialize_begin
 .text.stdout_serialize_end
                0x10004040       0x10 CMakeFiles/SecuenciaLuces.dir/C_/Users/aguat/Documents/Pico/pico-sdk/src/rp2_common/pico_stdio/stdio.c.obj
                0x10004040                stdout_serialize_end
 .text.stdio_put_string
                0x10004050       0x84 CMakeFiles/SecuenciaLuces.dir/C_/Users/aguat/Documents/Pico/pico-sdk/src/rp2_common/pico_stdio/stdio.c.obj
 .text.stdio_set_driver_enabled
                0x100040d4       0x38 CMakeFiles/SecuenciaLuces.dir/C_/Users/aguat/Documents/Pico/pico-sdk/src/rp2_common/pico_stdio/stdio.c.obj
                0x100040d4                stdio_set_driver_enabled
 .text.stdio_flush
                0x1000410c       0x20 CMakeFiles/SecuenciaLuces.dir/C_/Users/aguat/Documents/Pico/pico-sdk/src/rp2_common/pico_stdio/stdio.c.obj
                0x1000410c                stdio_flush
 .text.__wrap_puts
                0x1000412c       0x1c CMakeFiles/SecuenciaLuces.dir/C_/Users/aguat/Documents/Pico/pico-sdk/src/rp2_common/pico_stdio/stdio.c.obj
                0x1000412c                __wrap_puts
 .text.__wrap_vprintf
                0x10004148       0x44 CMakeFiles/SecuenciaLuces.dir/C_/Users/aguat/Documents/Pico/pico-sdk/src/rp2_common/pico_stdio/stdio.c.obj
                0x10004148                __wrap_vprintf
 .text.__wrap_printf
                0x1000418c       0x18 CMakeFiles/SecuenciaLuces.dir/C_/Users/aguat/Documents/Pico/pico-sdk/src/rp2_common/pico_stdio/stdio.c.obj
                0x1000418c                __wrap_printf
 .text.stdio_init_all
                0x100041a4        0x8 CMakeFiles/SecuenciaLuces.dir/C_/Users/aguat/Documents/Pico/pico-sdk/src/rp2_common/pico_stdio/stdio.c.obj
                0x100041a4                stdio_init_all
 .text.stdio_uart_out_chars
                0x100041ac       0x74 CMakeFiles/SecuenciaLuces.dir/C_/Users/aguat/Documents/Pico/pico-sdk/src/rp2_common/pico_stdio_uart/stdio_uart.c.obj
 .text.stdio_uart_in_chars
                0x10004220       0x58 CMakeFiles/SecuenciaLuces.dir/C_/Users/aguat/Documents/Pico/pico-sdk/src/rp2_common/pico_stdio_uart/stdio_uart.c.obj
                0x10004220                stdio_uart_in_chars
 .text.stdio_uart_init_full
                0x10004278       0x3c CMakeFiles/SecuenciaLuces.dir/C_/Users/aguat/Documents/Pico/pico-sdk/src/rp2_common/pico_stdio_uart/stdio_uart.c.obj
                0x10004278                stdio_uart_init_full
 .text.stdio_uart_init
                0x100042b4       0x28 CMakeFiles/SecuenciaLuces.dir/C_/Users/aguat/Documents/Pico/pico-sdk/src/rp2_common/pico_stdio_uart/stdio_uart.c.obj
                0x100042b4                stdio_uart_init
 .text.strlen   0x100042dc       0x5c c:/progra~2/gnuarm~1/102020~1/bin/../lib/gcc/arm-none-eabi/10.2.1/../../../../arm-none-eabi/lib/thumb/v6-m/nofp\libg.a(lib_a-strlen-stub.o)
                0x100042dc                strlen
 *(.fini)
 .fini          0x10004338        0x4 c:/progra~2/gnuarm~1/102020~1/bin/../lib/gcc/arm-none-eabi/10.2.1/thumb/v6-m/nofp/crti.o
                0x10004338                _fini
 *fill*         0x1000433c        0x4 
 .fini.__stub   0x10004340       0x50 linker stubs
 *crtbegin.o(.ctors)
 *crtbegin?.o(.ctors)
 *(EXCLUDE_FILE(*crtend.o *crtend?.o) .ctors)
 *(SORT_BY_NAME(.ctors.*))
 *(.ctors)
 *crtbegin.o(.dtors)
 *crtbegin?.o(.dtors)
 *(EXCLUDE_FILE(*crtend.o *crtend?.o) .dtors)
 *(SORT_BY_NAME(.dtors.*))
 *(.dtors)
 *(.eh_frame*)
 .eh_frame      0x10004390        0x0 c:/progra~2/gnuarm~1/102020~1/bin/../lib/gcc/arm-none-eabi/10.2.1/thumb/v6-m/nofp/crtbegin.o
                0x10004390                . = ALIGN (0x4)

.glue_7         0x10004390        0x0
 .glue_7        0x10004390        0x0 linker stubs

.glue_7t        0x10004390        0x0
 .glue_7t       0x10004390        0x0 linker stubs

.vfp11_veneer   0x10004390        0x0
 .vfp11_veneer  0x10004390        0x0 linker stubs

.v4_bx          0x10004390        0x0
 .v4_bx         0x10004390        0x0 linker stubs

.iplt           0x10004390        0x0
 .iplt          0x10004390        0x0 c:/progra~2/gnuarm~1/102020~1/bin/../lib/gcc/arm-none-eabi/10.2.1/thumb/v6-m/nofp/crtbegin.o

.rodata         0x10004390      0xe50
 *(EXCLUDE_FILE(*libm.a: *libc.a:*lib_a-mem*.o *libgcc.a:) .rodata*)
 .rodata.main.str1.4
                0x10004390        0x6 CMakeFiles/SecuenciaLuces.dir/SecuenciaLuces.c.obj
 *fill*         0x10004396        0x2 
 .rodata.repeating_timer_callback.str1.4
                0x10004398       0x57 CMakeFiles/SecuenciaLuces.dir/C_/Users/aguat/Documents/Pico/pico-sdk/src/common/pico_time/time.c.obj
 *fill*         0x100043ef        0x1 
 .rodata.alarm_pool_dump_key.str1.4
                0x100043f0       0x33 CMakeFiles/SecuenciaLuces.dir/C_/Users/aguat/Documents/Pico/pico-sdk/src/common/pico_time/time.c.obj
 *fill*         0x10004423        0x1 
 .rodata.ph_add_child_node.str1.4
                0x10004424       0xa2 CMakeFiles/SecuenciaLuces.dir/C_/Users/aguat/Documents/Pico/pico-sdk/src/common/pico_time/time.c.obj
 *fill*         0x100044c6        0x2 
 .rodata.add_alarm_under_lock.str1.4
                0x100044c8       0x28 CMakeFiles/SecuenciaLuces.dir/C_/Users/aguat/Documents/Pico/pico-sdk/src/common/pico_time/time.c.obj
                                 0x2b (size before relaxing)
 .rodata.alarm_pool_alarm_callback.str1.4
                0x100044f0       0xf2 CMakeFiles/SecuenciaLuces.dir/C_/Users/aguat/Documents/Pico/pico-sdk/src/common/pico_time/time.c.obj
 *fill*         0x100045e2        0x2 
 .rodata.alarm_pool_get_default.str1.4
                0x100045e4       0x21 CMakeFiles/SecuenciaLuces.dir/C_/Users/aguat/Documents/Pico/pico-sdk/src/common/pico_time/time.c.obj
 *fill*         0x10004605        0x3 
 .rodata.sleep_until.str1.4
                0x10004608       0x4d CMakeFiles/SecuenciaLuces.dir/C_/Users/aguat/Documents/Pico/pico-sdk/src/common/pico_time/time.c.obj
 *fill*         0x10004655        0x3 
 .rodata.__func__.10
                0x10004658       0x15 CMakeFiles/SecuenciaLuces.dir/C_/Users/aguat/Documents/Pico/pico-sdk/src/common/pico_time/time.c.obj
 *fill*         0x1000466d        0x3 
 .rodata.__func__.11
                0x10004670       0x1a CMakeFiles/SecuenciaLuces.dir/C_/Users/aguat/Documents/Pico/pico-sdk/src/common/pico_time/time.c.obj
 *fill*         0x1000468a        0x2 
 .rodata.__func__.12
                0x1000468c        0xa CMakeFiles/SecuenciaLuces.dir/C_/Users/aguat/Documents/Pico/pico-sdk/src/common/pico_time/time.c.obj
 *fill*         0x10004696        0x2 
 .rodata.__func__.3
                0x10004698       0x17 CMakeFiles/SecuenciaLuces.dir/C_/Users/aguat/Documents/Pico/pico-sdk/src/common/pico_time/time.c.obj
 *fill*         0x100046af        0x1 
 .rodata.__func__.4
                0x100046b0       0x12 CMakeFiles/SecuenciaLuces.dir/C_/Users/aguat/Documents/Pico/pico-sdk/src/common/pico_time/time.c.obj
 *fill*         0x100046c2        0x2 
 .rodata.__func__.5
                0x100046c4        0xd CMakeFiles/SecuenciaLuces.dir/C_/Users/aguat/Documents/Pico/pico-sdk/src/common/pico_time/time.c.obj
 *fill*         0x100046d1        0x3 
 .rodata.__func__.6
                0x100046d4       0x12 CMakeFiles/SecuenciaLuces.dir/C_/Users/aguat/Documents/Pico/pico-sdk/src/common/pico_time/time.c.obj
 *fill*         0x100046e6        0x2 
 .rodata.__func__.7
                0x100046e8        0xf CMakeFiles/SecuenciaLuces.dir/C_/Users/aguat/Documents/Pico/pico-sdk/src/common/pico_time/time.c.obj
 *fill*         0x100046f7        0x1 
 .rodata.__func__.8
                0x100046f8        0xc CMakeFiles/SecuenciaLuces.dir/C_/Users/aguat/Documents/Pico/pico-sdk/src/common/pico_time/time.c.obj
 .rodata.__func__.9
                0x10004704       0x15 CMakeFiles/SecuenciaLuces.dir/C_/Users/aguat/Documents/Pico/pico-sdk/src/common/pico_time/time.c.obj
 *fill*         0x10004719        0x3 
 .rodata.hardware_alarm_claim.str1.4
                0x1000471c       0x22 CMakeFiles/SecuenciaLuces.dir/C_/Users/aguat/Documents/Pico/pico-sdk/src/rp2_common/hardware_timer/timer.c.obj
 *fill*         0x1000473e        0x2 
 .rodata.hardware_alarm_set_target.str1.4
                0x10004740       0x71 CMakeFiles/SecuenciaLuces.dir/C_/Users/aguat/Documents/Pico/pico-sdk/src/rp2_common/hardware_timer/timer.c.obj
 *fill*         0x100047b1        0x3 
 .rodata.__func__.0
                0x100047b4       0x1a CMakeFiles/SecuenciaLuces.dir/C_/Users/aguat/Documents/Pico/pico-sdk/src/rp2_common/hardware_timer/timer.c.obj
 *fill*         0x100047ce        0x2 
 .rodata.str1.4
                0x100047d0       0x68 CMakeFiles/SecuenciaLuces.dir/C_/Users/aguat/Documents/Pico/pico-sdk/src/common/pico_sync/mutex.c.obj
                                 0xd8 (size before relaxing)
 .rodata.__func__.0
                0x10004838        0xb CMakeFiles/SecuenciaLuces.dir/C_/Users/aguat/Documents/Pico/pico-sdk/src/common/pico_sync/mutex.c.obj
 *fill*         0x10004843        0x1 
 .rodata.__func__.3
                0x10004844       0x15 CMakeFiles/SecuenciaLuces.dir/C_/Users/aguat/Documents/Pico/pico-sdk/src/common/pico_sync/mutex.c.obj
 .rodata.ph_add_child_node.str1.4
                0x10004859       0xa2 CMakeFiles/SecuenciaLuces.dir/C_/Users/aguat/Documents/Pico/pico-sdk/src/common/pico_util/pheap.c.obj
 *fill*         0x10004859        0x3 
 .rodata.ph_remove_any_head.str1.4
                0x1000485c       0x98 CMakeFiles/SecuenciaLuces.dir/C_/Users/aguat/Documents/Pico/pico-sdk/src/common/pico_util/pheap.c.obj
 .rodata.ph_remove_and_free_node.str1.4
                0x100048f4       0x26 CMakeFiles/SecuenciaLuces.dir/C_/Users/aguat/Documents/Pico/pico-sdk/src/common/pico_util/pheap.c.obj
 *fill*         0x1000491a        0x2 
 .rodata.__func__.0
                0x1000491c       0x18 CMakeFiles/SecuenciaLuces.dir/C_/Users/aguat/Documents/Pico/pico-sdk/src/common/pico_util/pheap.c.obj
 .rodata.__func__.1
                0x10004934       0x13 CMakeFiles/SecuenciaLuces.dir/C_/Users/aguat/Documents/Pico/pico-sdk/src/common/pico_util/pheap.c.obj
 *fill*         0x10004947        0x1 
 .rodata.__func__.2
                0x10004948       0x12 CMakeFiles/SecuenciaLuces.dir/C_/Users/aguat/Documents/Pico/pico-sdk/src/common/pico_util/pheap.c.obj
 *fill*         0x1000495a        0x2 
 .rodata.__func__.3
                0x1000495c        0xc CMakeFiles/SecuenciaLuces.dir/C_/Users/aguat/Documents/Pico/pico-sdk/src/common/pico_util/pheap.c.obj
 .rodata.__assert_func.str1.4
                0x10004968       0x3f CMakeFiles/SecuenciaLuces.dir/C_/Users/aguat/Documents/Pico/pico-sdk/src/rp2_common/pico_runtime/runtime.c.obj
                                 0x43 (size before relaxing)
 *fill*         0x100049a7        0x1 
 .rodata.panic.str1.4
                0x100049a8       0x12 CMakeFiles/SecuenciaLuces.dir/C_/Users/aguat/Documents/Pico/pico-sdk/src/rp2_common/pico_runtime/runtime.c.obj
 *fill*         0x100049ba        0x2 
 .rodata.clock_configure.str1.4
                0x100049bc       0x63 CMakeFiles/SecuenciaLuces.dir/C_/Users/aguat/Documents/Pico/pico-sdk/src/rp2_common/hardware_clocks/clocks.c.obj
 *fill*         0x10004a1f        0x1 
 .rodata.__func__.1
                0x10004a20       0x10 CMakeFiles/SecuenciaLuces.dir/C_/Users/aguat/Documents/Pico/pico-sdk/src/rp2_common/hardware_clocks/clocks.c.obj
 .rodata.pll_init.str1.4
                0x10004a30       0xe7 CMakeFiles/SecuenciaLuces.dir/C_/Users/aguat/Documents/Pico/pico-sdk/src/rp2_common/hardware_pll/pll.c.obj
 *fill*         0x10004b17        0x1 
 .rodata.__func__.0
                0x10004b18        0x9 CMakeFiles/SecuenciaLuces.dir/C_/Users/aguat/Documents/Pico/pico-sdk/src/rp2_common/hardware_pll/pll.c.obj
 *fill*         0x10004b21        0x3 
 .rodata.make_branch.str1.4
                0x10004b24       0x59 CMakeFiles/SecuenciaLuces.dir/C_/Users/aguat/Documents/Pico/pico-sdk/src/rp2_common/hardware_irq/irq.c.obj
 *fill*         0x10004b7d        0x3 
 .rodata.irq_set_exclusive_handler.str1.4
                0x10004b80       0x36 CMakeFiles/SecuenciaLuces.dir/C_/Users/aguat/Documents/Pico/pico-sdk/src/rp2_common/hardware_irq/irq.c.obj
 *fill*         0x10004bb6        0x2 
 .rodata.irq_add_shared_handler.str1.4
                0x10004bb8       0xd9 CMakeFiles/SecuenciaLuces.dir/C_/Users/aguat/Documents/Pico/pico-sdk/src/rp2_common/hardware_irq/irq.c.obj
 *fill*         0x10004c91        0x3 
 .rodata.irq_remove_handler.str1.4
                0x10004c94       0x2a CMakeFiles/SecuenciaLuces.dir/C_/Users/aguat/Documents/Pico/pico-sdk/src/rp2_common/hardware_irq/irq.c.obj
 *fill*         0x10004cbe        0x2 
 .rodata.irq_add_tail_to_free_list.str1.4
                0x10004cc0       0x32 CMakeFiles/SecuenciaLuces.dir/C_/Users/aguat/Documents/Pico/pico-sdk/src/rp2_common/hardware_irq/irq.c.obj
                                 0x3a (size before relaxing)
 *fill*         0x10004cf2        0x2 
 .rodata.__func__.0
                0x10004cf4       0x1a CMakeFiles/SecuenciaLuces.dir/C_/Users/aguat/Documents/Pico/pico-sdk/src/rp2_common/hardware_irq/irq.c.obj
 *fill*         0x10004d0e        0x2 
 .rodata.__func__.1
                0x10004d10       0x17 CMakeFiles/SecuenciaLuces.dir/C_/Users/aguat/Documents/Pico/pico-sdk/src/rp2_common/hardware_irq/irq.c.obj
 *fill*         0x10004d27        0x1 
 .rodata.__func__.2
                0x10004d28       0x13 CMakeFiles/SecuenciaLuces.dir/C_/Users/aguat/Documents/Pico/pico-sdk/src/rp2_common/hardware_irq/irq.c.obj
 *fill*         0x10004d3b        0x1 
 .rodata.__func__.3
                0x10004d3c        0xc CMakeFiles/SecuenciaLuces.dir/C_/Users/aguat/Documents/Pico/pico-sdk/src/rp2_common/hardware_irq/irq.c.obj
 .rodata.__func__.4
                0x10004d48        0xf CMakeFiles/SecuenciaLuces.dir/C_/Users/aguat/Documents/Pico/pico-sdk/src/rp2_common/hardware_irq/irq.c.obj
 *fill*         0x10004d57        0x1 
 .rodata.__func__.6
                0x10004d58       0x1a CMakeFiles/SecuenciaLuces.dir/C_/Users/aguat/Documents/Pico/pico-sdk/src/rp2_common/hardware_irq/irq.c.obj
 *fill*         0x10004d72        0x2 
 .rodata._ftoa.str1.4
                0x10004d74       0x15 CMakeFiles/SecuenciaLuces.dir/C_/Users/aguat/Documents/Pico/pico-sdk/src/rp2_common/pico_printf/printf.c.obj
 *fill*         0x10004d89        0x3 
 .rodata._vsnprintf
                0x10004d8c      0x1e0 CMakeFiles/SecuenciaLuces.dir/C_/Users/aguat/Documents/Pico/pico-sdk/src/rp2_common/pico_printf/printf.c.obj
 *fill*         0x10004f6c        0x4 
 .rodata.pow10.0
                0x10004f70       0x50 CMakeFiles/SecuenciaLuces.dir/C_/Users/aguat/Documents/Pico/pico-sdk/src/rp2_common/pico_printf/printf.c.obj
 .rodata.__aeabi_double_init.str1.4
                0x10004fc0       0xb4 CMakeFiles/SecuenciaLuces.dir/C_/Users/aguat/Documents/Pico/pico-sdk/src/rp2_common/pico_double/double_init_rom.c.obj
 .rodata.__func__.0
                0x10005074       0x14 CMakeFiles/SecuenciaLuces.dir/C_/Users/aguat/Documents/Pico/pico-sdk/src/rp2_common/pico_double/double_init_rom.c.obj
 .rodata.__aeabi_float_init.str1.4
                0x10005088       0x86 CMakeFiles/SecuenciaLuces.dir/C_/Users/aguat/Documents/Pico/pico-sdk/src/rp2_common/pico_float/float_init_rom.c.obj
                                 0x8a (size before relaxing)
 *fill*         0x1000510e        0x2 
 .rodata.__func__.0
                0x10005110       0x13 CMakeFiles/SecuenciaLuces.dir/C_/Users/aguat/Documents/Pico/pico-sdk/src/rp2_common/pico_float/float_init_rom.c.obj
 *fill*         0x10005123        0x1 
 .rodata.str1.4
                0x10005124       0x48 CMakeFiles/SecuenciaLuces.dir/C_/Users/aguat/Documents/Pico/pico-sdk/src/rp2_common/pico_standard_link/binary_info.c.obj
 .rodata.__bi_44
                0x1000516c        0xc CMakeFiles/SecuenciaLuces.dir/C_/Users/aguat/Documents/Pico/pico-sdk/src/rp2_common/pico_standard_link/binary_info.c.obj
 .rodata.__bi_56
                0x10005178        0xc CMakeFiles/SecuenciaLuces.dir/C_/Users/aguat/Documents/Pico/pico-sdk/src/rp2_common/pico_standard_link/binary_info.c.obj
 .rodata.__bi_75
                0x10005184        0xc CMakeFiles/SecuenciaLuces.dir/C_/Users/aguat/Documents/Pico/pico-sdk/src/rp2_common/pico_standard_link/binary_info.c.obj
 .rodata.__bi_81
                0x10005190        0xc CMakeFiles/SecuenciaLuces.dir/C_/Users/aguat/Documents/Pico/pico-sdk/src/rp2_common/pico_standard_link/binary_info.c.obj
 .rodata.crlf_str.2
                0x1000519c        0x2 CMakeFiles/SecuenciaLuces.dir/C_/Users/aguat/Documents/Pico/pico-sdk/src/rp2_common/pico_stdio/stdio.c.obj
 *fill*         0x1000519e        0x2 
 .rodata.str1.4
                0x100051a0       0x2c CMakeFiles/SecuenciaLuces.dir/C_/Users/aguat/Documents/Pico/pico-sdk/src/rp2_common/pico_stdio_uart/stdio_uart.c.obj
 .rodata.__bi_28.4
                0x100051cc        0xc CMakeFiles/SecuenciaLuces.dir/C_/Users/aguat/Documents/Pico/pico-sdk/src/rp2_common/pico_stdio_uart/stdio_uart.c.obj
 .rodata.__bi_29.5
                0x100051d8        0x8 CMakeFiles/SecuenciaLuces.dir/C_/Users/aguat/Documents/Pico/pico-sdk/src/rp2_common/pico_stdio_uart/stdio_uart.c.obj
                0x100051e0                . = ALIGN (0x4)
 *(SORT_BY_ALIGNMENT(SORT_BY_NAME(.flashdata*)))
                0x100051e0                . = ALIGN (0x4)

.rel.dyn        0x100051e0        0x0
 .rel.iplt      0x100051e0        0x0 c:/progra~2/gnuarm~1/102020~1/bin/../lib/gcc/arm-none-eabi/10.2.1/thumb/v6-m/nofp/crtbegin.o

.ARM.extab
 *(.ARM.extab* .gnu.linkonce.armextab.*)
                0x100051e0                __exidx_start = .

.ARM.exidx
 *(.ARM.exidx* .gnu.linkonce.armexidx.*)
                0x100051e0                __exidx_end = .
                0x100051e0                . = ALIGN (0x4)
                0x100051e0                __binary_info_start = .

.binary_info    0x100051e0       0x28
 *(.binary_info.keep.*)
 .binary_info.keep.__bi_ptr22
                0x100051e0        0x4 CMakeFiles/SecuenciaLuces.dir/C_/Users/aguat/Documents/Pico/pico-sdk/src/rp2_common/pico_standard_link/binary_info.c.obj
 .binary_info.keep.__bi_ptr30
                0x100051e4        0x4 CMakeFiles/SecuenciaLuces.dir/C_/Users/aguat/Documents/Pico/pico-sdk/src/rp2_common/pico_standard_link/binary_info.c.obj
 .binary_info.keep.__bi_ptr38
                0x100051e8        0x4 CMakeFiles/SecuenciaLuces.dir/C_/Users/aguat/Documents/Pico/pico-sdk/src/rp2_common/pico_standard_link/binary_info.c.obj
 .binary_info.keep.__bi_ptr44
                0x100051ec        0x4 CMakeFiles/SecuenciaLuces.dir/C_/Users/aguat/Documents/Pico/pico-sdk/src/rp2_common/pico_standard_link/binary_info.c.obj
 .binary_info.keep.__bi_ptr50
                0x100051f0        0x4 CMakeFiles/SecuenciaLuces.dir/C_/Users/aguat/Documents/Pico/pico-sdk/src/rp2_common/pico_standard_link/binary_info.c.obj
 .binary_info.keep.__bi_ptr56
                0x100051f4        0x4 CMakeFiles/SecuenciaLuces.dir/C_/Users/aguat/Documents/Pico/pico-sdk/src/rp2_common/pico_standard_link/binary_info.c.obj
 .binary_info.keep.__bi_ptr75
                0x100051f8        0x4 CMakeFiles/SecuenciaLuces.dir/C_/Users/aguat/Documents/Pico/pico-sdk/src/rp2_common/pico_standard_link/binary_info.c.obj
 .binary_info.keep.__bi_ptr81
                0x100051fc        0x4 CMakeFiles/SecuenciaLuces.dir/C_/Users/aguat/Documents/Pico/pico-sdk/src/rp2_common/pico_standard_link/binary_info.c.obj
 *(.binary_info.*)
 .binary_info.__bi_ptr28
                0x10005200        0x4 CMakeFiles/SecuenciaLuces.dir/C_/Users/aguat/Documents/Pico/pico-sdk/src/rp2_common/pico_stdio_uart/stdio_uart.c.obj
 .binary_info.__bi_ptr29
                0x10005204        0x4 CMakeFiles/SecuenciaLuces.dir/C_/Users/aguat/Documents/Pico/pico-sdk/src/rp2_common/pico_stdio_uart/stdio_uart.c.obj
                0x10005208                __binary_info_end = .
                0x10005208                . = ALIGN (0x4)
                0x10005208                __etext = .

.ram_vector_table
                0x20000000       0xc0
 *(.ram_vector_table)
 .ram_vector_table
                0x20000000       0xc0 CMakeFiles/SecuenciaLuces.dir/C_/Users/aguat/Documents/Pico/pico-sdk/src/rp2_common/pico_runtime/runtime.c.obj
                0x20000000                ram_vector_table

.data           0x200000c0      0x1e0 load address 0x10005208
                0x200000c0                __data_start__ = .
 *(vtable)
 *(.time_critical*)
 .time_critical.mutex_enter_blocking
                0x200000c0       0x64 CMakeFiles/SecuenciaLuces.dir/C_/Users/aguat/Documents/Pico/pico-sdk/src/common/pico_sync/mutex.c.obj
                0x200000c0                mutex_enter_blocking
 .time_critical.mutex_try_enter
                0x20000124       0x46 CMakeFiles/SecuenciaLuces.dir/C_/Users/aguat/Documents/Pico/pico-sdk/src/common/pico_sync/mutex.c.obj
                0x20000124                mutex_try_enter
 *fill*         0x2000016a        0x2 
 .time_critical.mutex_exit
                0x2000016c       0x4c CMakeFiles/SecuenciaLuces.dir/C_/Users/aguat/Documents/Pico/pico-sdk/src/common/pico_sync/mutex.c.obj
                0x2000016c                mutex_exit
 *(.text*)
 .text          0x200001b8        0x4 c:/progra~2/gnuarm~1/102020~1/bin/../lib/gcc/arm-none-eabi/10.2.1/thumb/v6-m/nofp\libgcc.a(_dvmd_tls.o)
                0x200001b8                __aeabi_idiv0
                0x200001b8                __aeabi_ldiv0
 *fill*         0x200001bc        0x4 
 .text.__stub   0x200001c0       0x10 linker stubs
                0x200001d0                . = ALIGN (0x4)
 *(.rodata*)
                0x200001d0                . = ALIGN (0x4)
 *(.data*)
 .data.striped_spin_lock_num
                0x200001d0        0x1 CMakeFiles/SecuenciaLuces.dir/C_/Users/aguat/Documents/Pico/pico-sdk/src/rp2_common/hardware_sync/sync.c.obj
 *fill*         0x200001d1        0x3 
 .data.default_alarm_pool
                0x200001d4       0x18 CMakeFiles/SecuenciaLuces.dir/C_/Users/aguat/Documents/Pico/pico-sdk/src/common/pico_time/time.c.obj
 .data.default_alarm_pool_heap
                0x200001ec       0x10 CMakeFiles/SecuenciaLuces.dir/C_/Users/aguat/Documents/Pico/pico-sdk/src/common/pico_time/time.c.obj
 .data          0x200001fc       0x48 CMakeFiles/SecuenciaLuces.dir/C_/Users/aguat/Documents/Pico/pico-sdk/src/rp2_common/hardware_irq/irq_handler_chain.S.obj
                0x200001fc                irq_handler_chain_slots
                0x2000022c                irq_handler_chain_first_slot
                0x20000236                irq_handler_chain_remove_tail
 *fill*         0x20000244        0xc 
 .data.aeabi_bits_funcs
                0x20000250       0x10 CMakeFiles/SecuenciaLuces.dir/C_/Users/aguat/Documents/Pico/pico-sdk/src/rp2_common/pico_bit_ops/bit_ops_aeabi.S.obj
                0x20000250                aeabi_bits_funcs
                0x20000260                aeabi_bits_funcs_end
 .data.aeabi_mem_funcs
                0x20000260       0x10 CMakeFiles/SecuenciaLuces.dir/C_/Users/aguat/Documents/Pico/pico-sdk/src/rp2_common/pico_mem_ops/mem_ops_aeabi.S.obj
                0x20000260                aeabi_mem_funcs
                0x20000270                aeabi_mem_funcs_end
 .data.stdio_uart
                0x20000270       0x14 CMakeFiles/SecuenciaLuces.dir/C_/Users/aguat/Documents/Pico/pico-sdk/src/rp2_common/pico_stdio_uart/stdio_uart.c.obj
                0x20000270                stdio_uart
                0x20000284                . = ALIGN (0x4)
 *(.after_data.*)
                0x20000284                . = ALIGN (0x4)
                0x20000284                PROVIDE (__mutex_array_start = .)
 *(SORT_BY_NAME(.mutex_array.*))
 *(.mutex_array)
 .mutex_array   0x20000284        0x8 CMakeFiles/SecuenciaLuces.dir/C_/Users/aguat/Documents/Pico/pico-sdk/src/rp2_common/pico_stdio/stdio.c.obj
                0x2000028c                PROVIDE (__mutex_array_end = .)
                0x2000028c                . = ALIGN (0x4)
                0x2000028c                PROVIDE (__preinit_array_start = .)
 *(SORT_BY_NAME(.preinit_array.*))
 .preinit_array.00001
                0x2000028c        0x4 CMakeFiles/SecuenciaLuces.dir/C_/Users/aguat/Documents/Pico/pico-sdk/src/rp2_common/pico_mem_ops/mem_ops_aeabi.S.obj
 .preinit_array.00010
                0x20000290        0x4 CMakeFiles/SecuenciaLuces.dir/C_/Users/aguat/Documents/Pico/pico-sdk/src/rp2_common/pico_bit_ops/bit_ops_aeabi.S.obj
 .preinit_array.00020
                0x20000294        0x4 CMakeFiles/SecuenciaLuces.dir/C_/Users/aguat/Documents/Pico/pico-sdk/src/rp2_common/pico_double/double_aeabi.S.obj
 .preinit_array.00020
                0x20000298        0x4 CMakeFiles/SecuenciaLuces.dir/C_/Users/aguat/Documents/Pico/pico-sdk/src/rp2_common/pico_float/float_aeabi.S.obj
 *(.preinit_array)
                0x2000029c                PROVIDE (__preinit_array_end = .)
                0x2000029c                . = ALIGN (0x4)
                0x2000029c                PROVIDE (__init_array_start = .)
 *(SORT_BY_NAME(.init_array.*))
 *(.init_array)
 .init_array    0x2000029c        0x4 c:/progra~2/gnuarm~1/102020~1/bin/../lib/gcc/arm-none-eabi/10.2.1/thumb/v6-m/nofp/crtbegin.o
                0x200002a0                PROVIDE (__init_array_end = .)
                0x200002a0                . = ALIGN (0x4)
                [!provide]                PROVIDE (__fini_array_start = .)
 *(SORT_BY_NAME(.fini_array.*))
 *(.fini_array)
                [!provide]                PROVIDE (__fini_array_end = .)
 *(.jcr)
                0x200002a0                . = ALIGN (0x4)
                0x200002a0                __data_end__ = .

.igot.plt       0x200002a0        0x0 load address 0x100053e8
 .igot.plt      0x200002a0        0x0 c:/progra~2/gnuarm~1/102020~1/bin/../lib/gcc/arm-none-eabi/10.2.1/thumb/v6-m/nofp/crtbegin.o

.uninitialized_data
                0x200002a0        0x0 load address 0x100053e8
                0x200002a0                . = ALIGN (0x4)
 *(.uninitialized_data*)

.scratch_x      0x20040000        0x0 load address 0x100053e8
                0x20040000                __scratch_x_start__ = .
 *(.scratch_x.*)
                0x20040000                . = ALIGN (0x4)
                0x20040000                __scratch_x_end__ = .
                0x100053e8                __scratch_x_source__ = LOADADDR (.scratch_x)

.scratch_y      0x20041000        0x0 load address 0x100053e8
                0x20041000                __scratch_y_start__ = .
 *(.scratch_y.*)
                0x20041000                . = ALIGN (0x4)
                0x20041000                __scratch_y_end__ = .
                0x100053e8                __scratch_y_source__ = LOADADDR (.scratch_y)

.bss            0x200002a0      0x3cc
                0x200002a0                . = ALIGN (0x4)
                0x200002a0                __bss_start__ = .
 *(SORT_BY_ALIGNMENT(SORT_BY_NAME(.bss*)))
 .bss.default_alarm_pool_entries
                0x200002a0      0x100 CMakeFiles/SecuenciaLuces.dir/C_/Users/aguat/Documents/Pico/pico-sdk/src/common/pico_time/time.c.obj
 .bss           0x200003a0       0x1c c:/progra~2/gnuarm~1/102020~1/bin/../lib/gcc/arm-none-eabi/10.2.1/thumb/v6-m/nofp/crtbegin.o
 .bss.alarm_callbacks
                0x200003bc       0x10 CMakeFiles/SecuenciaLuces.dir/C_/Users/aguat/Documents/Pico/pico-sdk/src/rp2_common/hardware_timer/timer.c.obj
 .bss.configured_freq
                0x200003cc       0x28 CMakeFiles/SecuenciaLuces.dir/C_/Users/aguat/Documents/Pico/pico-sdk/src/rp2_common/hardware_clocks/clocks.c.obj
 .bss.default_alarm_pool_entry_ids_high
                0x200003f4       0x10 CMakeFiles/SecuenciaLuces.dir/C_/Users/aguat/Documents/Pico/pico-sdk/src/common/pico_time/time.c.obj
 .bss.default_alarm_pool_heap_nodes
                0x20000404       0x30 CMakeFiles/SecuenciaLuces.dir/C_/Users/aguat/Documents/Pico/pico-sdk/src/common/pico_time/time.c.obj
 .bss.drivers   0x20000434        0x4 CMakeFiles/SecuenciaLuces.dir/C_/Users/aguat/Documents/Pico/pico-sdk/src/rp2_common/pico_stdio/stdio.c.obj
 .bss.filter    0x20000438        0x4 CMakeFiles/SecuenciaLuces.dir/C_/Users/aguat/Documents/Pico/pico-sdk/src/rp2_common/pico_stdio/stdio.c.obj
 .bss.pools     0x2000043c       0x10 CMakeFiles/SecuenciaLuces.dir/C_/Users/aguat/Documents/Pico/pico-sdk/src/common/pico_time/time.c.obj
 .bss.sd_table  0x2000044c      0x100 CMakeFiles/SecuenciaLuces.dir/C_/Users/aguat/Documents/Pico/pico-sdk/src/rp2_common/pico_double/double_init_rom.c.obj
                0x2000044c                sd_table
 .bss.sf_clz_func
                0x2000054c        0x4 CMakeFiles/SecuenciaLuces.dir/C_/Users/aguat/Documents/Pico/pico-sdk/src/rp2_common/pico_float/float_init_rom.c.obj
                0x2000054c                sf_clz_func
 .bss.sf_table  0x20000550      0x100 CMakeFiles/SecuenciaLuces.dir/C_/Users/aguat/Documents/Pico/pico-sdk/src/rp2_common/pico_float/float_init_rom.c.obj
                0x20000550                sf_table
 .bss.target_hi
                0x20000650       0x10 CMakeFiles/SecuenciaLuces.dir/C_/Users/aguat/Documents/Pico/pico-sdk/src/rp2_common/hardware_timer/timer.c.obj
 .bss.uart_char_to_line_feed
                0x20000660        0x4 CMakeFiles/SecuenciaLuces.dir/C_/Users/aguat/Documents/Pico/pico-sdk/src/rp2_common/hardware_uart/uart.c.obj
                0x20000660                uart_char_to_line_feed
 .bss.uart_instance
                0x20000664        0x4 CMakeFiles/SecuenciaLuces.dir/C_/Users/aguat/Documents/Pico/pico-sdk/src/rp2_common/pico_stdio_uart/stdio_uart.c.obj
 .bss.claimed   0x20000668        0x1 CMakeFiles/SecuenciaLuces.dir/C_/Users/aguat/Documents/Pico/pico-sdk/src/rp2_common/hardware_timer/timer.c.obj
 .bss.irq_hander_chain_free_slot_head
                0x20000669        0x1 CMakeFiles/SecuenciaLuces.dir/C_/Users/aguat/Documents/Pico/pico-sdk/src/rp2_common/hardware_irq/irq.c.obj
 .bss.timer_callbacks_pending
                0x2000066a        0x1 CMakeFiles/SecuenciaLuces.dir/C_/Users/aguat/Documents/Pico/pico-sdk/src/rp2_common/hardware_timer/timer.c.obj
 *(COMMON)
                0x2000066c                . = ALIGN (0x4)
 *fill*         0x2000066b        0x1 
                0x2000066c                __bss_end__ = .

.heap           0x2000066c      0x800
                0x2000066c                __end__ = .
                0x2000066c                end = __end__
 *(.heap*)
 .heap          0x2000066c      0x800 CMakeFiles/SecuenciaLuces.dir/C_/Users/aguat/Documents/Pico/pico-sdk/src/rp2_common/pico_standard_link/crt0.S.obj
                0x20000e6c                __HeapLimit = .

.stack1_dummy   0x20040000        0x0
 *(.stack1*)

.stack_dummy    0x20041000      0x800
 *(.stack*)
 .stack         0x20041000      0x800 CMakeFiles/SecuenciaLuces.dir/C_/Users/aguat/Documents/Pico/pico-sdk/src/rp2_common/pico_standard_link/crt0.S.obj

.flash_end      0x100053e8        0x0
                0x100053e8                __flash_binary_end = .
                0x20040000                __StackLimit = (ORIGIN (RAM) + LENGTH (RAM))
                0x20041000                __StackOneTop = (ORIGIN (SCRATCH_X) + LENGTH (SCRATCH_X))
                0x20042000                __StackTop = (ORIGIN (SCRATCH_Y) + LENGTH (SCRATCH_Y))
                0x20041000                __StackOneBottom = (__StackOneTop - SIZEOF (.stack1_dummy))
                0x20041800                __StackBottom = (__StackTop - SIZEOF (.stack_dummy))
                0x20042000                PROVIDE (__stack = __StackTop)
                0x00000001                ASSERT ((__StackLimit >= __HeapLimit), region RAM overflowed)
                0x00000001                ASSERT (((__binary_info_header_end - __logical_binary_start) <= 0x100), Binary info must be in first 256 bytes of the binary)
LOAD CMakeFiles/SecuenciaLuces.dir/SecuenciaLuces.c.obj
LOAD CMakeFiles/SecuenciaLuces.dir/C_/Users/aguat/Documents/Pico/pico-sdk/src/rp2_common/pico_stdlib/stdlib.c.obj
LOAD CMakeFiles/SecuenciaLuces.dir/C_/Users/aguat/Documents/Pico/pico-sdk/src/rp2_common/hardware_gpio/gpio.c.obj
LOAD CMakeFiles/SecuenciaLuces.dir/C_/Users/aguat/Documents/Pico/pico-sdk/src/rp2_common/hardware_claim/claim.c.obj
LOAD CMakeFiles/SecuenciaLuces.dir/C_/Users/aguat/Documents/Pico/pico-sdk/src/rp2_common/hardware_sync/sync.c.obj
LOAD CMakeFiles/SecuenciaLuces.dir/C_/Users/aguat/Documents/Pico/pico-sdk/src/rp2_common/pico_platform/platform.c.obj
LOAD CMakeFiles/SecuenciaLuces.dir/C_/Users/aguat/Documents/Pico/pico-sdk/src/rp2_common/hardware_uart/uart.c.obj
LOAD CMakeFiles/SecuenciaLuces.dir/C_/Users/aguat/Documents/Pico/pico-sdk/src/rp2_common/hardware_divider/divider.S.obj
LOAD CMakeFiles/SecuenciaLuces.dir/C_/Users/aguat/Documents/Pico/pico-sdk/src/common/pico_time/time.c.obj
LOAD CMakeFiles/SecuenciaLuces.dir/C_/Users/aguat/Documents/Pico/pico-sdk/src/common/pico_time/timeout_helper.c.obj
LOAD CMakeFiles/SecuenciaLuces.dir/C_/Users/aguat/Documents/Pico/pico-sdk/src/rp2_common/hardware_timer/timer.c.obj
LOAD CMakeFiles/SecuenciaLuces.dir/C_/Users/aguat/Documents/Pico/pico-sdk/src/common/pico_sync/sem.c.obj
LOAD CMakeFiles/SecuenciaLuces.dir/C_/Users/aguat/Documents/Pico/pico-sdk/src/common/pico_sync/lock_core.c.obj
LOAD CMakeFiles/SecuenciaLuces.dir/C_/Users/aguat/Documents/Pico/pico-sdk/src/common/pico_sync/mutex.c.obj
LOAD CMakeFiles/SecuenciaLuces.dir/C_/Users/aguat/Documents/Pico/pico-sdk/src/common/pico_sync/critical_section.c.obj
LOAD CMakeFiles/SecuenciaLuces.dir/C_/Users/aguat/Documents/Pico/pico-sdk/src/common/pico_util/datetime.c.obj
LOAD CMakeFiles/SecuenciaLuces.dir/C_/Users/aguat/Documents/Pico/pico-sdk/src/common/pico_util/pheap.c.obj
LOAD CMakeFiles/SecuenciaLuces.dir/C_/Users/aguat/Documents/Pico/pico-sdk/src/common/pico_util/queue.c.obj
LOAD CMakeFiles/SecuenciaLuces.dir/C_/Users/aguat/Documents/Pico/pico-sdk/src/rp2_common/pico_runtime/runtime.c.obj
LOAD CMakeFiles/SecuenciaLuces.dir/C_/Users/aguat/Documents/Pico/pico-sdk/src/rp2_common/hardware_clocks/clocks.c.obj
LOAD CMakeFiles/SecuenciaLuces.dir/C_/Users/aguat/Documents/Pico/pico-sdk/src/rp2_common/hardware_watchdog/watchdog.c.obj
LOAD CMakeFiles/SecuenciaLuces.dir/C_/Users/aguat/Documents/Pico/pico-sdk/src/rp2_common/hardware_xosc/xosc.c.obj
LOAD CMakeFiles/SecuenciaLuces.dir/C_/Users/aguat/Documents/Pico/pico-sdk/src/rp2_common/hardware_pll/pll.c.obj
LOAD CMakeFiles/SecuenciaLuces.dir/C_/Users/aguat/Documents/Pico/pico-sdk/src/rp2_common/hardware_vreg/vreg.c.obj
LOAD CMakeFiles/SecuenciaLuces.dir/C_/Users/aguat/Documents/Pico/pico-sdk/src/rp2_common/hardware_irq/irq.c.obj
LOAD CMakeFiles/SecuenciaLuces.dir/C_/Users/aguat/Documents/Pico/pico-sdk/src/rp2_common/hardware_irq/irq_handler_chain.S.obj
LOAD CMakeFiles/SecuenciaLuces.dir/C_/Users/aguat/Documents/Pico/pico-sdk/src/rp2_common/pico_printf/printf.c.obj
LOAD CMakeFiles/SecuenciaLuces.dir/C_/Users/aguat/Documents/Pico/pico-sdk/src/rp2_common/pico_bit_ops/bit_ops_aeabi.S.obj
LOAD CMakeFiles/SecuenciaLuces.dir/C_/Users/aguat/Documents/Pico/pico-sdk/src/rp2_common/pico_bootrom/bootrom.c.obj
LOAD CMakeFiles/SecuenciaLuces.dir/C_/Users/aguat/Documents/Pico/pico-sdk/src/rp2_common/pico_divider/divider.S.obj
LOAD CMakeFiles/SecuenciaLuces.dir/C_/Users/aguat/Documents/Pico/pico-sdk/src/rp2_common/pico_double/double_aeabi.S.obj
LOAD CMakeFiles/SecuenciaLuces.dir/C_/Users/aguat/Documents/Pico/pico-sdk/src/rp2_common/pico_double/double_init_rom.c.obj
LOAD CMakeFiles/SecuenciaLuces.dir/C_/Users/aguat/Documents/Pico/pico-sdk/src/rp2_common/pico_double/double_math.c.obj
LOAD CMakeFiles/SecuenciaLuces.dir/C_/Users/aguat/Documents/Pico/pico-sdk/src/rp2_common/pico_double/double_v1_rom_shim.S.obj
LOAD CMakeFiles/SecuenciaLuces.dir/C_/Users/aguat/Documents/Pico/pico-sdk/src/rp2_common/pico_int64_ops/pico_int64_ops_aeabi.S.obj
LOAD CMakeFiles/SecuenciaLuces.dir/C_/Users/aguat/Documents/Pico/pico-sdk/src/rp2_common/pico_float/float_aeabi.S.obj
LOAD CMakeFiles/SecuenciaLuces.dir/C_/Users/aguat/Documents/Pico/pico-sdk/src/rp2_common/pico_float/float_init_rom.c.obj
LOAD CMakeFiles/SecuenciaLuces.dir/C_/Users/aguat/Documents/Pico/pico-sdk/src/rp2_common/pico_float/float_math.c.obj
LOAD CMakeFiles/SecuenciaLuces.dir/C_/Users/aguat/Documents/Pico/pico-sdk/src/rp2_common/pico_float/float_v1_rom_shim.S.obj
LOAD CMakeFiles/SecuenciaLuces.dir/C_/Users/aguat/Documents/Pico/pico-sdk/src/rp2_common/pico_malloc/pico_malloc.c.obj
LOAD CMakeFiles/SecuenciaLuces.dir/C_/Users/aguat/Documents/Pico/pico-sdk/src/rp2_common/pico_mem_ops/mem_ops_aeabi.S.obj
LOAD CMakeFiles/SecuenciaLuces.dir/C_/Users/aguat/Documents/Pico/pico-sdk/src/rp2_common/pico_standard_link/crt0.S.obj
LOAD CMakeFiles/SecuenciaLuces.dir/C_/Users/aguat/Documents/Pico/pico-sdk/src/rp2_common/pico_standard_link/new_delete.cpp.obj
LOAD CMakeFiles/SecuenciaLuces.dir/C_/Users/aguat/Documents/Pico/pico-sdk/src/rp2_common/pico_standard_link/binary_info.c.obj
LOAD CMakeFiles/SecuenciaLuces.dir/C_/Users/aguat/Documents/Pico/pico-sdk/src/rp2_common/pico_stdio/stdio.c.obj
LOAD CMakeFiles/SecuenciaLuces.dir/C_/Users/aguat/Documents/Pico/pico-sdk/src/rp2_common/pico_stdio_uart/stdio_uart.c.obj
LOAD C:\Users\aguat\AppData\Local\Temp\ccPZ02Cx.o
LOAD c:/progra~2/gnuarm~1/102020~1/bin/../lib/gcc/arm-none-eabi/10.2.1/../../../../arm-none-eabi/lib/thumb/v6-m/nofp\libstdc++.a
LOAD c:/progra~2/gnuarm~1/102020~1/bin/../lib/gcc/arm-none-eabi/10.2.1/../../../../arm-none-eabi/lib/thumb/v6-m/nofp\libm.a
START GROUP
LOAD c:/progra~2/gnuarm~1/102020~1/bin/../lib/gcc/arm-none-eabi/10.2.1/thumb/v6-m/nofp\libgcc.a
LOAD c:/progra~2/gnuarm~1/102020~1/bin/../lib/gcc/arm-none-eabi/10.2.1/../../../../arm-none-eabi/lib/thumb/v6-m/nofp\libg.a
LOAD c:/progra~2/gnuarm~1/102020~1/bin/../lib/gcc/arm-none-eabi/10.2.1/../../../../arm-none-eabi/lib/thumb/v6-m/nofp\libc.a
END GROUP
START GROUP
LOAD c:/progra~2/gnuarm~1/102020~1/bin/../lib/gcc/arm-none-eabi/10.2.1/thumb/v6-m/nofp\libgcc.a
LOAD c:/progra~2/gnuarm~1/102020~1/bin/../lib/gcc/arm-none-eabi/10.2.1/../../../../arm-none-eabi/lib/thumb/v6-m/nofp\libc.a
LOAD c:/progra~2/gnuarm~1/102020~1/bin/../lib/gcc/arm-none-eabi/10.2.1/../../../../arm-none-eabi/lib/thumb/v6-m/nofp\libnosys.a
END GROUP
LOAD c:/progra~2/gnuarm~1/102020~1/bin/../lib/gcc/arm-none-eabi/10.2.1/thumb/v6-m/nofp/crtend.o
LOAD c:/progra~2/gnuarm~1/102020~1/bin/../lib/gcc/arm-none-eabi/10.2.1/thumb/v6-m/nofp/crtn.o
OUTPUT(SecuenciaLuces.elf elf32-littlearm)
LOAD linker stubs

.ARM.attributes
                0x00000000       0x28
 .ARM.attributes
                0x00000000       0x1e c:/progra~2/gnuarm~1/102020~1/bin/../lib/gcc/arm-none-eabi/10.2.1/thumb/v6-m/nofp/crti.o
 .ARM.attributes
                0x0000001e       0x2c c:/progra~2/gnuarm~1/102020~1/bin/../lib/gcc/arm-none-eabi/10.2.1/thumb/v6-m/nofp/crtbegin.o
 .ARM.attributes
                0x0000004a       0x2c CMakeFiles/SecuenciaLuces.dir/SecuenciaLuces.c.obj
 .ARM.attributes
                0x00000076       0x2c CMakeFiles/SecuenciaLuces.dir/C_/Users/aguat/Documents/Pico/pico-sdk/src/rp2_common/hardware_gpio/gpio.c.obj
 .ARM.attributes
                0x000000a2       0x2c CMakeFiles/SecuenciaLuces.dir/C_/Users/aguat/Documents/Pico/pico-sdk/src/rp2_common/hardware_claim/claim.c.obj
 .ARM.attributes
                0x000000ce       0x2c CMakeFiles/SecuenciaLuces.dir/C_/Users/aguat/Documents/Pico/pico-sdk/src/rp2_common/hardware_sync/sync.c.obj
 .ARM.attributes
                0x000000fa       0x2c CMakeFiles/SecuenciaLuces.dir/C_/Users/aguat/Documents/Pico/pico-sdk/src/rp2_common/pico_platform/platform.c.obj
 .ARM.attributes
                0x00000126       0x2c CMakeFiles/SecuenciaLuces.dir/C_/Users/aguat/Documents/Pico/pico-sdk/src/rp2_common/hardware_uart/uart.c.obj
 .ARM.attributes
                0x00000152       0x2c CMakeFiles/SecuenciaLuces.dir/C_/Users/aguat/Documents/Pico/pico-sdk/src/common/pico_time/time.c.obj
 .ARM.attributes
                0x0000017e       0x2c CMakeFiles/SecuenciaLuces.dir/C_/Users/aguat/Documents/Pico/pico-sdk/src/rp2_common/hardware_timer/timer.c.obj
 .ARM.attributes
                0x000001aa       0x2c CMakeFiles/SecuenciaLuces.dir/C_/Users/aguat/Documents/Pico/pico-sdk/src/common/pico_sync/lock_core.c.obj
 .ARM.attributes
                0x000001d6       0x2c CMakeFiles/SecuenciaLuces.dir/C_/Users/aguat/Documents/Pico/pico-sdk/src/common/pico_sync/mutex.c.obj
 .ARM.attributes
                0x00000202       0x2c CMakeFiles/SecuenciaLuces.dir/C_/Users/aguat/Documents/Pico/pico-sdk/src/common/pico_util/pheap.c.obj
 .ARM.attributes
                0x0000022e       0x2c CMakeFiles/SecuenciaLuces.dir/C_/Users/aguat/Documents/Pico/pico-sdk/src/rp2_common/pico_runtime/runtime.c.obj
 .ARM.attributes
                0x0000025a       0x2c CMakeFiles/SecuenciaLuces.dir/C_/Users/aguat/Documents/Pico/pico-sdk/src/rp2_common/hardware_clocks/clocks.c.obj
 .ARM.attributes
                0x00000286       0x2c CMakeFiles/SecuenciaLuces.dir/C_/Users/aguat/Documents/Pico/pico-sdk/src/rp2_common/hardware_watchdog/watchdog.c.obj
 .ARM.attributes
                0x000002b2       0x2c CMakeFiles/SecuenciaLuces.dir/C_/Users/aguat/Documents/Pico/pico-sdk/src/rp2_common/hardware_xosc/xosc.c.obj
 .ARM.attributes
                0x000002de       0x2c CMakeFiles/SecuenciaLuces.dir/C_/Users/aguat/Documents/Pico/pico-sdk/src/rp2_common/hardware_pll/pll.c.obj
 .ARM.attributes
                0x0000030a       0x2c CMakeFiles/SecuenciaLuces.dir/C_/Users/aguat/Documents/Pico/pico-sdk/src/rp2_common/hardware_irq/irq.c.obj
 .ARM.attributes
                0x00000336       0x22 CMakeFiles/SecuenciaLuces.dir/C_/Users/aguat/Documents/Pico/pico-sdk/src/rp2_common/hardware_irq/irq_handler_chain.S.obj
 .ARM.attributes
                0x00000358       0x2c CMakeFiles/SecuenciaLuces.dir/C_/Users/aguat/Documents/Pico/pico-sdk/src/rp2_common/pico_printf/printf.c.obj
 .ARM.attributes
                0x00000384       0x22 CMakeFiles/SecuenciaLuces.dir/C_/Users/aguat/Documents/Pico/pico-sdk/src/rp2_common/pico_bit_ops/bit_ops_aeabi.S.obj
 .ARM.attributes
                0x000003a6       0x2c CMakeFiles/SecuenciaLuces.dir/C_/Users/aguat/Documents/Pico/pico-sdk/src/rp2_common/pico_bootrom/bootrom.c.obj
 .ARM.attributes
                0x000003d2       0x22 CMakeFiles/SecuenciaLuces.dir/C_/Users/aguat/Documents/Pico/pico-sdk/src/rp2_common/pico_divider/divider.S.obj
 .ARM.attributes
                0x000003f4       0x22 CMakeFiles/SecuenciaLuces.dir/C_/Users/aguat/Documents/Pico/pico-sdk/src/rp2_common/pico_double/double_aeabi.S.obj
 .ARM.attributes
                0x00000416       0x2c CMakeFiles/SecuenciaLuces.dir/C_/Users/aguat/Documents/Pico/pico-sdk/src/rp2_common/pico_double/double_init_rom.c.obj
 .ARM.attributes
                0x00000442       0x22 CMakeFiles/SecuenciaLuces.dir/C_/Users/aguat/Documents/Pico/pico-sdk/src/rp2_common/pico_double/double_v1_rom_shim.S.obj
 .ARM.attributes
                0x00000464       0x22 CMakeFiles/SecuenciaLuces.dir/C_/Users/aguat/Documents/Pico/pico-sdk/src/rp2_common/pico_int64_ops/pico_int64_ops_aeabi.S.obj
 .ARM.attributes
                0x00000486       0x22 CMakeFiles/SecuenciaLuces.dir/C_/Users/aguat/Documents/Pico/pico-sdk/src/rp2_common/pico_float/float_aeabi.S.obj
 .ARM.attributes
                0x000004a8       0x2c CMakeFiles/SecuenciaLuces.dir/C_/Users/aguat/Documents/Pico/pico-sdk/src/rp2_common/pico_float/float_init_rom.c.obj
 .ARM.attributes
                0x000004d4       0x22 CMakeFiles/SecuenciaLuces.dir/C_/Users/aguat/Documents/Pico/pico-sdk/src/rp2_common/pico_float/float_v1_rom_shim.S.obj
 .ARM.attributes
                0x000004f6       0x22 CMakeFiles/SecuenciaLuces.dir/C_/Users/aguat/Documents/Pico/pico-sdk/src/rp2_common/pico_mem_ops/mem_ops_aeabi.S.obj
 .ARM.attributes
                0x00000518       0x22 CMakeFiles/SecuenciaLuces.dir/C_/Users/aguat/Documents/Pico/pico-sdk/src/rp2_common/pico_standard_link/crt0.S.obj
 .ARM.attributes
                0x0000053a       0x32 CMakeFiles/SecuenciaLuces.dir/C_/Users/aguat/Documents/Pico/pico-sdk/src/rp2_common/pico_standard_link/binary_info.c.obj
 .ARM.attributes
                0x0000056c       0x2c CMakeFiles/SecuenciaLuces.dir/C_/Users/aguat/Documents/Pico/pico-sdk/src/rp2_common/pico_stdio/stdio.c.obj
 .ARM.attributes
                0x00000598       0x2c CMakeFiles/SecuenciaLuces.dir/C_/Users/aguat/Documents/Pico/pico-sdk/src/rp2_common/pico_stdio_uart/stdio_uart.c.obj
 .ARM.attributes
                0x000005c4       0x22 C:\Users\aguat\AppData\Local\Temp\ccPZ02Cx.o
 .ARM.attributes
                0x000005e6       0x1e c:/progra~2/gnuarm~1/102020~1/bin/../lib/gcc/arm-none-eabi/10.2.1/thumb/v6-m/nofp\libgcc.a(_dvmd_tls.o)
 .ARM.attributes
                0x00000604       0x2c c:/progra~2/gnuarm~1/102020~1/bin/../lib/gcc/arm-none-eabi/10.2.1/../../../../arm-none-eabi/lib/thumb/v6-m/nofp\libg.a(lib_a-strlen-stub.o)

.comment        0x00000000       0x4d
 .comment       0x00000000       0x4d CMakeFiles/SecuenciaLuces.dir/SecuenciaLuces.c.obj
                                 0x4e (size before relaxing)
 .comment       0x0000004d       0x4e CMakeFiles/SecuenciaLuces.dir/C_/Users/aguat/Documents/Pico/pico-sdk/src/rp2_common/hardware_gpio/gpio.c.obj
 .comment       0x0000004d       0x4e CMakeFiles/SecuenciaLuces.dir/C_/Users/aguat/Documents/Pico/pico-sdk/src/rp2_common/hardware_claim/claim.c.obj
 .comment       0x0000004d       0x4e CMakeFiles/SecuenciaLuces.dir/C_/Users/aguat/Documents/Pico/pico-sdk/src/rp2_common/hardware_sync/sync.c.obj
 .comment       0x0000004d       0x4e CMakeFiles/SecuenciaLuces.dir/C_/Users/aguat/Documents/Pico/pico-sdk/src/rp2_common/pico_platform/platform.c.obj
 .comment       0x0000004d       0x4e CMakeFiles/SecuenciaLuces.dir/C_/Users/aguat/Documents/Pico/pico-sdk/src/rp2_common/hardware_uart/uart.c.obj
 .comment       0x0000004d       0x4e CMakeFiles/SecuenciaLuces.dir/C_/Users/aguat/Documents/Pico/pico-sdk/src/common/pico_time/time.c.obj
 .comment       0x0000004d       0x4e CMakeFiles/SecuenciaLuces.dir/C_/Users/aguat/Documents/Pico/pico-sdk/src/rp2_common/hardware_timer/timer.c.obj
 .comment       0x0000004d       0x4e CMakeFiles/SecuenciaLuces.dir/C_/Users/aguat/Documents/Pico/pico-sdk/src/common/pico_sync/lock_core.c.obj
 .comment       0x0000004d       0x4e CMakeFiles/SecuenciaLuces.dir/C_/Users/aguat/Documents/Pico/pico-sdk/src/common/pico_sync/mutex.c.obj
 .comment       0x0000004d       0x4e CMakeFiles/SecuenciaLuces.dir/C_/Users/aguat/Documents/Pico/pico-sdk/src/common/pico_util/pheap.c.obj
 .comment       0x0000004d       0x4e CMakeFiles/SecuenciaLuces.dir/C_/Users/aguat/Documents/Pico/pico-sdk/src/rp2_common/pico_runtime/runtime.c.obj
 .comment       0x0000004d       0x4e CMakeFiles/SecuenciaLuces.dir/C_/Users/aguat/Documents/Pico/pico-sdk/src/rp2_common/hardware_clocks/clocks.c.obj
 .comment       0x0000004d       0x4e CMakeFiles/SecuenciaLuces.dir/C_/Users/aguat/Documents/Pico/pico-sdk/src/rp2_common/hardware_watchdog/watchdog.c.obj
 .comment       0x0000004d       0x4e CMakeFiles/SecuenciaLuces.dir/C_/Users/aguat/Documents/Pico/pico-sdk/src/rp2_common/hardware_xosc/xosc.c.obj
 .comment       0x0000004d       0x4e CMakeFiles/SecuenciaLuces.dir/C_/Users/aguat/Documents/Pico/pico-sdk/src/rp2_common/hardware_pll/pll.c.obj
 .comment       0x0000004d       0x4e CMakeFiles/SecuenciaLuces.dir/C_/Users/aguat/Documents/Pico/pico-sdk/src/rp2_common/hardware_irq/irq.c.obj
 .comment       0x0000004d       0x4e CMakeFiles/SecuenciaLuces.dir/C_/Users/aguat/Documents/Pico/pico-sdk/src/rp2_common/pico_printf/printf.c.obj
 .comment       0x0000004d       0x4e CMakeFiles/SecuenciaLuces.dir/C_/Users/aguat/Documents/Pico/pico-sdk/src/rp2_common/pico_bootrom/bootrom.c.obj
 .comment       0x0000004d       0x4e CMakeFiles/SecuenciaLuces.dir/C_/Users/aguat/Documents/Pico/pico-sdk/src/rp2_common/pico_double/double_init_rom.c.obj
 .comment       0x0000004d       0x4e CMakeFiles/SecuenciaLuces.dir/C_/Users/aguat/Documents/Pico/pico-sdk/src/rp2_common/pico_float/float_init_rom.c.obj
 .comment       0x0000004d       0x4e CMakeFiles/SecuenciaLuces.dir/C_/Users/aguat/Documents/Pico/pico-sdk/src/rp2_common/pico_standard_link/binary_info.c.obj
 .comment       0x0000004d       0x4e CMakeFiles/SecuenciaLuces.dir/C_/Users/aguat/Documents/Pico/pico-sdk/src/rp2_common/pico_stdio/stdio.c.obj
 .comment       0x0000004d       0x4e CMakeFiles/SecuenciaLuces.dir/C_/Users/aguat/Documents/Pico/pico-sdk/src/rp2_common/pico_stdio_uart/stdio_uart.c.obj

.debug_info     0x00000000    0x11e75
 .debug_info    0x00000000      0xaeb CMakeFiles/SecuenciaLuces.dir/SecuenciaLuces.c.obj
 .debug_info    0x00000aeb     0x1141 CMakeFiles/SecuenciaLuces.dir/C_/Users/aguat/Documents/Pico/pico-sdk/src/rp2_common/hardware_gpio/gpio.c.obj
 .debug_info    0x00001c2c      0x620 CMakeFiles/SecuenciaLuces.dir/C_/Users/aguat/Documents/Pico/pico-sdk/src/rp2_common/hardware_claim/claim.c.obj
 .debug_info    0x0000224c      0x4a5 CMakeFiles/SecuenciaLuces.dir/C_/Users/aguat/Documents/Pico/pico-sdk/src/rp2_common/hardware_sync/sync.c.obj
 .debug_info    0x000026f1      0x1e3 CMakeFiles/SecuenciaLuces.dir/C_/Users/aguat/Documents/Pico/pico-sdk/src/rp2_common/pico_platform/platform.c.obj
 .debug_info    0x000028d4      0xb64 CMakeFiles/SecuenciaLuces.dir/C_/Users/aguat/Documents/Pico/pico-sdk/src/rp2_common/hardware_uart/uart.c.obj
 .debug_info    0x00003438     0x37d9 CMakeFiles/SecuenciaLuces.dir/C_/Users/aguat/Documents/Pico/pico-sdk/src/common/pico_time/time.c.obj
 .debug_info    0x00006c11     0x1043 CMakeFiles/SecuenciaLuces.dir/C_/Users/aguat/Documents/Pico/pico-sdk/src/rp2_common/hardware_timer/timer.c.obj
 .debug_info    0x00007c54      0x17b CMakeFiles/SecuenciaLuces.dir/C_/Users/aguat/Documents/Pico/pico-sdk/src/common/pico_sync/lock_core.c.obj
 .debug_info    0x00007dcf      0xdb9 CMakeFiles/SecuenciaLuces.dir/C_/Users/aguat/Documents/Pico/pico-sdk/src/common/pico_sync/mutex.c.obj
 .debug_info    0x00008b88     0x120c CMakeFiles/SecuenciaLuces.dir/C_/Users/aguat/Documents/Pico/pico-sdk/src/common/pico_util/pheap.c.obj
 .debug_info    0x00009d94      0x975 CMakeFiles/SecuenciaLuces.dir/C_/Users/aguat/Documents/Pico/pico-sdk/src/rp2_common/pico_runtime/runtime.c.obj
 .debug_info    0x0000a709     0x1068 CMakeFiles/SecuenciaLuces.dir/C_/Users/aguat/Documents/Pico/pico-sdk/src/rp2_common/hardware_clocks/clocks.c.obj
 .debug_info    0x0000b771      0x49c CMakeFiles/SecuenciaLuces.dir/C_/Users/aguat/Documents/Pico/pico-sdk/src/rp2_common/hardware_watchdog/watchdog.c.obj
 .debug_info    0x0000bc0d      0x214 CMakeFiles/SecuenciaLuces.dir/C_/Users/aguat/Documents/Pico/pico-sdk/src/rp2_common/hardware_xosc/xosc.c.obj
 .debug_info    0x0000be21      0x3b0 CMakeFiles/SecuenciaLuces.dir/C_/Users/aguat/Documents/Pico/pico-sdk/src/rp2_common/hardware_pll/pll.c.obj
 .debug_info    0x0000c1d1     0x18ff CMakeFiles/SecuenciaLuces.dir/C_/Users/aguat/Documents/Pico/pico-sdk/src/rp2_common/hardware_irq/irq.c.obj
 .debug_info    0x0000dad0       0x26 CMakeFiles/SecuenciaLuces.dir/C_/Users/aguat/Documents/Pico/pico-sdk/src/rp2_common/hardware_irq/irq_handler_chain.S.obj
 .debug_info    0x0000daf6     0x1a5f CMakeFiles/SecuenciaLuces.dir/C_/Users/aguat/Documents/Pico/pico-sdk/src/rp2_common/pico_printf/printf.c.obj
 .debug_info    0x0000f555       0x22 CMakeFiles/SecuenciaLuces.dir/C_/Users/aguat/Documents/Pico/pico-sdk/src/rp2_common/pico_bit_ops/bit_ops_aeabi.S.obj
 .debug_info    0x0000f577      0x231 CMakeFiles/SecuenciaLuces.dir/C_/Users/aguat/Documents/Pico/pico-sdk/src/rp2_common/pico_bootrom/bootrom.c.obj
 .debug_info    0x0000f7a8       0x22 CMakeFiles/SecuenciaLuces.dir/C_/Users/aguat/Documents/Pico/pico-sdk/src/rp2_common/pico_divider/divider.S.obj
 .debug_info    0x0000f7ca       0x22 CMakeFiles/SecuenciaLuces.dir/C_/Users/aguat/Documents/Pico/pico-sdk/src/rp2_common/pico_double/double_aeabi.S.obj
 .debug_info    0x0000f7ec      0x2a0 CMakeFiles/SecuenciaLuces.dir/C_/Users/aguat/Documents/Pico/pico-sdk/src/rp2_common/pico_double/double_init_rom.c.obj
 .debug_info    0x0000fa8c       0x22 CMakeFiles/SecuenciaLuces.dir/C_/Users/aguat/Documents/Pico/pico-sdk/src/rp2_common/pico_double/double_v1_rom_shim.S.obj
 .debug_info    0x0000faae       0x26 CMakeFiles/SecuenciaLuces.dir/C_/Users/aguat/Documents/Pico/pico-sdk/src/rp2_common/pico_int64_ops/pico_int64_ops_aeabi.S.obj
 .debug_info    0x0000fad4       0x22 CMakeFiles/SecuenciaLuces.dir/C_/Users/aguat/Documents/Pico/pico-sdk/src/rp2_common/pico_float/float_aeabi.S.obj
 .debug_info    0x0000faf6      0x2e9 CMakeFiles/SecuenciaLuces.dir/C_/Users/aguat/Documents/Pico/pico-sdk/src/rp2_common/pico_float/float_init_rom.c.obj
 .debug_info    0x0000fddf       0x22 CMakeFiles/SecuenciaLuces.dir/C_/Users/aguat/Documents/Pico/pico-sdk/src/rp2_common/pico_float/float_v1_rom_shim.S.obj
 .debug_info    0x0000fe01       0x22 CMakeFiles/SecuenciaLuces.dir/C_/Users/aguat/Documents/Pico/pico-sdk/src/rp2_common/pico_mem_ops/mem_ops_aeabi.S.obj
 .debug_info    0x0000fe23       0x22 CMakeFiles/SecuenciaLuces.dir/C_/Users/aguat/Documents/Pico/pico-sdk/src/rp2_common/pico_standard_link/crt0.S.obj
 .debug_info    0x0000fe45      0x327 CMakeFiles/SecuenciaLuces.dir/C_/Users/aguat/Documents/Pico/pico-sdk/src/rp2_common/pico_standard_link/binary_info.c.obj
 .debug_info    0x0001016c     0x10dc CMakeFiles/SecuenciaLuces.dir/C_/Users/aguat/Documents/Pico/pico-sdk/src/rp2_common/pico_stdio/stdio.c.obj
 .debug_info    0x00011248      0xc2d CMakeFiles/SecuenciaLuces.dir/C_/Users/aguat/Documents/Pico/pico-sdk/src/rp2_common/pico_stdio_uart/stdio_uart.c.obj

.debug_abbrev   0x00000000     0x3ca2
 .debug_abbrev  0x00000000      0x1e6 CMakeFiles/SecuenciaLuces.dir/SecuenciaLuces.c.obj
 .debug_abbrev  0x000001e6      0x2f1 CMakeFiles/SecuenciaLuces.dir/C_/Users/aguat/Documents/Pico/pico-sdk/src/rp2_common/hardware_gpio/gpio.c.obj
 .debug_abbrev  0x000004d7      0x249 CMakeFiles/SecuenciaLuces.dir/C_/Users/aguat/Documents/Pico/pico-sdk/src/rp2_common/hardware_claim/claim.c.obj
 .debug_abbrev  0x00000720      0x1f8 CMakeFiles/SecuenciaLuces.dir/C_/Users/aguat/Documents/Pico/pico-sdk/src/rp2_common/hardware_sync/sync.c.obj
 .debug_abbrev  0x00000918       0xeb CMakeFiles/SecuenciaLuces.dir/C_/Users/aguat/Documents/Pico/pico-sdk/src/rp2_common/pico_platform/platform.c.obj
 .debug_abbrev  0x00000a03      0x2d2 CMakeFiles/SecuenciaLuces.dir/C_/Users/aguat/Documents/Pico/pico-sdk/src/rp2_common/hardware_uart/uart.c.obj
 .debug_abbrev  0x00000cd5      0x531 CMakeFiles/SecuenciaLuces.dir/C_/Users/aguat/Documents/Pico/pico-sdk/src/common/pico_time/time.c.obj
 .debug_abbrev  0x00001206      0x321 CMakeFiles/SecuenciaLuces.dir/C_/Users/aguat/Documents/Pico/pico-sdk/src/rp2_common/hardware_timer/timer.c.obj
 .debug_abbrev  0x00001527      0x114 CMakeFiles/SecuenciaLuces.dir/C_/Users/aguat/Documents/Pico/pico-sdk/src/common/pico_sync/lock_core.c.obj
 .debug_abbrev  0x0000163b      0x306 CMakeFiles/SecuenciaLuces.dir/C_/Users/aguat/Documents/Pico/pico-sdk/src/common/pico_sync/mutex.c.obj
 .debug_abbrev  0x00001941      0x297 CMakeFiles/SecuenciaLuces.dir/C_/Users/aguat/Documents/Pico/pico-sdk/src/common/pico_util/pheap.c.obj
 .debug_abbrev  0x00001bd8      0x32d CMakeFiles/SecuenciaLuces.dir/C_/Users/aguat/Documents/Pico/pico-sdk/src/rp2_common/pico_runtime/runtime.c.obj
 .debug_abbrev  0x00001f05      0x388 CMakeFiles/SecuenciaLuces.dir/C_/Users/aguat/Documents/Pico/pico-sdk/src/rp2_common/hardware_clocks/clocks.c.obj
 .debug_abbrev  0x0000228d      0x1b1 CMakeFiles/SecuenciaLuces.dir/C_/Users/aguat/Documents/Pico/pico-sdk/src/rp2_common/hardware_watchdog/watchdog.c.obj
 .debug_abbrev  0x0000243e      0x12c CMakeFiles/SecuenciaLuces.dir/C_/Users/aguat/Documents/Pico/pico-sdk/src/rp2_common/hardware_xosc/xosc.c.obj
 .debug_abbrev  0x0000256a      0x1cf CMakeFiles/SecuenciaLuces.dir/C_/Users/aguat/Documents/Pico/pico-sdk/src/rp2_common/hardware_pll/pll.c.obj
 .debug_abbrev  0x00002739      0x47c CMakeFiles/SecuenciaLuces.dir/C_/Users/aguat/Documents/Pico/pico-sdk/src/rp2_common/hardware_irq/irq.c.obj
 .debug_abbrev  0x00002bb5       0x14 CMakeFiles/SecuenciaLuces.dir/C_/Users/aguat/Documents/Pico/pico-sdk/src/rp2_common/hardware_irq/irq_handler_chain.S.obj
 .debug_abbrev  0x00002bc9      0x384 CMakeFiles/SecuenciaLuces.dir/C_/Users/aguat/Documents/Pico/pico-sdk/src/rp2_common/pico_printf/printf.c.obj
 .debug_abbrev  0x00002f4d       0x12 CMakeFiles/SecuenciaLuces.dir/C_/Users/aguat/Documents/Pico/pico-sdk/src/rp2_common/pico_bit_ops/bit_ops_aeabi.S.obj
 .debug_abbrev  0x00002f5f       0xf8 CMakeFiles/SecuenciaLuces.dir/C_/Users/aguat/Documents/Pico/pico-sdk/src/rp2_common/pico_bootrom/bootrom.c.obj
 .debug_abbrev  0x00003057       0x12 CMakeFiles/SecuenciaLuces.dir/C_/Users/aguat/Documents/Pico/pico-sdk/src/rp2_common/pico_divider/divider.S.obj
 .debug_abbrev  0x00003069       0x12 CMakeFiles/SecuenciaLuces.dir/C_/Users/aguat/Documents/Pico/pico-sdk/src/rp2_common/pico_double/double_aeabi.S.obj
 .debug_abbrev  0x0000307b      0x166 CMakeFiles/SecuenciaLuces.dir/C_/Users/aguat/Documents/Pico/pico-sdk/src/rp2_common/pico_double/double_init_rom.c.obj
 .debug_abbrev  0x000031e1       0x12 CMakeFiles/SecuenciaLuces.dir/C_/Users/aguat/Documents/Pico/pico-sdk/src/rp2_common/pico_double/double_v1_rom_shim.S.obj
 .debug_abbrev  0x000031f3       0x14 CMakeFiles/SecuenciaLuces.dir/C_/Users/aguat/Documents/Pico/pico-sdk/src/rp2_common/pico_int64_ops/pico_int64_ops_aeabi.S.obj
 .debug_abbrev  0x00003207       0x12 CMakeFiles/SecuenciaLuces.dir/C_/Users/aguat/Documents/Pico/pico-sdk/src/rp2_common/pico_float/float_aeabi.S.obj
 .debug_abbrev  0x00003219      0x179 CMakeFiles/SecuenciaLuces.dir/C_/Users/aguat/Documents/Pico/pico-sdk/src/rp2_common/pico_float/float_init_rom.c.obj
 .debug_abbrev  0x00003392       0x12 CMakeFiles/SecuenciaLuces.dir/C_/Users/aguat/Documents/Pico/pico-sdk/src/rp2_common/pico_float/float_v1_rom_shim.S.obj
 .debug_abbrev  0x000033a4       0x12 CMakeFiles/SecuenciaLuces.dir/C_/Users/aguat/Documents/Pico/pico-sdk/src/rp2_common/pico_mem_ops/mem_ops_aeabi.S.obj
 .debug_abbrev  0x000033b6       0x12 CMakeFiles/SecuenciaLuces.dir/C_/Users/aguat/Documents/Pico/pico-sdk/src/rp2_common/pico_standard_link/crt0.S.obj
 .debug_abbrev  0x000033c8       0xad CMakeFiles/SecuenciaLuces.dir/C_/Users/aguat/Documents/Pico/pico-sdk/src/rp2_common/pico_standard_link/binary_info.c.obj
 .debug_abbrev  0x00003475      0x4a7 CMakeFiles/SecuenciaLuces.dir/C_/Users/aguat/Documents/Pico/pico-sdk/src/rp2_common/pico_stdio/stdio.c.obj
 .debug_abbrev  0x0000391c      0x386 CMakeFiles/SecuenciaLuces.dir/C_/Users/aguat/Documents/Pico/pico-sdk/src/rp2_common/pico_stdio_uart/stdio_uart.c.obj

.debug_loc      0x00000000     0xc299
 .debug_loc     0x00000000      0x586 CMakeFiles/SecuenciaLuces.dir/SecuenciaLuces.c.obj
 .debug_loc     0x00000586      0xafe CMakeFiles/SecuenciaLuces.dir/C_/Users/aguat/Documents/Pico/pico-sdk/src/rp2_common/hardware_gpio/gpio.c.obj
 .debug_loc     0x00001084      0x457 CMakeFiles/SecuenciaLuces.dir/C_/Users/aguat/Documents/Pico/pico-sdk/src/rp2_common/hardware_claim/claim.c.obj
 .debug_loc     0x000014db      0x1d7 CMakeFiles/SecuenciaLuces.dir/C_/Users/aguat/Documents/Pico/pico-sdk/src/rp2_common/hardware_sync/sync.c.obj
 .debug_loc     0x000016b2       0xe9 CMakeFiles/SecuenciaLuces.dir/C_/Users/aguat/Documents/Pico/pico-sdk/src/rp2_common/pico_platform/platform.c.obj
 .debug_loc     0x0000179b      0x50b CMakeFiles/SecuenciaLuces.dir/C_/Users/aguat/Documents/Pico/pico-sdk/src/rp2_common/hardware_uart/uart.c.obj
 .debug_loc     0x00001ca6     0x2c96 CMakeFiles/SecuenciaLuces.dir/C_/Users/aguat/Documents/Pico/pico-sdk/src/common/pico_time/time.c.obj
 .debug_loc     0x0000493c      0x8de CMakeFiles/SecuenciaLuces.dir/C_/Users/aguat/Documents/Pico/pico-sdk/src/rp2_common/hardware_timer/timer.c.obj
 .debug_loc     0x0000521a       0x60 CMakeFiles/SecuenciaLuces.dir/C_/Users/aguat/Documents/Pico/pico-sdk/src/common/pico_sync/lock_core.c.obj
 .debug_loc     0x0000527a      0x6e1 CMakeFiles/SecuenciaLuces.dir/C_/Users/aguat/Documents/Pico/pico-sdk/src/common/pico_sync/mutex.c.obj
 .debug_loc     0x0000595b     0x1439 CMakeFiles/SecuenciaLuces.dir/C_/Users/aguat/Documents/Pico/pico-sdk/src/common/pico_util/pheap.c.obj
 .debug_loc     0x00006d94      0x3c2 CMakeFiles/SecuenciaLuces.dir/C_/Users/aguat/Documents/Pico/pico-sdk/src/rp2_common/pico_runtime/runtime.c.obj
 .debug_loc     0x00007156      0x890 CMakeFiles/SecuenciaLuces.dir/C_/Users/aguat/Documents/Pico/pico-sdk/src/rp2_common/hardware_clocks/clocks.c.obj
 .debug_loc     0x000079e6      0x267 CMakeFiles/SecuenciaLuces.dir/C_/Users/aguat/Documents/Pico/pico-sdk/src/rp2_common/hardware_watchdog/watchdog.c.obj
 .debug_loc     0x00007c4d       0x71 CMakeFiles/SecuenciaLuces.dir/C_/Users/aguat/Documents/Pico/pico-sdk/src/rp2_common/hardware_xosc/xosc.c.obj
 .debug_loc     0x00007cbe      0x228 CMakeFiles/SecuenciaLuces.dir/C_/Users/aguat/Documents/Pico/pico-sdk/src/rp2_common/hardware_pll/pll.c.obj
 .debug_loc     0x00007ee6     0x1186 CMakeFiles/SecuenciaLuces.dir/C_/Users/aguat/Documents/Pico/pico-sdk/src/rp2_common/hardware_irq/irq.c.obj
 .debug_loc     0x0000906c     0x2095 CMakeFiles/SecuenciaLuces.dir/C_/Users/aguat/Documents/Pico/pico-sdk/src/rp2_common/pico_printf/printf.c.obj
 .debug_loc     0x0000b101      0x16f CMakeFiles/SecuenciaLuces.dir/C_/Users/aguat/Documents/Pico/pico-sdk/src/rp2_common/pico_bootrom/bootrom.c.obj
 .debug_loc     0x0000b270       0x59 CMakeFiles/SecuenciaLuces.dir/C_/Users/aguat/Documents/Pico/pico-sdk/src/rp2_common/pico_double/double_init_rom.c.obj
 .debug_loc     0x0000b2c9       0x73 CMakeFiles/SecuenciaLuces.dir/C_/Users/aguat/Documents/Pico/pico-sdk/src/rp2_common/pico_float/float_init_rom.c.obj
 .debug_loc     0x0000b33c      0xa11 CMakeFiles/SecuenciaLuces.dir/C_/Users/aguat/Documents/Pico/pico-sdk/src/rp2_common/pico_stdio/stdio.c.obj
 .debug_loc     0x0000bd4d      0x54c CMakeFiles/SecuenciaLuces.dir/C_/Users/aguat/Documents/Pico/pico-sdk/src/rp2_common/pico_stdio_uart/stdio_uart.c.obj

.debug_aranges  0x00000000      0xcc8
 .debug_aranges
                0x00000000       0x20 CMakeFiles/SecuenciaLuces.dir/SecuenciaLuces.c.obj
 .debug_aranges
                0x00000020       0xa0 CMakeFiles/SecuenciaLuces.dir/C_/Users/aguat/Documents/Pico/pico-sdk/src/rp2_common/hardware_gpio/gpio.c.obj
 .debug_aranges
                0x000000c0       0x48 CMakeFiles/SecuenciaLuces.dir/C_/Users/aguat/Documents/Pico/pico-sdk/src/rp2_common/hardware_claim/claim.c.obj
 .debug_aranges
                0x00000108       0x50 CMakeFiles/SecuenciaLuces.dir/C_/Users/aguat/Documents/Pico/pico-sdk/src/rp2_common/hardware_sync/sync.c.obj
 .debug_aranges
                0x00000158       0x28 CMakeFiles/SecuenciaLuces.dir/C_/Users/aguat/Documents/Pico/pico-sdk/src/rp2_common/pico_platform/platform.c.obj
 .debug_aranges
                0x00000180       0x40 CMakeFiles/SecuenciaLuces.dir/C_/Users/aguat/Documents/Pico/pico-sdk/src/rp2_common/hardware_uart/uart.c.obj
 .debug_aranges
                0x000001c0       0xd0 CMakeFiles/SecuenciaLuces.dir/C_/Users/aguat/Documents/Pico/pico-sdk/src/common/pico_time/time.c.obj
 .debug_aranges
                0x00000290       0x68 CMakeFiles/SecuenciaLuces.dir/C_/Users/aguat/Documents/Pico/pico-sdk/src/rp2_common/hardware_timer/timer.c.obj
 .debug_aranges
                0x000002f8       0x20 CMakeFiles/SecuenciaLuces.dir/C_/Users/aguat/Documents/Pico/pico-sdk/src/common/pico_sync/lock_core.c.obj
 .debug_aranges